Release 14.7 - xst P.20131013 (nt64)
Copyright (c) 1995-2013 Xilinx, Inc.  All rights reserved.
--> Parameter TMPDIR set to xst/projnav.tmp


Total REAL time to Xst completion: 0.00 secs
Total CPU time to Xst completion: 0.11 secs
 
--> Parameter xsthdpdir set to xst


Total REAL time to Xst completion: 0.00 secs
Total CPU time to Xst completion: 0.11 secs
 
--> Reading design: cpumodule.prj

TABLE OF CONTENTS
  1) Synthesis Options Summary
  2) HDL Compilation
  3) Design Hierarchy Analysis
  4) HDL Analysis
  5) HDL Synthesis
     5.1) HDL Synthesis Report
  6) Advanced HDL Synthesis
     6.1) Advanced HDL Synthesis Report
  7) Low Level Synthesis
  8) Partition Report
  9) Final Report

=========================================================================
*                      Synthesis Options Summary                        *
=========================================================================
---- Source Parameters
Input File Name                    : "cpumodule.prj"
Input Format                       : mixed
Ignore Synthesis Constraint File   : NO

---- Target Parameters
Output File Name                   : "cpumodule"
Output Format                      : NGC
Target Device                      : XC9500 CPLDs

---- Source Options
Top Module Name                    : cpumodule
Automatic FSM Extraction           : YES
FSM Encoding Algorithm             : Auto
Safe Implementation                : No
Mux Extraction                     : Yes
Resource Sharing                   : YES

---- Target Options
Add IO Buffers                     : YES
MACRO Preserve                     : YES
XOR Preserve                       : YES
Equivalent register Removal        : YES

---- General Options
Optimization Goal                  : Speed
Optimization Effort                : 1
Keep Hierarchy                     : Yes
Netlist Hierarchy                  : As_Optimized
RTL Output                         : Yes
Hierarchy Separator                : /
Bus Delimiter                      : <>
Case Specifier                     : Maintain
Verilog 2001                       : YES

---- Other Options
wysiwyg                            : NO

=========================================================================


=========================================================================
*                          HDL Compilation                              *
=========================================================================
Compiling vhdl file "C:/github/RS65816/RS65816/cpumodule.vhd" in Library work.
Entity <cpumodule> compiled.
Entity <cpumodule> (Architecture <behavioral>) compiled.

=========================================================================
*                     Design Hierarchy Analysis                         *
=========================================================================
Analyzing hierarchy for entity <cpumodule> in library <work> (architecture <behavioral>).


=========================================================================
*                            HDL Analysis                               *
=========================================================================
Analyzing Entity <cpumodule> in library <work> (Architecture <behavioral>).
Entity <cpumodule> analyzed. Unit <cpumodule> generated.


=========================================================================
*                           HDL Synthesis                               *
=========================================================================

Performing bidirectional port resolution...

Synthesizing Unit <cpumodule>.
    Related source file is "C:/github/RS65816/RS65816/cpumodule.vhd".
    Found 1-bit register for signal <io>.
    Found 1-bit register for signal <rom>.
    Found 4-bit comparator greatequal for signal <cas$cmp_ge0000> created at line 101.
    Found 4-bit comparator greatequal for signal <cas$cmp_ge0001> created at line 101.
    Found 4-bit comparator lessequal for signal <cas$cmp_le0000> created at line 101.
    Found 4-bit comparator lessequal for signal <cas$cmp_le0001> created at line 101.
    Found 3-bit up counter for signal <counter>.
    Found 3-bit register for signal <iocnt>.
    Found 3-bit adder for signal <iocnt$addsub0000> created at line 80.
    Found 4-bit comparator lessequal for signal <phi0$cmp_le0000> created at line 95.
    Found 4-bit comparator greatequal for signal <ras$cmp_ge0000> created at line 98.
    Found 4-bit comparator lessequal for signal <ras$cmp_le0000> created at line 98.
    Found 8-bit down counter for signal <refcnt>.
    Summary:
	inferred   2 Counter(s).
	inferred   2 D-type flip-flop(s).
	inferred   1 Adder/Subtractor(s).
	inferred   7 Comparator(s).
Unit <cpumodule> synthesized.


=========================================================================
HDL Synthesis Report

Macro Statistics
# Adders/Subtractors                                   : 1
 3-bit adder                                           : 1
# Counters                                             : 2
 3-bit up counter                                      : 1
 8-bit down counter                                    : 1
# Registers                                            : 3
 1-bit register                                        : 2
 3-bit register                                        : 1
# Comparators                                          : 7
 4-bit comparator greatequal                           : 3
 4-bit comparator lessequal                            : 4

=========================================================================

=========================================================================
*                       Advanced HDL Synthesis                          *
=========================================================================


=========================================================================
Advanced HDL Synthesis Report

Macro Statistics
# Adders/Subtractors                                   : 1
 3-bit adder                                           : 1
# Counters                                             : 2
 3-bit up counter                                      : 1
 8-bit down counter                                    : 1
# Registers                                            : 2
 Flip-Flops                                            : 2

=========================================================================

=========================================================================
*                         Low Level Synthesis                           *
=========================================================================

Optimizing unit <cpumodule> ...
  implementation constraint: INIT=r	 : refcnt_4
  implementation constraint: INIT=r	 : refcnt_7
  implementation constraint: INIT=s	 : refcnt_1
  implementation constraint: INIT=r	 : refcnt_3
  implementation constraint: INIT=r	 : iocnt_2
  implementation constraint: INIT=r	 : refcnt_6
  implementation constraint: INIT=r	 : refcnt_5
  implementation constraint: INIT=r	 : refcnt_2
  implementation constraint: INIT=r	 : counter_2
  implementation constraint: INIT=r	 : iocnt_1
  implementation constraint: INIT=r	 : counter_0
  implementation constraint: INIT=r	 : counter_1
  implementation constraint: INIT=s	 : refcnt_0
  implementation constraint: INIT=r	 : iocnt_0

=========================================================================
*                           Partition Report                            *
=========================================================================

Partition Implementation Status
-------------------------------

  No Partitions were found in this design.

-------------------------------

=========================================================================
*                            Final Report                               *
=========================================================================
Final Results
RTL Top Level Output File Name     : cpumodule.ngr
Top Level Output File Name         : cpumodule
Output Format                      : NGC
Optimization Goal                  : Speed
Keep Hierarchy                     : Yes
Target Technology                  : XC9500 CPLDs
Macro Preserve                     : YES
XOR Preserve                       : YES
wysiwyg                            : NO

Design Statistics
# IOs                              : 19

Cell Usage :
# BELS                             : 225
#      AND2                        : 61
#      AND3                        : 10
#      AND4                        : 7
#      AND8                        : 2
#      INV                         : 97
#      OR2                         : 29
#      OR3                         : 6
#      XOR2                        : 13
# FlipFlops/Latches                : 16
#      FD                          : 16
# IO Buffers                       : 19
#      IBUF                        : 14
#      OBUF                        : 5
=========================================================================


Total REAL time to Xst completion: 2.00 secs
Total CPU time to Xst completion: 2.07 secs
 
--> 

Total memory usage is 4481808 kilobytes

Number of errors   :    0 (   0 filtered)
Number of warnings :    0 (   0 filtered)
Number of infos    :    0 (   0 filtered)

