  Mon Sep 14 2026  7:48                                                                                                    Page 1


                                               ***************************************
                                               **      WDC 65C816 Macro Assembler   **
                                               **                                   **
                                               **     Version 3.49.1- Feb  6 2006    **
                                               ***************************************

     1                        ;:ts=8
     2             00000001   R0	equ	1
     3             00000005   R1	equ	5
     4             00000009   R2	equ	9
     5             0000000D   R3	equ	13
     6                        ;#define configTOTAL_HEAP_SIZE_STACK (56*1024U)
     7                        ;#define configAPPLICATION_ALLOCATED_STACK 1
     8                        ;
     9                        ;/*
    10                        ; * FreeRTOS Kernel V11.3.1
    11                        ; * Copyright (C) 2021 Amazon.com, Inc. or its affiliates. All Rights Reserved.
    12                        ; *
    13                        ; * SPDX-License-Identifier: MIT
    14                        ; *
    15                        ; * Permission is hereby granted, free of charge, to any person obtaining a copy of
    16                        ; * this software and associated documentation files (the "Software"), to deal in
    17                        ; * the Software without restriction, including without limitation the rights to
    18                        ; * use, copy, modify, merge, publish, distribute, sublicense, and/or sell copies of
    19                        ; * the Software, and to permit persons to whom the Software is furnished to do so,
    20                        ; * subject to the following conditions:
    21                        ; *
    22                        ; * The above copyright notice and this permission notice shall be included in all
    23                        ; * copies or substantial portions of the Software.
    24                        ; *
    25                        ; * THE SOFTWARE IS PROVIDED "AS IS", WITHOUT WARRANTY OF ANY KIND, EXPRESS OR
    26                        ; * IMPLIED, INCLUDING BUT NOT LIMITED TO THE WARRANTIES OF MERCHANTABILITY, FITNESS
    27                        ; * FOR A PARTICULAR PURPOSE AND NONINFRINGEMENT. IN NO EVENT SHALL THE AUTHORS OR
    28                        ; * COPYRIGHT HOLDERS BE LIABLE FOR ANY CLAIM, DAMAGES OR OTHER LIABILITY, WHETHER
    29                        ; * IN AN ACTION OF CONTRACT, TORT OR OTHERWISE, ARISING FROM, OUT OF OR IN
    30                        ; * CONNECTION WITH THE SOFTWARE OR THE USE OR OTHER DEALINGS IN THE SOFTWARE.
    31                        ; *
    32                        ; * https://www.FreeRTOS.org
    33                        ; * https://github.com/FreeRTOS
    34                        ; *
    35                        ; */
    36                        ;
    37                        ;/*
    38                        ; * A sample implementation of pvPortMalloc() and vPortFree() that combines
    39                        ; * (coalescences) adjacent memory blocks as they are freed, and in so doing
    40                        ; * limits memory fragmentation.
    41                        ; *
    42                        ; * See heap_1.c, heap_2.c and heap_3.c for alternative implementations, and the
    43                        ; * memory management pages of https://www.FreeRTOS.org for more information.
    44                        ; */
    45                        ;#include <stdlib.h>
    46                        ;#include <string.h>
    47                        ;
    48                        ;/* Defining MPU_WRAPPERS_INCLUDED_FROM_API_FILE prevents task.h from redefining
    49                        ; * all the API functions to use the MPU wrappers.  That should only be done when
    50                        ; * task.h is included from an application file. */
    51                        ;#define MPU_WRAPPERS_INCLUDED_FROM_API_FILE
    52                        ;
  Mon Sep 14 2026  7:48                                                                                                    Page 2


    53                        ;#include "FreeRTOS.h"
    54                        ;#include "task.h"
    55                        ;
    56                        ;#undef MPU_WRAPPERS_INCLUDED_FROM_API_FILE
    57                        ;
    58                        ;#if ( configSUPPORT_DYNAMIC_ALLOCATION == 0 )
    59                        ;    #error This file must not be used if configSUPPORT_DYNAMIC_ALLOCATION is 0
    60                        ;#endif
    61                        ;
    62                        ;#ifndef configHEAP_CLEAR_MEMORY_ON_FREE
    63                        ;    #define configHEAP_CLEAR_MEMORY_ON_FREE    0
    64                        ;#endif
    65                        ;
    66                        ;/* Block sizes must not get too small. */
    67                        ;#define heapMINIMUM_BLOCK_SIZE    ( ( size_t ) ( xHeapStructSize << 1 ) )
    68                        ;
    69                        ;/* Assumes 8bit bytes! */
    70                        ;#define heapBITS_PER_BYTE         ( ( size_t ) 8 )
    71                        ;
    72                        ;/* Max value that fits in a size_t type. */
    73                        ;#define heapSIZE_MAX              ( ~( ( size_t ) 0 ) )
    74                        ;
    75                        ;/* Check if multiplying a and b will result in overflow. */
    76                        ;#define heapMULTIPLY_WILL_OVERFLOW( a, b )     ( ( ( a ) > 0 ) && ( ( b ) > ( heapSIZE_MAX / ( a ) ) 
                    ) )
    77                        ;
    78                        ;/* Check if adding a and b will result in overflow. */
    79                        ;#define heapADD_WILL_OVERFLOW( a, b )          ( ( a ) > ( heapSIZE_MAX - ( b ) ) )
    80                        ;
    81                        ;/* Check if the subtraction operation ( a - b ) will result in underflow. */
    82                        ;#define heapSUBTRACT_WILL_UNDERFLOW( a, b )    ( ( a ) < ( b ) )
    83                        ;
    84                        ;/* MSB of the xBlockSize member of an BlockLink_t structure is used to track
    85                        ; * the allocation status of a block.  When MSB of the xBlockSize member of
    86                        ; * an BlockLink_t structure is set then the block belongs to the application.
    87                        ; * When the bit is free the block is still part of the free heap space. */
    88                        ;#define heapBLOCK_ALLOCATED_BITMASK    ( ( ( size_t ) 1 ) << ( ( sizeof( size_t ) * heapBITS_PER_BYTE
                     ) - 1 ) )
    89                        ;#define heapBLOCK_SIZE_IS_VALID( xBlockSize )    ( ( ( xBlockSize ) & heapBLOCK_ALLOCATED_BITMASK ) =
                    = 0 )
    90                        ;#define heapBLOCK_IS_ALLOCATED( pxBlock )        ( ( ( pxBlock->xBlockSize ) & heapBLOCK_ALLOCATED_BI
                    TMASK ) != 0 )
    91                        ;#define heapALLOCATE_BLOCK( pxBlock )            ( ( pxBlock->xBlockSize ) |= heapBLOCK_ALLOCATED_BIT
                    MASK )
    92                        ;#define heapFREE_BLOCK( pxBlock )                ( ( pxBlock->xBlockSize ) &= ~heapBLOCK_ALLOCATED_BI
                    TMASK )
    93                        ;
    94                        ;/*-----------------------------------------------------------*/
    95                        ;
    96                        ;/* Allocate the memory for the heap. */
    97                        ;#if ( configAPPLICATION_ALLOCATED_STACK == 1 )
    98                        ;
    99                        ;/* The application writer has already defined the array used for the RTOS
   100                        ; * heap - probably so it can be placed in a special segment or address. */
   101                        ;    extern uint8_t ucHeapStack[ configTOTAL_HEAP_SIZE_STACK ];
   102                        ;#else
   103                        ;    PRIVILEGED_DATA static uint8_t ucHeapStack[ configTOTAL_HEAP_SIZE_STACK ];
   104                        ;#endif /* configAPPLICATION_ALLOCATED_STACK */
  Mon Sep 14 2026  7:48                                                                                                    Page 3


   105                        ;
   106                        ;/* Define the linked list structure.  This is used to link free blocks in order
   107                        ; * of their memory address. */
   108                        ;typedef struct A_BLOCK_LINK
   109                        ;{
   110                        ;    struct A_BLOCK_LINK * pxNextFreeBlock; /**< The next free block in the list. */
   111                        ;    size_t xBlockSize;                     /**< The size of the free block. */
   112                        ;} BlockLink_t;
   113                        ;
   114                        ;/* Setting configENABLE_HEAP_PROTECTOR to 1 enables heap block pointers
   115                        ; * protection using an application supplied canary value to catch heap
   116                        ; * corruption should a heap buffer overflow occur.
   117                        ; */
   118                        ;#if ( configENABLE_HEAP_PROTECTOR == 1 )
   119                        ;
   120                        ;/**
   121                        ; * @brief Application provided function to get a random value to be used as canary.
   122                        ; *
   123                        ; * @param pxHeapCanary [out] Output parameter to return the canary value.
   124                        ; */
   125                        ;    extern void vApplicationGetRandomHeapCanary( portPOINTER_SIZE_TYPE * pxHeapCanary );
   126                        ;
   127                        ;/* Canary value for protecting internal heap pointers. */
   128                        ;    PRIVILEGED_DATA static portPOINTER_SIZE_TYPE xHeapCanary;
   129                        ;
   130                        ;/* Macro to load/store BlockLink_t pointers to memory. By XORing the
   131                        ; * pointers with a random canary value, heap overflows will result
   132                        ; * in randomly unpredictable pointer values which will be caught by
   133                        ; * heapVALIDATE_BLOCK_POINTER assert. */
   134                        ;    #define heapPROTECT_BLOCK_POINTER( pxBlock )    ( ( BlockLink_t * ) ( ( ( portPOINTER_SIZE_TYPE )
                     ( pxBlock ) ) ^ xHeapCanary ) )
   135                        ;#else
   136                        ;
   137                        ;    #define heapPROTECT_BLOCK_POINTER( pxBlock )    ( pxBlock )
   138                        ;
   139                        ;#endif /* configENABLE_HEAP_PROTECTOR */
   140                        ;
   141                        ;/* Assert that a heap block pointer is within the heap bounds. */
   142                        ;#define heapVALIDATE_BLOCK_POINTER( pxBlock )                          \
   143                        ;    configASSERT( ( ( uint8_t * ) ( pxBlock ) >= &( ucHeapStack[ 0 ] ) ) && \
   144                        ;                  ( ( uint8_t * ) ( pxBlock ) <= &( ucHeapStack[ configTOTAL_HEAP_SIZE_STACK - 1 ] ) 
                    ) )
   145                        ;
   146                        ;/*-----------------------------------------------------------*/
   147                        ;
   148                        ;/*
   149                        ; * Inserts a block of memory that is being freed into the correct position in
   150                        ; * the list of free memory blocks.  The block being freed will be merged with
   151                        ; * the block in front it and/or the block behind it if the memory blocks are
   152                        ; * adjacent to each other.
   153                        ; */
   154                        ;static void prvInsertBlockIntoFreeList( BlockLink_t * pxBlockToInsert ) PRIVILEGED_FUNCTION;
   155                        ;
   156                        ;/*
   157                        ; * Called automatically to setup the required heap structures the first time
   158                        ; * pvPortMalloc() is called.
   159                        ; */
   160                        ;static void prvHeapInit( void ) PRIVILEGED_FUNCTION;
  Mon Sep 14 2026  7:48                                                                                                    Page 4


   161                        ;
   162                        ;/*-----------------------------------------------------------*/
   163                        ;
   164                        ;/* The size of the structure placed at the beginning of each allocated memory
   165                        ; * block must by correctly byte aligned. */
   166                        ;static const size_t xHeapStructSize = ( sizeof( BlockLink_t ) + ( ( size_t ) ( portBYTE_ALIGNMENT - 1
                     ) ) ) & ~( ( size_t ) portBYTE_ALIGNMENT_MASK );
   167                        	data
   168                        _~xHeapStructSize:
   169 00:0000: 06 00        	dw	$6
   170 00:0002:              	ends
   171                        ;
   172                        ;/* Create a couple of list links to mark the start and end of the list. */
   173                        ;PRIVILEGED_DATA static BlockLink_t xStart;
   174                        ;PRIVILEGED_DATA static BlockLink_t * pxEnd = NULL;
   175                        	data
   176                        _~pxEnd:
   177 00:0002: 00 00 00 00  	dl	$0
   178 00:0006:              	ends
   179                        ;
   180                        ;/* Keeps track of the number of calls to allocate and free memory as well as the
   181                        ; * number of free bytes remaining, but says nothing about fragmentation. */
   182                        ;PRIVILEGED_DATA static size_t xFreeBytesRemaining = ( size_t ) 0U;
   183                        	data
   184                        _~xFreeBytesRemaining:
   185 00:0006: 00 00        	dw	$0
   186 00:0008:              	ends
   187                        ;PRIVILEGED_DATA static size_t xMinimumEverFreeBytesRemaining = ( size_t ) 0U;
   188                        	data
   189                        _~xMinimumEverFreeBytesRemaining:
   190 00:0008: 00 00        	dw	$0
   191 00:000A:              	ends
   192                        ;PRIVILEGED_DATA static size_t xNumberOfSuccessfulAllocations = ( size_t ) 0U;
   193                        	data
   194                        _~xNumberOfSuccessfulAllocations:
   195 00:000A: 00 00        	dw	$0
   196 00:000C:              	ends
   197                        ;PRIVILEGED_DATA static size_t xNumberOfSuccessfulFrees = ( size_t ) 0U;
   198                        	data
   199                        _~xNumberOfSuccessfulFrees:
   200 00:000C: 00 00        	dw	$0
   201 00:000E:              	ends
   202                        ;
   203                        ;/*-----------------------------------------------------------*/
   204                        ;
   205                        ;void * pvPortMallocStack( size_t xWantedSize )
   206                        ;{
   207                        	code
   208                        	xdef	_~pvPortMallocStack
   209                        	func
   210                        _~pvPortMallocStack:
   211                        	longa	on
   212                        	longi	on
   213 00:0000: 3B           	tsc
   214 00:0001: 38           	sec
   215 00:0002: E9 18 00     	sbc	#L2
   216 00:0005: 1B           	tcs
   217 00:0006: 0B           	phd
  Mon Sep 14 2026  7:48                                                                                                    Page 5


   218 00:0007: 5B           	tcd
   219             00000003   xWantedSize_0	set	3
   220                        ;    BlockLink_t * pxBlock;
   221                        ;    BlockLink_t * pxPreviousBlock;
   222                        ;    BlockLink_t * pxNewBlockLink;
   223                        ;    void * pvReturn = NULL;
   224                        ;    size_t xAdditionalRequiredSize;
   225                        ;    size_t xAllocatedBlockSize = 0;
   226                        ;
   227                        ;    if( xWantedSize > 0 )
   228             00000000   pxBlock_1	set	0
   229             00000004   pxPreviousBlock_1	set	4
   230             00000008   pxNewBlockLink_1	set	8
   231             0000000C   pvReturn_1	set	12
   232             00000010   xAdditionalRequiredSize_1	set	16
   233             00000012   xAllocatedBlockSize_1	set	18
   234 00:0008: 64 11        	stz	<L3+pvReturn_1
   235 00:000A: 64 13        	stz	<L3+pvReturn_1+2
   236 00:000C: 64 17        	stz	<L3+xAllocatedBlockSize_1
   237                        ;    {
   238 00:000E: A9 00 00     	lda	#$0
   239 00:0011: C5 1B        	cmp	<L2+xWantedSize_0
   240 00:0013: B0 24        	bcs	L10008
   241                        ;        /* The wanted size must be increased so it can contain a BlockLink_t
   242                        ;         * structure in addition to the requested amount of bytes. */
   243                        ;        if( heapADD_WILL_OVERFLOW( xWantedSize, xHeapStructSize ) == 0 )
   244                        ;        {
   245 00:0015: A5 1B        	lda	<L2+xWantedSize_0
   246 00:0017: 85 01        	sta	<R0
   247 00:0019: 64 03        	stz	<R0+2
   248 00:001B: 38           	sec
   249 00:001C: A9 F9 FF     	lda	#$fff9
   250 00:001F: E5 01        	sbc	<R0
   251 00:0021: A9 00 00     	lda	#$0
   252 00:0024: E5 03        	sbc	<R0+2
   253 00:0026: 70 03        	bvs	L5
   254 00:0028: 49 00 80     	eor	#$8000
   255                        L5:
   256 00:002B: 10 0A        	bpl	L10002
   257                        ;            xWantedSize += xHeapStructSize;
   258 00:002D: A9 06 00     	lda	#$6
   259 00:0030: 18           	clc
   260 00:0031: 65 1B        	adc	<L2+xWantedSize_0
   261 00:0033: 85 1B        	sta	<L2+xWantedSize_0
   262                        ;
   263                        ;            /* Ensure that blocks are always aligned to the required number
   264                        ;             * of bytes. */
   265                        ;            if( ( xWantedSize & portBYTE_ALIGNMENT_MASK ) != 0x00 )
   266                        ;            {
   267 00:0035: 80 02        	bra	L10008
   268                        ;                /* Byte alignment required. */
   269                        ;                xAdditionalRequiredSize = portBYTE_ALIGNMENT - ( xWantedSize & portBYTE_ALIGNMENT_MAS
                    K );
   270                        ;
   271                        ;                if( heapADD_WILL_OVERFLOW( xWantedSize, xAdditionalRequiredSize ) == 0 )
   272                        ;                {
   273                        ;                    xWantedSize += xAdditionalRequiredSize;
   274                        ;                }
  Mon Sep 14 2026  7:48                                                                                                    Page 6


   275                        ;                else
   276                        ;                {
   277                        ;                    xWantedSize = 0;
   278                        ;                }
   279                        ;            }
   280                        ;            else
   281                        ;            {
   282                        ;                mtCOVERAGE_TEST_MARKER();
   283                        ;            }
   284                        ;        }
   285                        ;        else
   286                        L10002:
   287                        ;        {
   288                        ;            xWantedSize = 0;
   289 00:0037: 64 1B        	stz	<L2+xWantedSize_0
   290                        ;        }
   291                        ;    }
   292                        ;    else
   293                        ;    {
   294                        ;        mtCOVERAGE_TEST_MARKER();
   295                        ;    }
   296                        L10008:
   297                        ;
   298                        ;    vTaskSuspendAll();
   299 00:0039: 20 xx xx     	jsr	_~vTaskSuspendAll
   300                        ;    {
   301                        ;        /* If this is the first call to malloc then the heap will require
   302                        ;         * initialisation to setup the list of free blocks. */
   303                        ;        if( pxEnd == NULL )
   304                        ;        {
   305 00:003C: AD xx xx     	lda	|_~pxEnd
   306 00:003F: 0D xx xx     	ora	|_~pxEnd+2
   307 00:0042: D0 03        	bne	L10010
   308                        ;            prvHeapInit();
   309 00:0044: 20 xx xx     	jsr	_~prvHeapInit
   310                        ;        }
   311                        ;        else
   312                        ;        {
   313                        ;            mtCOVERAGE_TEST_MARKER();
   314                        ;        }
   315                        L10010:
   316                        ;
   317                        ;        /* Check the block size we are trying to allocate is not so large that the
   318                        ;         * top bit is set.  The top bit of the block size member of the BlockLink_t
   319                        ;         * structure is used to determine who owns the block - the application or
   320                        ;         * the kernel, so it must be free. */
   321                        ;        if( heapBLOCK_SIZE_IS_VALID( xWantedSize ) != 0 )
   322                        ;        {
   323 00:0047: A5 1B        	lda	<L2+xWantedSize_0
   324 00:0049: 29 00 80     	and	#<$8000
   325 00:004C: F0 03        	beq	*+5
   326 00:004E: 82 80 01     	brl	L10057
   327                        ;            if( ( xWantedSize > 0 ) && ( xWantedSize <= xFreeBytesRemaining ) )
   328                        ;            {
   329 00:0051: A9 00 00     	lda	#$0
   330 00:0054: C5 1B        	cmp	<L2+xWantedSize_0
   331 00:0056: 90 03        	bcc	*+5
   332 00:0058: 82 76 01     	brl	L10057
  Mon Sep 14 2026  7:48                                                                                                    Page 7


   333 00:005B: AD xx xx     	lda	|_~xFreeBytesRemaining
   334 00:005E: C5 1B        	cmp	<L2+xWantedSize_0
   335 00:0060: B0 03        	bcs	*+5
   336 00:0062: 82 6C 01     	brl	L10057
   337                        ;                /* Traverse the list from the start (lowest address) block until
   338                        ;                 * one of adequate size is found. */
   339                        ;                pxPreviousBlock = &xStart;
   340 00:0065: A9 xx xx     	lda	#<_~xStart
   341 00:0068: 85 09        	sta	<L3+pxPreviousBlock_1
   342                        	xref	_BEG_DATA
   343 00:006A: A9 xx xx     	lda	#_BEG_DATA>>16
   344 00:006D: 85 0B        	sta	<L3+pxPreviousBlock_1+2
   345                        ;                pxBlock = heapPROTECT_BLOCK_POINTER( xStart.pxNextFreeBlock );
   346 00:006F: AD xx xx     	lda	|_~xStart
   347 00:0072: 85 05        	sta	<L3+pxBlock_1
   348 00:0074: AD xx xx     	lda	|_~xStart+2
   349 00:0077: 85 07        	sta	<L3+pxBlock_1+2
   350                        ;                heapVALIDATE_BLOCK_POINTER( pxBlock );
   351 00:0079: A9 xx xx     	lda	#<_~ucHeapStack
   352 00:007C: 85 01        	sta	<R0
   353                        	xref	_BEG_DATA
   354 00:007E: A9 xx xx     	lda	#_BEG_DATA>>16
   355 00:0081: 85 03        	sta	<R0+2
   356 00:0083: A5 05        	lda	<L3+pxBlock_1
   357 00:0085: C5 01        	cmp	<R0
   358 00:0087: A5 07        	lda	<L3+pxBlock_1+2
   359 00:0089: E5 03        	sbc	<R0+2
   360 00:008B: 90 14        	bcc	L10017
   361 00:008D: A9 xx xx     	lda	#<_~ucHeapStack+57343
   362 00:0090: 85 01        	sta	<R0
   363                        	xref	_BEG_DATA
   364 00:0092: A9 xx xx     	lda	#_BEG_DATA>>16
   365 00:0095: 85 03        	sta	<R0+2
   366 00:0097: A5 01        	lda	<R0
   367 00:0099: C5 05        	cmp	<L3+pxBlock_1
   368 00:009B: A5 03        	lda	<R0+2
   369 00:009D: E5 07        	sbc	<L3+pxBlock_1+2
   370 00:009F: B0 02        	bcs	L10020
   371                        L10017:
   372 00:00A1: 80 FE        	bra	L10017
   373                        ;
   374                        ;                while( ( pxBlock->xBlockSize < xWantedSize ) && ( pxBlock->pxNextFreeBlock != heapPRO
                    TECT_BLOCK_POINTER( NULL ) ) )
   375                        ;                }
   376                        L10020:
   377 00:00A3: A0 04 00     	ldy	#$4
   378 00:00A6: B7 05        	lda	[<L3+pxBlock_1],Y
   379 00:00A8: C5 1B        	cmp	<L2+xWantedSize_0
   380 00:00AA: B0 4A        	bcs	L10021
   381 00:00AC: A7 05        	lda	[<L3+pxBlock_1]
   382 00:00AE: 88           	dey
   383 00:00AF: 88           	dey
   384 00:00B0: 17 05        	ora	[<L3+pxBlock_1],Y
   385 00:00B2: F0 42        	beq	L10021
   386                        ;                {
   387                        ;                    pxPreviousBlock = pxBlock;
   388 00:00B4: A5 05        	lda	<L3+pxBlock_1
   389 00:00B6: 85 09        	sta	<L3+pxPreviousBlock_1
  Mon Sep 14 2026  7:48                                                                                                    Page 8


   390 00:00B8: A5 07        	lda	<L3+pxBlock_1+2
   391 00:00BA: 85 0B        	sta	<L3+pxPreviousBlock_1+2
   392                        ;                    pxBlock = heapPROTECT_BLOCK_POINTER( pxBlock->pxNextFreeBlock );
   393 00:00BC: A7 05        	lda	[<L3+pxBlock_1]
   394 00:00BE: 85 01        	sta	<R0
   395 00:00C0: B7 05        	lda	[<L3+pxBlock_1],Y
   396 00:00C2: 85 03        	sta	<R0+2
   397 00:00C4: A5 01        	lda	<R0
   398 00:00C6: 85 05        	sta	<L3+pxBlock_1
   399 00:00C8: A5 03        	lda	<R0+2
   400 00:00CA: 85 07        	sta	<L3+pxBlock_1+2
   401                        ;                    heapVALIDATE_BLOCK_POINTER( pxBlock );
   402 00:00CC: A9 xx xx     	lda	#<_~ucHeapStack
   403 00:00CF: 85 01        	sta	<R0
   404                        	xref	_BEG_DATA
   405 00:00D1: A9 xx xx     	lda	#_BEG_DATA>>16
   406 00:00D4: 85 03        	sta	<R0+2
   407 00:00D6: A5 05        	lda	<L3+pxBlock_1
   408 00:00D8: C5 01        	cmp	<R0
   409 00:00DA: A5 07        	lda	<L3+pxBlock_1+2
   410 00:00DC: E5 03        	sbc	<R0+2
   411 00:00DE: 90 14        	bcc	L10026
   412 00:00E0: A9 xx xx     	lda	#<_~ucHeapStack+57343
   413 00:00E3: 85 01        	sta	<R0
   414                        	xref	_BEG_DATA
   415 00:00E5: A9 xx xx     	lda	#_BEG_DATA>>16
   416 00:00E8: 85 03        	sta	<R0+2
   417 00:00EA: A5 01        	lda	<R0
   418 00:00EC: C5 05        	cmp	<L3+pxBlock_1
   419 00:00EE: A5 03        	lda	<R0+2
   420 00:00F0: E5 07        	sbc	<L3+pxBlock_1+2
   421 00:00F2: B0 AF        	bcs	L10020
   422                        L10026:
   423 00:00F4: 80 FE        	bra	L10026
   424                        L10021:
   425                        ;
   426                        ;                /* If the end marker was reached then a block of adequate size
   427                        ;                 * was not found. */
   428                        ;                if( pxBlock != pxEnd )
   429                        ;                {
   430 00:00F6: A5 05        	lda	<L3+pxBlock_1
   431 00:00F8: CD xx xx     	cmp	|_~pxEnd
   432 00:00FB: D0 05        	bne	L20
   433 00:00FD: A5 07        	lda	<L3+pxBlock_1+2
   434 00:00FF: CD xx xx     	cmp	|_~pxEnd+2
   435                        L20:
   436 00:0102: D0 03        	bne	*+5
   437 00:0104: 82 CA 00     	brl	L10057
   438                        ;                    /* Return the memory space pointed to - jumping over the
   439                        ;                     * BlockLink_t structure at its start. */
   440                        ;                    pvReturn = ( void * ) ( ( ( uint8_t * ) heapPROTECT_BLOCK_POINTER( pxPreviousBloc
                    k->pxNextFreeBlock ) ) + xHeapStructSize );
   441 00:0107: A9 06 00     	lda	#$6
   442 00:010A: 18           	clc
   443 00:010B: 67 09        	adc	[<L3+pxPreviousBlock_1]
   444 00:010D: 85 11        	sta	<L3+pvReturn_1
   445 00:010F: A9 00 00     	lda	#$0
   446 00:0112: A0 02 00     	ldy	#$2
  Mon Sep 14 2026  7:48                                                                                                    Page 9


   447 00:0115: 77 09        	adc	[<L3+pxPreviousBlock_1],Y
   448 00:0117: 85 13        	sta	<L3+pvReturn_1+2
   449                        ;                    heapVALIDATE_BLOCK_POINTER( pvReturn );
   450 00:0119: A9 xx xx     	lda	#<_~ucHeapStack
   451 00:011C: 85 01        	sta	<R0
   452                        	xref	_BEG_DATA
   453 00:011E: A9 xx xx     	lda	#_BEG_DATA>>16
   454 00:0121: 85 03        	sta	<R0+2
   455 00:0123: A5 11        	lda	<L3+pvReturn_1
   456 00:0125: C5 01        	cmp	<R0
   457 00:0127: A5 13        	lda	<L3+pvReturn_1+2
   458 00:0129: E5 03        	sbc	<R0+2
   459 00:012B: 90 14        	bcc	L10034
   460 00:012D: A9 xx xx     	lda	#<_~ucHeapStack+57343
   461 00:0130: 85 01        	sta	<R0
   462                        	xref	_BEG_DATA
   463 00:0132: A9 xx xx     	lda	#_BEG_DATA>>16
   464 00:0135: 85 03        	sta	<R0+2
   465 00:0137: A5 01        	lda	<R0
   466 00:0139: C5 11        	cmp	<L3+pvReturn_1
   467 00:013B: A5 03        	lda	<R0+2
   468 00:013D: E5 13        	sbc	<L3+pvReturn_1+2
   469 00:013F: B0 02        	bcs	L10030
   470                        L10034:
   471 00:0141: 80 FE        	bra	L10034
   472                        L10030:
   473                        ;
   474                        ;                    /* This block is being returned for use so must be taken out
   475                        ;                     * of the list of free blocks. */
   476                        ;                    pxPreviousBlock->pxNextFreeBlock = pxBlock->pxNextFreeBlock;
   477 00:0143: A7 05        	lda	[<L3+pxBlock_1]
   478 00:0145: 87 09        	sta	[<L3+pxPreviousBlock_1]
   479 00:0147: A0 02 00     	ldy	#$2
   480 00:014A: B7 05        	lda	[<L3+pxBlock_1],Y
   481 00:014C: 97 09        	sta	[<L3+pxPreviousBlock_1],Y
   482                        ;
   483                        ;                    /* If the block is larger than required it can be split into
   484                        ;                     * two. */
   485                        ;                    configASSERT( heapSUBTRACT_WILL_UNDERFLOW( pxBlock->xBlockSize, xWantedSize ) == 
                    0 );
   486 00:014E: C8           	iny
   487 00:014F: C8           	iny
   488 00:0150: B7 05        	lda	[<L3+pxBlock_1],Y
   489 00:0152: C5 1B        	cmp	<L2+xWantedSize_0
   490 00:0154: B0 02        	bcs	L10037
   491                        L10041:
   492 00:0156: 80 FE        	bra	L10041
   493                        L10037:
   494                        ;
   495                        ;                    if( ( pxBlock->xBlockSize - xWantedSize ) > heapMINIMUM_BLOCK_SIZE )
   496                        ;                    {
   497 00:0158: 38           	sec
   498 00:0159: A0 04 00     	ldy	#$4
   499 00:015C: B7 05        	lda	[<L3+pxBlock_1],Y
   500 00:015E: E5 1B        	sbc	<L2+xWantedSize_0
   501 00:0160: 85 01        	sta	<R0
   502 00:0162: A9 0C 00     	lda	#$c
   503 00:0165: C5 01        	cmp	<R0
  Mon Sep 14 2026  7:48                                                                                                    Page 10


   504 00:0167: B0 30        	bcs	L10052
   505                        ;                        /* This block is to be split into two.  Create a new
   506                        ;                         * block following the number of bytes requested. The void
   507                        ;                         * cast is used to prevent byte alignment warnings from the
   508                        ;                         * compiler. */
   509                        ;                        pxNewBlockLink = ( void * ) ( ( ( uint8_t * ) pxBlock ) + xWantedSize );
   510 00:0169: A5 1B        	lda	<L2+xWantedSize_0
   511 00:016B: 85 01        	sta	<R0
   512 00:016D: 64 03        	stz	<R0+2
   513 00:016F: A5 05        	lda	<L3+pxBlock_1
   514 00:0171: 18           	clc
   515 00:0172: 65 01        	adc	<R0
   516 00:0174: 85 0D        	sta	<L3+pxNewBlockLink_1
   517 00:0176: A5 07        	lda	<L3+pxBlock_1+2
   518 00:0178: 65 03        	adc	<R0+2
   519 00:017A: 85 0F        	sta	<L3+pxNewBlockLink_1+2
   520                        ;                        //configASSERT( ( ( ( size_t ) pxNewBlockLink ) & portBYTE_ALIGNMENT_MASK ) =
                    = 0 );
   521                        ;                        configASSERT( ( ( ( uint32_t ) pxNewBlockLink ) & (uint32_t)portBYTE_ALIGNMEN
                    T_MASK ) == 0 );
   522                        ;
   523                        ;                        /* Calculate the sizes of two blocks split from the
   524                        ;                         * single block. */
   525                        ;                        pxNewBlockLink->xBlockSize = pxBlock->xBlockSize - xWantedSize;
   526 00:017C: 38           	sec
   527 00:017D: B7 05        	lda	[<L3+pxBlock_1],Y
   528 00:017F: E5 1B        	sbc	<L2+xWantedSize_0
   529 00:0181: 97 0D        	sta	[<L3+pxNewBlockLink_1],Y
   530                        ;                        pxBlock->xBlockSize = xWantedSize;
   531 00:0183: A5 1B        	lda	<L2+xWantedSize_0
   532 00:0185: 97 05        	sta	[<L3+pxBlock_1],Y
   533                        ;
   534                        ;                        /* Insert the new block into the list of free blocks. */
   535                        ;                        pxNewBlockLink->pxNextFreeBlock = pxPreviousBlock->pxNextFreeBlock;
   536 00:0187: A7 09        	lda	[<L3+pxPreviousBlock_1]
   537 00:0189: 87 0D        	sta	[<L3+pxNewBlockLink_1]
   538 00:018B: 88           	dey
   539 00:018C: 88           	dey
   540 00:018D: B7 09        	lda	[<L3+pxPreviousBlock_1],Y
   541 00:018F: 97 0D        	sta	[<L3+pxNewBlockLink_1],Y
   542                        ;                        pxPreviousBlock->pxNextFreeBlock = heapPROTECT_BLOCK_POINTER( pxNewBlockLink 
                    );
   543 00:0191: A5 0D        	lda	<L3+pxNewBlockLink_1
   544 00:0193: 87 09        	sta	[<L3+pxPreviousBlock_1]
   545 00:0195: A5 0F        	lda	<L3+pxNewBlockLink_1+2
   546 00:0197: 97 09        	sta	[<L3+pxPreviousBlock_1],Y
   547                        ;                    }
   548                        ;                    else
   549                        L10052:
   550                        ;
   551                        ;                    xFreeBytesRemaining -= pxBlock->xBlockSize;
   552 00:0199: 38           	sec
   553 00:019A: AD xx xx     	lda	|_~xFreeBytesRemaining
   554 00:019D: A0 04 00     	ldy	#$4
   555 00:01A0: F7 05        	sbc	[<L3+pxBlock_1],Y
   556 00:01A2: 8D xx xx     	sta	|_~xFreeBytesRemaining
   557                        ;
   558                        ;                    if( xFreeBytesRemaining < xMinimumEverFreeBytesRemaining )
  Mon Sep 14 2026  7:48                                                                                                    Page 11


   559                        ;                    {
   560 00:01A5: CD xx xx     	cmp	|_~xMinimumEverFreeBytesRemaining
   561 00:01A8: 90 3E        	bcc	L27
   562                        L10054:
   563                        ;
   564                        ;                    xAllocatedBlockSize = pxBlock->xBlockSize;
   565 00:01AA: A0 04 00     	ldy	#$4
   566 00:01AD: B7 05        	lda	[<L3+pxBlock_1],Y
   567 00:01AF: 85 17        	sta	<L3+xAllocatedBlockSize_1
   568                        ;
   569                        ;                    /* The block is being returned - it is allocated and owned
   570                        ;                     * by the application and has no "next" block. */
   571                        ;                    heapALLOCATE_BLOCK( pxBlock );
   572 00:01B1: 98           	tya
   573 00:01B2: 18           	clc
   574 00:01B3: 65 05        	adc	<L3+pxBlock_1
   575 00:01B5: 85 01        	sta	<R0
   576 00:01B7: A9 00 00     	lda	#$0
   577 00:01BA: 65 07        	adc	<L3+pxBlock_1+2
   578 00:01BC: 85 03        	sta	<R0+2
   579 00:01BE: A7 01        	lda	[<R0]
   580 00:01C0: 09 00 80     	ora	#<$8000
   581 00:01C3: 87 01        	sta	[<R0]
   582                        ;                    pxBlock->pxNextFreeBlock = heapPROTECT_BLOCK_POINTER( NULL );
   583 00:01C5: A9 00 00     	lda	#$0
   584 00:01C8: 87 05        	sta	[<L3+pxBlock_1]
   585 00:01CA: 88           	dey
   586 00:01CB: 88           	dey
   587 00:01CC: 97 05        	sta	[<L3+pxBlock_1],Y
   588                        ;                    xNumberOfSuccessfulAllocations++;
   589 00:01CE: EE xx xx     	inc	|_~xNumberOfSuccessfulAllocations
   590                        ;                }
   591                        ;                else
   592                        ;        }
   593                        ;        else
   594                        L10057:
   595                        ;
   596                        ;        traceMALLOC( pvReturn, xAllocatedBlockSize );
   597                        ;
   598                        ;        /* Prevent compiler warnings when trace macros are not used. */
   599                        ;        ( void ) xAllocatedBlockSize;
   600                        ;    }
   601                        ;    ( void ) xTaskResumeAll();
   602 00:01D1: 20 xx xx     	jsr	_~xTaskResumeAll
   603                        ;
   604                        ;    #if ( configUSE_MALLOC_FAILED_HOOK == 1 )
   605                        ;    {
   606                        ;        if( pvReturn == NULL )
   607                        ;        {
   608                        ;            vApplicationMallocFailedHook();
   609                        ;        }
   610                        ;        else
   611                        ;        {
   612                        ;            mtCOVERAGE_TEST_MARKER();
   613                        ;        }
   614                        ;    }
   615                        ;    #endif /* if ( configUSE_MALLOC_FAILED_HOOK == 1 ) */
   616                        ;
  Mon Sep 14 2026  7:48                                                                                                    Page 12


   617                        ;    //configASSERT( ( ( ( size_t ) pvReturn ) & ( size_t ) portBYTE_ALIGNMENT_MASK ) == 0 );
   618                        ;    configASSERT( ( ( ( uint32_t ) pvReturn ) & ( uint32_t ) portBYTE_ALIGNMENT_MASK ) == 0 );
   619                        ;    return pvReturn;
   620 00:01D4: A6 13        	ldx	<L3+pvReturn_1+2
   621 00:01D6: A5 11        	lda	<L3+pvReturn_1
   622 00:01D8: A8           	tay
   623 00:01D9: A5 19        	lda	<L2+1
   624 00:01DB: 85 1B        	sta	<L2+1+2
   625 00:01DD: 2B           	pld
   626 00:01DE: 3B           	tsc
   627 00:01DF: 18           	clc
   628 00:01E0: 69 1A 00     	adc	#L2+2
   629 00:01E3: 1B           	tcs
   630 00:01E4: 98           	tya
   631 00:01E5: 60           	rts
   632                        L10049:
   633 00:01E6: 80 FE        	bra	L10049
   634                        ;                    {
   635                        ;                        mtCOVERAGE_TEST_MARKER();
   636                        ;                    }
   637                        L27:
   638                        ;                        xMinimumEverFreeBytesRemaining = xFreeBytesRemaining;
   639 00:01E8: AD xx xx     	lda	|_~xFreeBytesRemaining
   640 00:01EB: 8D xx xx     	sta	|_~xMinimumEverFreeBytesRemaining
   641                        ;                    }
   642                        ;                    else
   643 00:01EE: 80 BA        	bra	L10054
   644                        ;                    {
   645                        ;                        mtCOVERAGE_TEST_MARKER();
   646                        ;                    }
   647                        ;                {
   648                        ;                    mtCOVERAGE_TEST_MARKER();
   649                        ;                }
   650                        ;            }
   651                        ;            else
   652                        ;            {
   653                        ;                mtCOVERAGE_TEST_MARKER();
   654                        ;            }
   655                        ;        {
   656                        ;            mtCOVERAGE_TEST_MARKER();
   657                        ;        }
   658                        L10062:
   659 00:01F0: 80 FE        	bra	L10062
   660                        ;}
   661             00000018   L2	equ	24
   662             00000005   L3	equ	5
   663                        	ends
   664                        	efunc
   665                        ;/*-----------------------------------------------------------*/
   666                        ;
   667                        ;void vPortFreeStack( void * pv )
   668                        ;{
   669                        	code
   670                        	xdef	_~vPortFreeStack
   671                        	func
   672                        _~vPortFreeStack:
   673                        	longa	on
   674                        	longi	on
  Mon Sep 14 2026  7:48                                                                                                    Page 13


   675 00:01F2: 3B           	tsc
   676 00:01F3: 38           	sec
   677 00:01F4: E9 14 00     	sbc	#L29
   678 00:01F7: 1B           	tcs
   679 00:01F8: 0B           	phd
   680 00:01F9: 5B           	tcd
   681             00000003   pv_0	set	3
   682                        ;    uint8_t * puc = ( uint8_t * ) pv;
   683                        ;    BlockLink_t * pxLink;
   684                        ;
   685                        ;    if( pv != NULL )
   686             00000000   puc_1	set	0
   687             00000004   pxLink_1	set	4
   688 00:01FA: A5 17        	lda	<L29+pv_0
   689 00:01FC: 85 0D        	sta	<L30+puc_1
   690 00:01FE: A5 19        	lda	<L29+pv_0+2
   691 00:0200: 85 0F        	sta	<L30+puc_1+2
   692                        ;    {
   693 00:0202: A5 17        	lda	<L29+pv_0
   694 00:0204: 05 19        	ora	<L29+pv_0+2
   695 00:0206: D0 03        	bne	*+5
   696 00:0208: 82 DF 00     	brl	L41
   697                        ;        /* The memory being freed will have an BlockLink_t structure immediately
   698                        ;         * before it. */
   699                        ;        puc -= xHeapStructSize;
   700 00:020B: A9 FA FF     	lda	#$fffa
   701 00:020E: 18           	clc
   702 00:020F: 65 0D        	adc	<L30+puc_1
   703 00:0211: 85 0D        	sta	<L30+puc_1
   704 00:0213: A9 FF FF     	lda	#$ffff
   705 00:0216: 65 0F        	adc	<L30+puc_1+2
   706 00:0218: 85 0F        	sta	<L30+puc_1+2
   707                        ;
   708                        ;        /* This casting is to keep the compiler from issuing warnings. */
   709                        ;        pxLink = ( void * ) puc;
   710 00:021A: A5 0D        	lda	<L30+puc_1
   711 00:021C: 85 11        	sta	<L30+pxLink_1
   712 00:021E: A5 0F        	lda	<L30+puc_1+2
   713 00:0220: 85 13        	sta	<L30+pxLink_1+2
   714                        ;
   715                        ;        heapVALIDATE_BLOCK_POINTER( pxLink );
   716 00:0222: A9 xx xx     	lda	#<_~ucHeapStack
   717 00:0225: 85 01        	sta	<R0
   718                        	xref	_BEG_DATA
   719 00:0227: A9 xx xx     	lda	#_BEG_DATA>>16
   720 00:022A: 85 03        	sta	<R0+2
   721 00:022C: A5 11        	lda	<L30+pxLink_1
   722 00:022E: C5 01        	cmp	<R0
   723 00:0230: A5 13        	lda	<L30+pxLink_1+2
   724 00:0232: E5 03        	sbc	<R0+2
   725 00:0234: 90 14        	bcc	L10070
   726 00:0236: A9 xx xx     	lda	#<_~ucHeapStack+57343
   727 00:0239: 85 01        	sta	<R0
   728                        	xref	_BEG_DATA
   729 00:023B: A9 xx xx     	lda	#_BEG_DATA>>16
   730 00:023E: 85 03        	sta	<R0+2
   731 00:0240: A5 01        	lda	<R0
   732 00:0242: C5 11        	cmp	<L30+pxLink_1
  Mon Sep 14 2026  7:48                                                                                                    Page 14


   733 00:0244: A5 03        	lda	<R0+2
   734 00:0246: E5 13        	sbc	<L30+pxLink_1+2
   735 00:0248: B0 02        	bcs	L10066
   736                        L10070:
   737 00:024A: 80 FE        	bra	L10070
   738                        L10066:
   739                        ;        configASSERT( heapBLOCK_IS_ALLOCATED( pxLink ) != 0 );
   740 00:024C: A0 04 00     	ldy	#$4
   741 00:024F: B7 11        	lda	[<L30+pxLink_1],Y
   742 00:0251: 29 00 80     	and	#<$8000
   743 00:0254: D0 02        	bne	L10073
   744                        L10077:
   745 00:0256: 80 FE        	bra	L10077
   746                        L10073:
   747                        ;        configASSERT( pxLink->pxNextFreeBlock == heapPROTECT_BLOCK_POINTER( NULL ) );
   748 00:0258: A7 11        	lda	[<L30+pxLink_1]
   749 00:025A: A0 02 00     	ldy	#$2
   750 00:025D: 17 11        	ora	[<L30+pxLink_1],Y
   751 00:025F: F0 02        	beq	L10080
   752                        L10084:
   753 00:0261: 80 FE        	bra	L10084
   754                        L10080:
   755                        ;
   756                        ;        if( heapBLOCK_IS_ALLOCATED( pxLink ) != 0 )
   757                        ;        {
   758 00:0263: A0 04 00     	ldy	#$4
   759 00:0266: B7 11        	lda	[<L30+pxLink_1],Y
   760 00:0268: 29 00 80     	and	#<$8000
   761 00:026B: F0 7D        	beq	L41
   762                        ;            if( pxLink->pxNextFreeBlock == heapPROTECT_BLOCK_POINTER( NULL ) )
   763                        ;            {
   764 00:026D: A7 11        	lda	[<L30+pxLink_1]
   765 00:026F: 88           	dey
   766 00:0270: 88           	dey
   767 00:0271: 17 11        	ora	[<L30+pxLink_1],Y
   768 00:0273: D0 75        	bne	L41
   769                        ;                /* The block is being returned to the heap - it is no longer
   770                        ;                 * allocated. */
   771                        ;                heapFREE_BLOCK( pxLink );
   772 00:0275: A9 04 00     	lda	#$4
   773 00:0278: 18           	clc
   774 00:0279: 65 11        	adc	<L30+pxLink_1
   775 00:027B: 85 01        	sta	<R0
   776 00:027D: A9 00 00     	lda	#$0
   777 00:0280: 65 13        	adc	<L30+pxLink_1+2
   778 00:0282: 85 03        	sta	<R0+2
   779 00:0284: A7 01        	lda	[<R0]
   780 00:0286: 29 FF 7F     	and	#<$7fff
   781 00:0289: 87 01        	sta	[<R0]
   782                        ;                #if ( configHEAP_CLEAR_MEMORY_ON_FREE == 1 )
   783                        ;                {
   784                        ;                    /* Check for underflow as this can occur if xBlockSize is
   785                        ;                     * overwritten in a heap block. */
   786                        ;                    if( heapSUBTRACT_WILL_UNDERFLOW( pxLink->xBlockSize, xHeapStructSize ) == 0 )
   787                        ;                    {
   788 00:028B: 38           	sec
   789 00:028C: C8           	iny
   790 00:028D: C8           	iny
  Mon Sep 14 2026  7:48                                                                                                    Page 15


   791 00:028E: B7 11        	lda	[<L30+pxLink_1],Y
   792 00:0290: E9 06 00     	sbc	#<$6
   793 00:0293: 70 03        	bvs	L39
   794 00:0295: 49 00 80     	eor	#$8000
   795                        L39:
   796 00:0298: 10 34        	bpl	L10089
   797                        ;                        ( void ) memset( puc + xHeapStructSize, 0, pxLink->xBlockSize - xHeapStructSi
                    ze );
   798 00:029A: A0 04 00     	ldy	#$4
   799 00:029D: B7 11        	lda	[<L30+pxLink_1],Y
   800 00:029F: 85 01        	sta	<R0
   801 00:02A1: 64 03        	stz	<R0+2
   802 00:02A3: A9 FA FF     	lda	#$fffa
   803 00:02A6: 18           	clc
   804 00:02A7: 65 01        	adc	<R0
   805 00:02A9: 85 05        	sta	<R1
   806 00:02AB: A9 FF FF     	lda	#$ffff
   807 00:02AE: 65 03        	adc	<R0+2
   808 00:02B0: 85 07        	sta	<R1+2
   809 00:02B2: D4 05        	pei	<R1
   810 00:02B4: F4 00 00     	pea	#<$0
   811 00:02B7: A9 06 00     	lda	#$6
   812 00:02BA: 18           	clc
   813 00:02BB: 65 0D        	adc	<L30+puc_1
   814 00:02BD: 85 01        	sta	<R0
   815 00:02BF: A9 00 00     	lda	#$0
   816 00:02C2: 65 0F        	adc	<L30+puc_1+2
   817 00:02C4: 48           	pha
   818 00:02C5: D4 01        	pei	<R0
   819 00:02C7: 20 xx xx     	jsr	_~memset
   820 00:02CA: 85 09        	sta	<R2
   821 00:02CC: 86 0B        	stx	<R2+2
   822                        ;                    }
   823                        ;                }
   824                        L10089:
   825                        ;                #endif
   826                        ;
   827                        ;                vTaskSuspendAll();
   828 00:02CE: 20 xx xx     	jsr	_~vTaskSuspendAll
   829                        ;                {
   830                        ;                    /* Add this block to the list of free blocks. */
   831                        ;                    xFreeBytesRemaining += pxLink->xBlockSize;
   832 00:02D1: 18           	clc
   833 00:02D2: AD xx xx     	lda	|_~xFreeBytesRemaining
   834 00:02D5: A0 04 00     	ldy	#$4
   835 00:02D8: 77 11        	adc	[<L30+pxLink_1],Y
   836 00:02DA: 8D xx xx     	sta	|_~xFreeBytesRemaining
   837                        ;                    traceFREE( pv, pxLink->xBlockSize );
   838                        ;                    prvInsertBlockIntoFreeList( ( ( BlockLink_t * ) pxLink ) );
   839 00:02DD: D4 13        	pei	<L30+pxLink_1+2
   840 00:02DF: D4 11        	pei	<L30+pxLink_1
   841 00:02E1: 20 xx xx     	jsr	_~prvInsertBlockIntoFreeList
   842                        ;                    xNumberOfSuccessfulFrees++;
   843 00:02E4: EE xx xx     	inc	|_~xNumberOfSuccessfulFrees
   844                        ;                }
   845                        ;                ( void ) xTaskResumeAll();
   846 00:02E7: 20 xx xx     	jsr	_~xTaskResumeAll
   847                        ;            }
  Mon Sep 14 2026  7:48                                                                                                    Page 16


   848                        ;            else
   849                        L41:
   850 00:02EA: A5 15        	lda	<L29+1
   851 00:02EC: 85 19        	sta	<L29+1+4
   852 00:02EE: 2B           	pld
   853 00:02EF: 3B           	tsc
   854 00:02F0: 18           	clc
   855 00:02F1: 69 18 00     	adc	#L29+4
   856 00:02F4: 1B           	tcs
   857 00:02F5: 60           	rts
   858                        ;            {
   859                        ;                mtCOVERAGE_TEST_MARKER();
   860                        ;            }
   861                        ;        }
   862                        ;        else
   863                        ;        {
   864                        ;            mtCOVERAGE_TEST_MARKER();
   865                        ;        }
   866                        ;    }
   867                        ;}
   868             00000014   L29	equ	20
   869             0000000D   L30	equ	13
   870                        	ends
   871                        	efunc
   872                        ;/*-----------------------------------------------------------*/
   873                        ;
   874                        ;size_t xPortGetFreeHeapSizeStack( void )
   875                        ;{
   876                        	code
   877                        	xdef	_~xPortGetFreeHeapSizeStack
   878                        	func
   879                        _~xPortGetFreeHeapSizeStack:
   880                        	longa	on
   881                        	longi	on
   882                        ;    return xFreeBytesRemaining;
   883 00:02F6: AD xx xx     	lda	|_~xFreeBytesRemaining
   884 00:02F9: 60           	rts
   885                        ;}
   886             00000000   L42	equ	0
   887             00000001   L43	equ	1
   888                        	ends
   889                        	efunc
   890                        ;/*-----------------------------------------------------------*/
   891                        ;
   892                        ;size_t xPortGetMinimumEverFreeHeapSizeStack( void )
   893                        ;{
   894                        	code
   895                        	xdef	_~xPortGetMinimumEverFreeHeapSizeStack
   896                        	func
   897                        _~xPortGetMinimumEverFreeHeapSizeStack:
   898                        	longa	on
   899                        	longi	on
   900                        ;    return xMinimumEverFreeBytesRemaining;
   901 00:02FA: AD xx xx     	lda	|_~xMinimumEverFreeBytesRemaining
   902 00:02FD: 60           	rts
   903                        ;}
   904             00000000   L45	equ	0
   905             00000001   L46	equ	1
  Mon Sep 14 2026  7:48                                                                                                    Page 17


   906                        	ends
   907                        	efunc
   908                        ;/*-----------------------------------------------------------*/
   909                        ;
   910                        ;void xPortResetHeapMinimumEverFreeHeapSizeStack( void )
   911                        ;{
   912                        	code
   913                        	xdef	_~xPortResetHeapMinimumEverFreeHeapSizeStack
   914                        	func
   915                        _~xPortResetHeapMinimumEverFreeHeapSizeStack:
   916                        	longa	on
   917                        	longi	on
   918                        ;    xMinimumEverFreeBytesRemaining = xFreeBytesRemaining;
   919 00:02FE: AD xx xx     	lda	|_~xFreeBytesRemaining
   920 00:0301: 8D xx xx     	sta	|_~xMinimumEverFreeBytesRemaining
   921                        ;}
   922 00:0304: 60           	rts
   923             00000000   L48	equ	0
   924             00000001   L49	equ	1
   925                        	ends
   926                        	efunc
   927                        ;/*-----------------------------------------------------------*/
   928                        ;
   929                        ;void vPortInitialiseBlocksStack( void )
   930                        ;{
   931                        	code
   932                        	xdef	_~vPortInitialiseBlocksStack
   933                        	func
   934                        _~vPortInitialiseBlocksStack:
   935                        	longa	on
   936                        	longi	on
   937                        ;    /* This just exists to keep the linker quiet. */
   938                        ;}
   939 00:0305: 60           	rts
   940             00000000   L51	equ	0
   941             00000001   L52	equ	1
   942                        	ends
   943                        	efunc
   944                        ;/*-----------------------------------------------------------*/
   945                        ;
   946                        ;void * pvPortCallocStack( size_t xNum,
   947                        ;                     size_t xSize )
   948                        ;{
   949                        	code
   950                        	xdef	_~pvPortCallocStack
   951                        	func
   952                        _~pvPortCallocStack:
   953                        	longa	on
   954                        	longi	on
   955 00:0306: 3B           	tsc
   956 00:0307: 38           	sec
   957 00:0308: E9 08 00     	sbc	#L54
   958 00:030B: 1B           	tcs
   959 00:030C: 0B           	phd
   960 00:030D: 5B           	tcd
   961             00000003   xNum_0	set	3
   962             00000005   xSize_0	set	5
   963                        ;    void * pv = NULL;
  Mon Sep 14 2026  7:48                                                                                                    Page 18


   964                        ;
   965                        ;    if( heapMULTIPLY_WILL_OVERFLOW( xNum, xSize ) == 0 )
   966             00000000   pv_1	set	0
   967 00:030E: 64 05        	stz	<L55+pv_1
   968 00:0310: 64 07        	stz	<L55+pv_1+2
   969                        ;    {
   970 00:0312: A9 00 00     	lda	#$0
   971 00:0315: C5 0B        	cmp	<L54+xNum_0
   972 00:0317: B0 0C        	bcs	L56
   973 00:0319: A9 FF FF     	lda	#$ffff
   974 00:031C: A6 0B        	ldx	<L54+xNum_0
   975                        	xref	_~~udv
   976 00:031E: 20 xx xx     	jsr	_~~udv
   977 00:0321: C5 0D        	cmp	<L54+xSize_0
   978 00:0323: 90 25        	bcc	L10092
   979                        L56:
   980                        ;        pv = pvPortMalloc( xNum * xSize );
   981 00:0325: A5 0B        	lda	<L54+xNum_0
   982 00:0327: A6 0D        	ldx	<L54+xSize_0
   983                        	xref	_~~mul
   984 00:0329: 20 xx xx     	jsr	_~~mul
   985 00:032C: 48           	pha
   986 00:032D: 20 xx xx     	jsr	_~pvPortMalloc
   987 00:0330: 85 05        	sta	<L55+pv_1
   988 00:0332: 86 07        	stx	<L55+pv_1+2
   989                        ;
   990                        ;        if( pv != NULL )
   991                        ;        {
   992 00:0334: 05 07        	ora	<L55+pv_1+2
   993 00:0336: F0 12        	beq	L10092
   994                        ;            ( void ) memset( pv, 0, xNum * xSize );
   995 00:0338: A5 0B        	lda	<L54+xNum_0
   996 00:033A: A6 0D        	ldx	<L54+xSize_0
   997                        	xref	_~~mul
   998 00:033C: 20 xx xx     	jsr	_~~mul
   999 00:033F: 48           	pha
  1000 00:0340: F4 00 00     	pea	#<$0
  1001 00:0343: D4 07        	pei	<L55+pv_1+2
  1002 00:0345: D4 05        	pei	<L55+pv_1
  1003 00:0347: 20 xx xx     	jsr	_~memset
  1004                        ;        }
  1005                        ;    }
  1006                        ;
  1007                        ;    return pv;
  1008                        L10092:
  1009 00:034A: A6 07        	ldx	<L55+pv_1+2
  1010 00:034C: A5 05        	lda	<L55+pv_1
  1011 00:034E: A8           	tay
  1012 00:034F: A5 09        	lda	<L54+1
  1013 00:0351: 85 0D        	sta	<L54+1+4
  1014 00:0353: 2B           	pld
  1015 00:0354: 3B           	tsc
  1016 00:0355: 18           	clc
  1017 00:0356: 69 0C 00     	adc	#L54+4
  1018 00:0359: 1B           	tcs
  1019 00:035A: 98           	tya
  1020 00:035B: 60           	rts
  1021                        ;}
  Mon Sep 14 2026  7:48                                                                                                    Page 19


  1022             00000008   L54	equ	8
  1023             00000005   L55	equ	5
  1024                        	ends
  1025                        	efunc
  1026                        ;/*-----------------------------------------------------------*/
  1027                        ;
  1028                        ;static void prvHeapInit( void ) /* PRIVILEGED_FUNCTION */
  1029                        ;{
  1030                        	code
  1031                        	func
  1032                        _~prvHeapInit:
  1033                        	longa	on
  1034                        	longi	on
  1035 00:035C: 3B           	tsc
  1036 00:035D: 38           	sec
  1037 00:035E: E9 16 00     	sbc	#L61
  1038 00:0361: 1B           	tcs
  1039 00:0362: 0B           	phd
  1040 00:0363: 5B           	tcd
  1041                        ;    BlockLink_t * pxFirstFreeBlock;
  1042                        ;    portPOINTER_SIZE_TYPE uxStartAddress, uxEndAddress;
  1043                        ;    size_t xTotalHeapSize = configTOTAL_HEAP_SIZE_STACK;
  1044                        ;
  1045                        ;    /* Ensure the heap starts on a correctly aligned boundary. */
  1046                        ;    uxStartAddress = ( portPOINTER_SIZE_TYPE ) ucHeapStack;
  1047             00000000   pxFirstFreeBlock_1	set	0
  1048             00000004   uxStartAddress_1	set	4
  1049             00000008   uxEndAddress_1	set	8
  1050             0000000C   xTotalHeapSize_1	set	12
  1051 00:0364: A9 00 E0     	lda	#$e000
  1052 00:0367: 85 15        	sta	<L62+xTotalHeapSize_1
  1053 00:0369: A9 xx xx     	lda	#<_~ucHeapStack
  1054 00:036C: 85 0D        	sta	<L62+uxStartAddress_1
  1055 00:036E: 64 0F        	stz	<L62+uxStartAddress_1+2
  1056                        ;
  1057                        ;    if( ( uxStartAddress & portBYTE_ALIGNMENT_MASK ) != 0 )
  1058                        ;    {
  1059                        ;        uxStartAddress += ( portBYTE_ALIGNMENT - 1 );
  1060                        ;        uxStartAddress &= ~( ( portPOINTER_SIZE_TYPE ) portBYTE_ALIGNMENT_MASK );
  1061                        ;        xTotalHeapSize -= ( size_t ) ( uxStartAddress - ( portPOINTER_SIZE_TYPE ) ucHeapStack );
  1062                        ;    }
  1063                        ;
  1064                        ;    #if ( configENABLE_HEAP_PROTECTOR == 1 )
  1065                        ;    {
  1066                        ;        vApplicationGetRandomHeapCanary( &( xHeapCanary ) );
  1067                        ;    }
  1068                        ;    #endif
  1069                        ;
  1070                        ;    /* xStart is used to hold a pointer to the first item in the list of free
  1071                        ;     * blocks.  The void cast is used to prevent compiler warnings. */
  1072                        ;    xStart.pxNextFreeBlock = ( void * ) heapPROTECT_BLOCK_POINTER( uxStartAddress );
  1073 00:0370: A5 0D        	lda	<L62+uxStartAddress_1
  1074 00:0372: 8D xx xx     	sta	|_~xStart
  1075 00:0375: A5 0F        	lda	<L62+uxStartAddress_1+2
  1076 00:0377: 8D xx xx     	sta	|_~xStart+2
  1077                        ;    xStart.xBlockSize = ( size_t ) 0;
  1078 00:037A: 9C xx xx     	stz	|_~xStart+4
  1079                        ;
  Mon Sep 14 2026  7:48                                                                                                    Page 20


  1080                        ;    /* pxEnd is used to mark the end of the list of free blocks and is inserted
  1081                        ;     * at the end of the heap space. */
  1082                        ;    uxEndAddress = uxStartAddress + ( portPOINTER_SIZE_TYPE ) xTotalHeapSize;
  1083 00:037D: A5 15        	lda	<L62+xTotalHeapSize_1
  1084 00:037F: 85 01        	sta	<R0
  1085 00:0381: 64 03        	stz	<R0+2
  1086 00:0383: A5 01        	lda	<R0
  1087 00:0385: 18           	clc
  1088 00:0386: 65 0D        	adc	<L62+uxStartAddress_1
  1089 00:0388: 85 11        	sta	<L62+uxEndAddress_1
  1090 00:038A: A5 03        	lda	<R0+2
  1091 00:038C: 65 0F        	adc	<L62+uxStartAddress_1+2
  1092 00:038E: 85 13        	sta	<L62+uxEndAddress_1+2
  1093                        ;    uxEndAddress -= ( portPOINTER_SIZE_TYPE ) xHeapStructSize;
  1094 00:0390: A9 FA FF     	lda	#$fffa
  1095 00:0393: 18           	clc
  1096 00:0394: 65 11        	adc	<L62+uxEndAddress_1
  1097 00:0396: 85 11        	sta	<L62+uxEndAddress_1
  1098 00:0398: A9 FF FF     	lda	#$ffff
  1099 00:039B: 65 13        	adc	<L62+uxEndAddress_1+2
  1100 00:039D: 85 13        	sta	<L62+uxEndAddress_1+2
  1101                        ;    uxEndAddress &= ~( ( portPOINTER_SIZE_TYPE ) portBYTE_ALIGNMENT_MASK );
  1102 00:039F: A5 11        	lda	<L62+uxEndAddress_1
  1103 00:03A1: 85 11        	sta	<L62+uxEndAddress_1
  1104 00:03A3: A5 13        	lda	<L62+uxEndAddress_1+2
  1105 00:03A5: 85 13        	sta	<L62+uxEndAddress_1+2
  1106                        ;    pxEnd = ( BlockLink_t * ) uxEndAddress;
  1107 00:03A7: A5 11        	lda	<L62+uxEndAddress_1
  1108 00:03A9: 8D xx xx     	sta	|_~pxEnd
  1109 00:03AC: A5 13        	lda	<L62+uxEndAddress_1+2
  1110 00:03AE: 8D xx xx     	sta	|_~pxEnd+2
  1111                        ;    pxEnd->xBlockSize = 0;
  1112 00:03B1: AD xx xx     	lda	|_~pxEnd
  1113 00:03B4: 85 01        	sta	<R0
  1114 00:03B6: AD xx xx     	lda	|_~pxEnd+2
  1115 00:03B9: 85 03        	sta	<R0+2
  1116 00:03BB: A9 00 00     	lda	#$0
  1117 00:03BE: A0 04 00     	ldy	#$4
  1118 00:03C1: 97 01        	sta	[<R0],Y
  1119                        ;    pxEnd->pxNextFreeBlock = heapPROTECT_BLOCK_POINTER( NULL );
  1120 00:03C3: AD xx xx     	lda	|_~pxEnd
  1121 00:03C6: 85 01        	sta	<R0
  1122 00:03C8: AD xx xx     	lda	|_~pxEnd+2
  1123 00:03CB: 85 03        	sta	<R0+2
  1124 00:03CD: A9 00 00     	lda	#$0
  1125 00:03D0: 87 01        	sta	[<R0]
  1126 00:03D2: 88           	dey
  1127 00:03D3: 88           	dey
  1128 00:03D4: 97 01        	sta	[<R0],Y
  1129                        ;
  1130                        ;    /* To start with there is a single free block that is sized to take up the
  1131                        ;     * entire heap space, minus the space taken by pxEnd. */
  1132                        ;    pxFirstFreeBlock = ( BlockLink_t * ) uxStartAddress;
  1133 00:03D6: A5 0D        	lda	<L62+uxStartAddress_1
  1134 00:03D8: 85 09        	sta	<L62+pxFirstFreeBlock_1
  1135 00:03DA: A5 0F        	lda	<L62+uxStartAddress_1+2
  1136 00:03DC: 85 0B        	sta	<L62+pxFirstFreeBlock_1+2
  1137                        ;    pxFirstFreeBlock->xBlockSize = ( size_t ) ( uxEndAddress - ( portPOINTER_SIZE_TYPE ) pxFirstFreeB
  Mon Sep 14 2026  7:48                                                                                                    Page 21


                    lock );
  1138 00:03DE: 38           	sec
  1139 00:03DF: A5 11        	lda	<L62+uxEndAddress_1
  1140 00:03E1: E5 09        	sbc	<L62+pxFirstFreeBlock_1
  1141 00:03E3: 85 01        	sta	<R0
  1142 00:03E5: A5 13        	lda	<L62+uxEndAddress_1+2
  1143 00:03E7: E5 0B        	sbc	<L62+pxFirstFreeBlock_1+2
  1144 00:03E9: 85 03        	sta	<R0+2
  1145 00:03EB: A5 01        	lda	<R0
  1146 00:03ED: C8           	iny
  1147 00:03EE: C8           	iny
  1148 00:03EF: 97 09        	sta	[<L62+pxFirstFreeBlock_1],Y
  1149                        ;    pxFirstFreeBlock->pxNextFreeBlock = heapPROTECT_BLOCK_POINTER( pxEnd );
  1150 00:03F1: AD xx xx     	lda	|_~pxEnd
  1151 00:03F4: 87 09        	sta	[<L62+pxFirstFreeBlock_1]
  1152 00:03F6: AD xx xx     	lda	|_~pxEnd+2
  1153 00:03F9: 88           	dey
  1154 00:03FA: 88           	dey
  1155 00:03FB: 97 09        	sta	[<L62+pxFirstFreeBlock_1],Y
  1156                        ;
  1157                        ;    /* Only one block exists - and it covers the entire usable heap space. */
  1158                        ;    xMinimumEverFreeBytesRemaining = pxFirstFreeBlock->xBlockSize;
  1159 00:03FD: C8           	iny
  1160 00:03FE: C8           	iny
  1161 00:03FF: B7 09        	lda	[<L62+pxFirstFreeBlock_1],Y
  1162 00:0401: 8D xx xx     	sta	|_~xMinimumEverFreeBytesRemaining
  1163                        ;    xFreeBytesRemaining = pxFirstFreeBlock->xBlockSize;
  1164 00:0404: B7 09        	lda	[<L62+pxFirstFreeBlock_1],Y
  1165 00:0406: 8D xx xx     	sta	|_~xFreeBytesRemaining
  1166                        ;}
  1167 00:0409: 2B           	pld
  1168 00:040A: 3B           	tsc
  1169 00:040B: 18           	clc
  1170 00:040C: 69 16 00     	adc	#L61
  1171 00:040F: 1B           	tcs
  1172 00:0410: 60           	rts
  1173             00000016   L61	equ	22
  1174             00000009   L62	equ	9
  1175                        	ends
  1176                        	efunc
  1177                        ;/*-----------------------------------------------------------*/
  1178                        ;
  1179                        ;static void prvInsertBlockIntoFreeList( BlockLink_t * pxBlockToInsert ) /* PRIVILEGED_FUNCTION */
  1180                        ;{
  1181                        	code
  1182                        	func
  1183                        _~prvInsertBlockIntoFreeList:
  1184                        	longa	on
  1185                        	longi	on
  1186 00:0411: 3B           	tsc
  1187 00:0412: 38           	sec
  1188 00:0413: E9 10 00     	sbc	#L64
  1189 00:0416: 1B           	tcs
  1190 00:0417: 0B           	phd
  1191 00:0418: 5B           	tcd
  1192             00000003   pxBlockToInsert_0	set	3
  1193                        ;    BlockLink_t * pxIterator;
  1194                        ;    uint8_t * puc;
  Mon Sep 14 2026  7:48                                                                                                    Page 22


  1195                        ;
  1196                        ;    /* Iterate through the list until a block is found that has a higher address
  1197                        ;     * than the block being inserted. */
  1198                        ;    for( pxIterator = &xStart; heapPROTECT_BLOCK_POINTER( pxIterator->pxNextFreeBlock ) < pxBlockToIn
                    sert; pxIterator = heapPROTECT_BLOCK_POINTER( pxIterator->pxNextFreeBlock ) )
  1199             00000000   pxIterator_1	set	0
  1200             00000004   puc_1	set	4
  1201 00:0419: A9 xx xx     	lda	#<_~xStart
  1202 00:041C: 85 09        	sta	<L65+pxIterator_1
  1203                        	xref	_BEG_DATA
  1204 00:041E: A9 xx xx     	lda	#_BEG_DATA>>16
  1205 00:0421: 80 11        	bra	L20000
  1206                        ;    {
  1207                        ;        /* Nothing to do here, just iterate to the right position. */
  1208                        ;    }
  1209                        L10095:
  1210 00:0423: A7 09        	lda	[<L65+pxIterator_1]
  1211 00:0425: 85 01        	sta	<R0
  1212 00:0427: A0 02 00     	ldy	#$2
  1213 00:042A: B7 09        	lda	[<L65+pxIterator_1],Y
  1214 00:042C: 85 03        	sta	<R0+2
  1215 00:042E: A5 01        	lda	<R0
  1216 00:0430: 85 09        	sta	<L65+pxIterator_1
  1217 00:0432: A5 03        	lda	<R0+2
  1218                        L20000:
  1219 00:0434: 85 0B        	sta	<L65+pxIterator_1+2
  1220 00:0436: A7 09        	lda	[<L65+pxIterator_1]
  1221 00:0438: C5 13        	cmp	<L64+pxBlockToInsert_0
  1222 00:043A: A0 02 00     	ldy	#$2
  1223 00:043D: B7 09        	lda	[<L65+pxIterator_1],Y
  1224 00:043F: E5 15        	sbc	<L64+pxBlockToInsert_0+2
  1225 00:0441: 90 E0        	bcc	L10095
  1226                        ;
  1227                        ;    if( pxIterator != &xStart )
  1228                        ;    {
  1229 00:0443: A9 xx xx     	lda	#<_~xStart
  1230 00:0446: 85 01        	sta	<R0
  1231                        	xref	_BEG_DATA
  1232 00:0448: A9 xx xx     	lda	#_BEG_DATA>>16
  1233 00:044B: 85 03        	sta	<R0+2
  1234 00:044D: A5 09        	lda	<L65+pxIterator_1
  1235 00:044F: C5 01        	cmp	<R0
  1236 00:0451: D0 04        	bne	L67
  1237 00:0453: A5 0B        	lda	<L65+pxIterator_1+2
  1238 00:0455: C5 03        	cmp	<R0+2
  1239                        L67:
  1240 00:0457: F0 2A        	beq	L10099
  1241                        ;        heapVALIDATE_BLOCK_POINTER( pxIterator );
  1242 00:0459: A9 xx xx     	lda	#<_~ucHeapStack
  1243 00:045C: 85 01        	sta	<R0
  1244                        	xref	_BEG_DATA
  1245 00:045E: A9 xx xx     	lda	#_BEG_DATA>>16
  1246 00:0461: 85 03        	sta	<R0+2
  1247 00:0463: A5 09        	lda	<L65+pxIterator_1
  1248 00:0465: C5 01        	cmp	<R0
  1249 00:0467: A5 0B        	lda	<L65+pxIterator_1+2
  1250 00:0469: E5 03        	sbc	<R0+2
  1251 00:046B: 90 14        	bcc	L10104
  Mon Sep 14 2026  7:48                                                                                                    Page 23


  1252 00:046D: A9 xx xx     	lda	#<_~ucHeapStack+57343
  1253 00:0470: 85 01        	sta	<R0
  1254                        	xref	_BEG_DATA
  1255 00:0472: A9 xx xx     	lda	#_BEG_DATA>>16
  1256 00:0475: 85 03        	sta	<R0+2
  1257 00:0477: A5 01        	lda	<R0
  1258 00:0479: C5 09        	cmp	<L65+pxIterator_1
  1259 00:047B: A5 03        	lda	<R0+2
  1260 00:047D: E5 0B        	sbc	<L65+pxIterator_1+2
  1261 00:047F: B0 02        	bcs	L10099
  1262                        L10104:
  1263 00:0481: 80 FE        	bra	L10104
  1264                        ;    }
  1265                        ;
  1266                        ;    /* Do the block being inserted, and the block it is being inserted after
  1267                        ;     * make a contiguous block of memory? */
  1268                        ;    puc = ( uint8_t * ) pxIterator;
  1269                        L10099:
  1270 00:0483: A5 09        	lda	<L65+pxIterator_1
  1271 00:0485: 85 0D        	sta	<L65+puc_1
  1272 00:0487: A5 0B        	lda	<L65+pxIterator_1+2
  1273 00:0489: 85 0F        	sta	<L65+puc_1+2
  1274                        ;
  1275                        ;    if( ( puc + pxIterator->xBlockSize ) == ( uint8_t * ) pxBlockToInsert )
  1276                        ;    {
  1277 00:048B: A0 04 00     	ldy	#$4
  1278 00:048E: B7 09        	lda	[<L65+pxIterator_1],Y
  1279 00:0490: 85 01        	sta	<R0
  1280 00:0492: 64 03        	stz	<R0+2
  1281 00:0494: A5 0D        	lda	<L65+puc_1
  1282 00:0496: 18           	clc
  1283 00:0497: 65 01        	adc	<R0
  1284 00:0499: 85 05        	sta	<R1
  1285 00:049B: A5 0F        	lda	<L65+puc_1+2
  1286 00:049D: 65 03        	adc	<R0+2
  1287 00:049F: 85 07        	sta	<R1+2
  1288 00:04A1: A5 13        	lda	<L64+pxBlockToInsert_0
  1289 00:04A3: C5 05        	cmp	<R1
  1290 00:04A5: D0 04        	bne	L72
  1291 00:04A7: A5 15        	lda	<L64+pxBlockToInsert_0+2
  1292 00:04A9: C5 07        	cmp	<R1+2
  1293                        L72:
  1294 00:04AB: D0 21        	bne	L10108
  1295                        ;        pxIterator->xBlockSize += pxBlockToInsert->xBlockSize;
  1296 00:04AD: A9 04 00     	lda	#$4
  1297 00:04B0: 18           	clc
  1298 00:04B1: 65 09        	adc	<L65+pxIterator_1
  1299 00:04B3: 85 01        	sta	<R0
  1300 00:04B5: A9 00 00     	lda	#$0
  1301 00:04B8: 65 0B        	adc	<L65+pxIterator_1+2
  1302 00:04BA: 85 03        	sta	<R0+2
  1303 00:04BC: 18           	clc
  1304 00:04BD: A7 01        	lda	[<R0]
  1305 00:04BF: A0 04 00     	ldy	#$4
  1306 00:04C2: 77 13        	adc	[<L64+pxBlockToInsert_0],Y
  1307 00:04C4: 87 01        	sta	[<R0]
  1308                        ;        pxBlockToInsert = pxIterator;
  1309 00:04C6: A5 09        	lda	<L65+pxIterator_1
  Mon Sep 14 2026  7:48                                                                                                    Page 24


  1310 00:04C8: 85 13        	sta	<L64+pxBlockToInsert_0
  1311 00:04CA: A5 0B        	lda	<L65+pxIterator_1+2
  1312 00:04CC: 85 15        	sta	<L64+pxBlockToInsert_0+2
  1313                        ;    }
  1314                        ;    else
  1315                        ;    {
  1316                        ;        mtCOVERAGE_TEST_MARKER();
  1317                        ;    }
  1318                        L10108:
  1319                        ;
  1320                        ;    /* Do the block being inserted, and the block it is being inserted before
  1321                        ;     * make a contiguous block of memory? */
  1322                        ;    puc = ( uint8_t * ) pxBlockToInsert;
  1323 00:04CE: A5 13        	lda	<L64+pxBlockToInsert_0
  1324 00:04D0: 85 0D        	sta	<L65+puc_1
  1325 00:04D2: A5 15        	lda	<L64+pxBlockToInsert_0+2
  1326 00:04D4: 85 0F        	sta	<L65+puc_1+2
  1327                        ;
  1328                        ;    if( ( puc + pxBlockToInsert->xBlockSize ) == ( uint8_t * ) heapPROTECT_BLOCK_POINTER( pxIterator-
                    >pxNextFreeBlock ) )
  1329                        ;    {
  1330 00:04D6: A0 04 00     	ldy	#$4
  1331 00:04D9: B7 13        	lda	[<L64+pxBlockToInsert_0],Y
  1332 00:04DB: 85 01        	sta	<R0
  1333 00:04DD: 64 03        	stz	<R0+2
  1334 00:04DF: A5 0D        	lda	<L65+puc_1
  1335 00:04E1: 18           	clc
  1336 00:04E2: 65 01        	adc	<R0
  1337 00:04E4: 85 05        	sta	<R1
  1338 00:04E6: A5 0F        	lda	<L65+puc_1+2
  1339 00:04E8: 65 03        	adc	<R0+2
  1340 00:04EA: 85 07        	sta	<R1+2
  1341 00:04EC: A7 09        	lda	[<L65+pxIterator_1]
  1342 00:04EE: C5 05        	cmp	<R1
  1343 00:04F0: D0 06        	bne	L74
  1344 00:04F2: 88           	dey
  1345 00:04F3: 88           	dey
  1346 00:04F4: B7 09        	lda	[<L65+pxIterator_1],Y
  1347 00:04F6: C5 07        	cmp	<R1+2
  1348                        L74:
  1349 00:04F8: D0 50        	bne	L10109
  1350                        ;        if( heapPROTECT_BLOCK_POINTER( pxIterator->pxNextFreeBlock ) != pxEnd )
  1351                        ;        {
  1352 00:04FA: A7 09        	lda	[<L65+pxIterator_1]
  1353 00:04FC: CD xx xx     	cmp	|_~pxEnd
  1354 00:04FF: D0 08        	bne	L76
  1355 00:0501: A0 02 00     	ldy	#$2
  1356 00:0504: B7 09        	lda	[<L65+pxIterator_1],Y
  1357 00:0506: CD xx xx     	cmp	|_~pxEnd+2
  1358                        L76:
  1359 00:0509: F0 35        	beq	L10110
  1360                        ;            /* Form one big block from the two blocks. */
  1361                        ;            pxBlockToInsert->xBlockSize += heapPROTECT_BLOCK_POINTER( pxIterator->pxNextFreeBlock )->
                    xBlockSize;
  1362 00:050B: A7 09        	lda	[<L65+pxIterator_1]
  1363 00:050D: 85 01        	sta	<R0
  1364 00:050F: A0 02 00     	ldy	#$2
  1365 00:0512: B7 09        	lda	[<L65+pxIterator_1],Y
  Mon Sep 14 2026  7:48                                                                                                    Page 25


  1366 00:0514: 85 03        	sta	<R0+2
  1367 00:0516: A9 04 00     	lda	#$4
  1368 00:0519: 18           	clc
  1369 00:051A: 65 13        	adc	<L64+pxBlockToInsert_0
  1370 00:051C: 85 05        	sta	<R1
  1371 00:051E: A9 00 00     	lda	#$0
  1372 00:0521: 65 15        	adc	<L64+pxBlockToInsert_0+2
  1373 00:0523: 85 07        	sta	<R1+2
  1374 00:0525: 18           	clc
  1375 00:0526: A7 05        	lda	[<R1]
  1376 00:0528: C8           	iny
  1377 00:0529: C8           	iny
  1378 00:052A: 77 01        	adc	[<R0],Y
  1379 00:052C: 87 05        	sta	[<R1]
  1380                        ;            pxBlockToInsert->pxNextFreeBlock = heapPROTECT_BLOCK_POINTER( pxIterator->pxNextFreeBlock
                     )->pxNextFreeBlock;
  1381 00:052E: A7 09        	lda	[<L65+pxIterator_1]
  1382 00:0530: 85 01        	sta	<R0
  1383 00:0532: 88           	dey
  1384 00:0533: 88           	dey
  1385 00:0534: B7 09        	lda	[<L65+pxIterator_1],Y
  1386 00:0536: 85 03        	sta	<R0+2
  1387 00:0538: A7 01        	lda	[<R0]
  1388 00:053A: 87 13        	sta	[<L64+pxBlockToInsert_0]
  1389 00:053C: B7 01        	lda	[<R0],Y
  1390 00:053E: 80 13        	bra	L20002
  1391                        ;        }
  1392                        ;        else
  1393                        L10110:
  1394                        ;        {
  1395                        ;            pxBlockToInsert->pxNextFreeBlock = heapPROTECT_BLOCK_POINTER( pxEnd );
  1396 00:0540: AD xx xx     	lda	|_~pxEnd
  1397 00:0543: 87 13        	sta	[<L64+pxBlockToInsert_0]
  1398 00:0545: AD xx xx     	lda	|_~pxEnd+2
  1399 00:0548: 80 09        	bra	L20002
  1400                        ;        }
  1401                        ;    }
  1402                        ;    else
  1403                        L10109:
  1404                        ;    {
  1405                        ;        pxBlockToInsert->pxNextFreeBlock = pxIterator->pxNextFreeBlock;
  1406 00:054A: A7 09        	lda	[<L65+pxIterator_1]
  1407 00:054C: 87 13        	sta	[<L64+pxBlockToInsert_0]
  1408 00:054E: A0 02 00     	ldy	#$2
  1409 00:0551: B7 09        	lda	[<L65+pxIterator_1],Y
  1410                        L20002:
  1411 00:0553: A0 02 00     	ldy	#$2
  1412 00:0556: 97 13        	sta	[<L64+pxBlockToInsert_0],Y
  1413                        ;    }
  1414                        ;
  1415                        ;    /* If the block being inserted plugged a gap, so was merged with the block
  1416                        ;     * before and the block after, then it's pxNextFreeBlock pointer will have
  1417                        ;     * already been set, and should not be set here as that would make it point
  1418                        ;     * to itself. */
  1419                        ;    if( pxIterator != pxBlockToInsert )
  1420                        ;    {
  1421 00:0558: A5 09        	lda	<L65+pxIterator_1
  1422 00:055A: C5 13        	cmp	<L64+pxBlockToInsert_0
  Mon Sep 14 2026  7:48                                                                                                    Page 26


  1423 00:055C: D0 04        	bne	L78
  1424 00:055E: A5 0B        	lda	<L65+pxIterator_1+2
  1425 00:0560: C5 15        	cmp	<L64+pxBlockToInsert_0+2
  1426                        L78:
  1427 00:0562: F0 0B        	beq	L80
  1428                        ;        pxIterator->pxNextFreeBlock = heapPROTECT_BLOCK_POINTER( pxBlockToInsert );
  1429 00:0564: A5 13        	lda	<L64+pxBlockToInsert_0
  1430 00:0566: 87 09        	sta	[<L65+pxIterator_1]
  1431 00:0568: A5 15        	lda	<L64+pxBlockToInsert_0+2
  1432 00:056A: A0 02 00     	ldy	#$2
  1433 00:056D: 97 09        	sta	[<L65+pxIterator_1],Y
  1434                        ;    }
  1435                        ;    else
  1436                        ;    {
  1437                        ;        mtCOVERAGE_TEST_MARKER();
  1438                        ;    }
  1439                        ;}
  1440                        L80:
  1441 00:056F: A5 11        	lda	<L64+1
  1442 00:0571: 85 15        	sta	<L64+1+4
  1443 00:0573: 2B           	pld
  1444 00:0574: 3B           	tsc
  1445 00:0575: 18           	clc
  1446 00:0576: 69 14 00     	adc	#L64+4
  1447 00:0579: 1B           	tcs
  1448 00:057A: 60           	rts
  1449             00000010   L64	equ	16
  1450             00000009   L65	equ	9
  1451                        	ends
  1452                        	efunc
  1453                        ;/*-----------------------------------------------------------*/
  1454                        ;
  1455                        ;void vPortGetHeapStatsStack( HeapStats_t * pxHeapStats )
  1456                        ;{
  1457                        	code
  1458                        	xdef	_~vPortGetHeapStatsStack
  1459                        	func
  1460                        _~vPortGetHeapStatsStack:
  1461                        	longa	on
  1462                        	longi	on
  1463 00:057B: 3B           	tsc
  1464 00:057C: 38           	sec
  1465 00:057D: E9 0E 00     	sbc	#L81
  1466 00:0580: 1B           	tcs
  1467 00:0581: 0B           	phd
  1468 00:0582: 5B           	tcd
  1469             00000003   pxHeapStats_0	set	3
  1470                        ;    BlockLink_t * pxBlock;
  1471                        ;    size_t xBlocks = 0, xMaxSize = 0, xMinSize = SIZE_MAX;
  1472                        ;
  1473                        ;    vTaskSuspendAll();
  1474             00000000   pxBlock_1	set	0
  1475             00000004   xBlocks_1	set	4
  1476             00000006   xMaxSize_1	set	6
  1477             00000008   xMinSize_1	set	8
  1478 00:0583: 64 09        	stz	<L82+xBlocks_1
  1479 00:0585: 64 0B        	stz	<L82+xMaxSize_1
  1480 00:0587: A9 FF FF     	lda	#$ffff
  Mon Sep 14 2026  7:48                                                                                                    Page 27


  1481 00:058A: 85 0D        	sta	<L82+xMinSize_1
  1482 00:058C: 20 xx xx     	jsr	_~vTaskSuspendAll
  1483                        ;    {
  1484                        ;        pxBlock = heapPROTECT_BLOCK_POINTER( xStart.pxNextFreeBlock );
  1485 00:058F: AD xx xx     	lda	|_~xStart
  1486 00:0592: 85 05        	sta	<L82+pxBlock_1
  1487 00:0594: AD xx xx     	lda	|_~xStart+2
  1488 00:0597: 85 07        	sta	<L82+pxBlock_1+2
  1489                        ;
  1490                        ;        /* pxBlock will be NULL if the heap has not been initialised.  The heap
  1491                        ;         * is initialised automatically when the first allocation is made. */
  1492                        ;        if( pxBlock != NULL )
  1493                        ;        {
  1494 00:0599: A5 05        	lda	<L82+pxBlock_1
  1495 00:059B: 05 07        	ora	<L82+pxBlock_1+2
  1496 00:059D: D0 31        	bne	L10116
  1497                        ;            while( pxBlock != pxEnd )
  1498 00:059F: 80 3D        	bra	L10115
  1499                        L20004:
  1500                        ;            {
  1501                        ;                /* Increment the number of blocks and record the largest block seen
  1502                        ;                 * so far. */
  1503                        ;                xBlocks++;
  1504 00:05A1: E6 09        	inc	<L82+xBlocks_1
  1505                        ;
  1506                        ;                if( pxBlock->xBlockSize > xMaxSize )
  1507                        ;                {
  1508 00:05A3: A5 0B        	lda	<L82+xMaxSize_1
  1509 00:05A5: A0 04 00     	ldy	#$4
  1510 00:05A8: D7 05        	cmp	[<L82+pxBlock_1],Y
  1511 00:05AA: B0 04        	bcs	L10118
  1512                        ;                    xMaxSize = pxBlock->xBlockSize;
  1513 00:05AC: B7 05        	lda	[<L82+pxBlock_1],Y
  1514 00:05AE: 85 0B        	sta	<L82+xMaxSize_1
  1515                        ;                }
  1516                        ;
  1517                        ;                if( pxBlock->xBlockSize < xMinSize )
  1518                        L10118:
  1519                        ;                {
  1520 00:05B0: A0 04 00     	ldy	#$4
  1521 00:05B3: B7 05        	lda	[<L82+pxBlock_1],Y
  1522 00:05B5: C5 0D        	cmp	<L82+xMinSize_1
  1523 00:05B7: B0 04        	bcs	L10119
  1524                        ;                    xMinSize = pxBlock->xBlockSize;
  1525 00:05B9: B7 05        	lda	[<L82+pxBlock_1],Y
  1526 00:05BB: 85 0D        	sta	<L82+xMinSize_1
  1527                        ;                }
  1528                        ;
  1529                        ;                /* Move to the next block in the chain until the last block is
  1530                        ;                 * reached. */
  1531                        ;                pxBlock = heapPROTECT_BLOCK_POINTER( pxBlock->pxNextFreeBlock );
  1532                        L10119:
  1533 00:05BD: A7 05        	lda	[<L82+pxBlock_1]
  1534 00:05BF: 85 01        	sta	<R0
  1535 00:05C1: A0 02 00     	ldy	#$2
  1536 00:05C4: B7 05        	lda	[<L82+pxBlock_1],Y
  1537 00:05C6: 85 03        	sta	<R0+2
  1538 00:05C8: A5 01        	lda	<R0
  Mon Sep 14 2026  7:48                                                                                                    Page 28


  1539 00:05CA: 85 05        	sta	<L82+pxBlock_1
  1540 00:05CC: A5 03        	lda	<R0+2
  1541 00:05CE: 85 07        	sta	<L82+pxBlock_1+2
  1542                        ;            }
  1543                        L10116:
  1544 00:05D0: A5 05        	lda	<L82+pxBlock_1
  1545 00:05D2: CD xx xx     	cmp	|_~pxEnd
  1546 00:05D5: D0 05        	bne	L84
  1547 00:05D7: A5 07        	lda	<L82+pxBlock_1+2
  1548 00:05D9: CD xx xx     	cmp	|_~pxEnd+2
  1549                        L84:
  1550 00:05DC: D0 C3        	bne	L20004
  1551                        ;        }
  1552                        ;    }
  1553                        L10115:
  1554                        ;    ( void ) xTaskResumeAll();
  1555 00:05DE: 20 xx xx     	jsr	_~xTaskResumeAll
  1556                        ;
  1557                        ;    pxHeapStats->xSizeOfLargestFreeBlockInBytes = xMaxSize;
  1558 00:05E1: A5 0B        	lda	<L82+xMaxSize_1
  1559 00:05E3: A0 02 00     	ldy	#$2
  1560 00:05E6: 97 11        	sta	[<L81+pxHeapStats_0],Y
  1561                        ;    pxHeapStats->xSizeOfSmallestFreeBlockInBytes = xMinSize;
  1562 00:05E8: A5 0D        	lda	<L82+xMinSize_1
  1563 00:05EA: C8           	iny
  1564 00:05EB: C8           	iny
  1565 00:05EC: 97 11        	sta	[<L81+pxHeapStats_0],Y
  1566                        ;    pxHeapStats->xNumberOfFreeBlocks = xBlocks;
  1567 00:05EE: A5 09        	lda	<L82+xBlocks_1
  1568 00:05F0: C8           	iny
  1569 00:05F1: C8           	iny
  1570 00:05F2: 97 11        	sta	[<L81+pxHeapStats_0],Y
  1571                        ;
  1572                        ;    taskENTER_CRITICAL();
  1573                        ;    {
  1574                        ;        pxHeapStats->xAvailableHeapSpaceInBytes = xFreeBytesRemaining;
  1575 00:05F4: AD xx xx     	lda	|_~xFreeBytesRemaining
  1576 00:05F7: 87 11        	sta	[<L81+pxHeapStats_0]
  1577                        ;        pxHeapStats->xNumberOfSuccessfulAllocations = xNumberOfSuccessfulAllocations;
  1578 00:05F9: AD xx xx     	lda	|_~xNumberOfSuccessfulAllocations
  1579 00:05FC: A0 0A 00     	ldy	#$a
  1580 00:05FF: 97 11        	sta	[<L81+pxHeapStats_0],Y
  1581                        ;        pxHeapStats->xNumberOfSuccessfulFrees = xNumberOfSuccessfulFrees;
  1582 00:0601: AD xx xx     	lda	|_~xNumberOfSuccessfulFrees
  1583 00:0604: C8           	iny
  1584 00:0605: C8           	iny
  1585 00:0606: 97 11        	sta	[<L81+pxHeapStats_0],Y
  1586                        ;        pxHeapStats->xMinimumEverFreeBytesRemaining = xMinimumEverFreeBytesRemaining;
  1587 00:0608: AD xx xx     	lda	|_~xMinimumEverFreeBytesRemaining
  1588 00:060B: A0 08 00     	ldy	#$8
  1589 00:060E: 97 11        	sta	[<L81+pxHeapStats_0],Y
  1590                        ;    }
  1591                        ;    taskEXIT_CRITICAL();
  1592                        ;}
  1593 00:0610: A5 0F        	lda	<L81+1
  1594 00:0612: 85 13        	sta	<L81+1+4
  1595 00:0614: 2B           	pld
  1596 00:0615: 3B           	tsc
  Mon Sep 14 2026  7:48                                                                                                    Page 29


  1597 00:0616: 18           	clc
  1598 00:0617: 69 12 00     	adc	#L81+4
  1599 00:061A: 1B           	tcs
  1600 00:061B: 60           	rts
  1601             0000000E   L81	equ	14
  1602             00000005   L82	equ	5
  1603                        	ends
  1604                        	efunc
  1605                        ;/*-----------------------------------------------------------*/
  1606                        ;
  1607                        ;/*
  1608                        ; * Reset the state in this file. This state is normally initialized at start up.
  1609                        ; * This function must be called by the application before restarting the
  1610                        ; * scheduler.
  1611                        ; */
  1612                        ;void vPortHeapResetStateStack( void )
  1613                        ;{
  1614                        	code
  1615                        	xdef	_~vPortHeapResetStateStack
  1616                        	func
  1617                        _~vPortHeapResetStateStack:
  1618                        	longa	on
  1619                        	longi	on
  1620                        ;    pxEnd = NULL;
  1621 00:061C: 9C xx xx     	stz	|_~pxEnd
  1622 00:061F: 9C xx xx     	stz	|_~pxEnd+2
  1623                        ;
  1624                        ;    xFreeBytesRemaining = ( size_t ) 0U;
  1625 00:0622: 9C xx xx     	stz	|_~xFreeBytesRemaining
  1626                        ;    xMinimumEverFreeBytesRemaining = ( size_t ) 0U;
  1627 00:0625: 9C xx xx     	stz	|_~xMinimumEverFreeBytesRemaining
  1628                        ;    xNumberOfSuccessfulAllocations = ( size_t ) 0U;
  1629 00:0628: 9C xx xx     	stz	|_~xNumberOfSuccessfulAllocations
  1630                        ;    xNumberOfSuccessfulFrees = ( size_t ) 0U;
  1631 00:062B: 9C xx xx     	stz	|_~xNumberOfSuccessfulFrees
  1632                        ;}
  1633 00:062E: 60           	rts
  1634             00000000   L89	equ	0
  1635             00000001   L90	equ	1
  1636                        	ends
  1637                        	efunc
  1638                        ;/*-----------------------------------------------------------*/
  1639                        ;
  1640                        	xref	_~xTaskResumeAll
  1641                        	xref	_~vTaskSuspendAll
  1642                        	xref	_~pvPortMalloc
  1643                        	xref	_~memset
  1644                        	udata
  1645                        _~xStart
  1646 00:0000:              	ds	6
  1647 00:0006:              	ends
  1648                        	xref	_~ucHeapStack


      Lines assembled: 1648
      Errors: 0
