Section CODE:
	00010000 _BEG_CODE
	00010018 _~debug
	00010071 _~unlink
	0001009a _~print_str
	000100cf _~write
	0001017a _~read
	000101a3 _~close
	000101bc _~open
	000101e7 _~isatty
	0001020e _~lseek
	0001023d _~vApplicationStackOverflowHook
	00010251 _~printHeapStats
	000102e9 _~shellTask
	0001032c _~main
	0001055c _~xEventGroupCreate
	0001059d _~xEventGroupSync
	000106fd _~xEventGroupWaitBits
	0001085e _~xEventGroupClearBits
	000108ba _~xEventGroupGetBitsFromISR
	000108e9 _~xEventGroupSetBits
	00010a3c _~vEventGroupDelete
	00010abd _~vEventGroupSetBitsCallback
	00010adc _~vEventGroupClearBitsCallback
	00010b4a _~vListInitialise
	00010bc0 _~vListInitialiseItem
	00010be0 _~vListInsertEnd
	00010c4e _~vListInsert
	00010d19 _~uxListRemove
	00010da7 _~xQueueGenericReset
	00010f0e _~xQueueGenericCreate
	00011051 _~xQueueCreateMutex
	00011088 _~xQueueGiveMutexRecursive
	000110f3 _~xQueueTakeMutexRecursive
	00011164 _~xQueueCreateCountingSemaphore
	000111af _~xQueueGenericSend
	00011322 _~xQueueGenericSendFromISR
	0001141f _~xQueueGiveFromISR
	00011508 _~xQueueReceive
	00011673 _~xQueueSemaphoreTake
	00011821 _~xQueuePeek
	00011998 _~xQueueReceiveFromISR
	00011a7c _~xQueuePeekFromISR
	00011afc _~uxQueueMessagesWaiting
	00011b26 _~uxQueueSpacesAvailable
	00011b5d _~uxQueueMessagesWaitingFromISR
	00011b8b _~vQueueDelete
	00011be1 _~uxQueueGetQueueItemSize
	00011bfc _~uxQueueGetQueueLength
	00011f24 _~xQueueIsQueueEmptyFromISR
	00011f8b _~xQueueIsQueueFullFromISR
	00011fc8 _~xStreamBufferGenericCreate
	00012083 _~vStreamBufferDelete
	000120cb _~xStreamBufferReset
	0001213d _~xStreamBufferResetFromISR
	000121af _~xStreamBufferSetTriggerLevel
	000121f9 _~xStreamBufferSpacesAvailable
	0001224e _~xStreamBufferBytesAvailable
	0001227e _~xStreamBufferSend
	0001240d _~xStreamBufferSendFromISR
	00012554 _~xStreamBufferReceive
	00012694 _~xStreamBufferNextMessageLengthBytes
	00012701 _~xStreamBufferReceiveFromISR
	0001282a _~xStreamBufferIsEmpty
	00012869 _~xStreamBufferIsFull
	000128c0 _~xStreamBufferSendCompletedFromISR
	00012932 _~xStreamBufferReceiveCompletedFromISR
	00012c0a _~uxStreamBufferGetStreamBufferNotificationIndex
	00012c36 _~vStreamBufferSetStreamBufferNotificationIndex
	00012e09 _~xTaskCreate
	00013138 _~vTaskDelete
	00013226 _~xTaskPeriodicDelay
	000132d1 _~xTaskDelayUntil
	0001338c _~vTaskDelay
	000133d0 _~eTaskGetState
	000134dc _~uxTaskPriorityGet
	00013520 _~uxTaskPriorityGetFromISR
	00013562 _~uxTaskBasePriorityGet
	000135a6 _~uxTaskBasePriorityGetFromISR
	000135e8 _~vTaskPrioritySet
	00013818 _~vTaskSuspend
	000139c0 _~vTaskResume
	00013b13 _~xTaskResumeFromISR
	00013d2e _~vTaskStartScheduler
	00013d6b _~vTaskEndScheduler
	00013da6 _~vTaskSuspendAll
	00013daa _~xTaskResumeAll
	00014083 _~xTaskGetTickCount
	000140a5 _~xTaskGetTickCountFromISR
	000140c7 _~uxTaskGetNumberOfTasks
	000140cb _~pcTaskGetName
	000141ce _~xTaskGetHandle
	00014298 _~xTaskCatchUpTicks
	000142d1 _~xTaskIncrementTick
	0001462f _~vTaskSwitchContext
	000146fc _~vTaskPlaceOnEventList
	0001473c _~vTaskPlaceOnUnorderedEventList
	00014833 _~xTaskRemoveFromEventList
	00014b24 _~vTaskRemoveFromUnorderedEventList
	00014d6c _~vTaskSetTimeOutState
	00014d9f _~vTaskInternalSetTimeOutState
	00014dc7 _~xTaskCheckForTimeOut
	00014e77 _~vTaskMissedYield
	00014fac _~uxTaskGetStackHighWaterMark
	00015078 _~xTaskGetCurrentTaskHandle
	00015098 _~xTaskGetCurrentTaskHandleForCore
	000150d6 _~xTaskGetSchedulerState
	00015102 _~xTaskPriorityInherit
	000152e0 _~xTaskPriorityDisinherit
	00015469 _~vTaskPriorityDisinheritAfterTimeout
	00015634 _~uxTaskResetEventItemValue
	0001569a _~pvTaskIncrementMutexHeldCount
	000156c8 _~ulTaskGenericNotifyTake
	000158a1 _~xTaskGenericNotifyWait
	00015a72 _~xTaskGenericNotify
	00015da1 _~xTaskGenericNotifyFromISR
	00016170 _~vTaskGenericNotifyGiveFromISR
	00016444 _~xTaskGenericNotifyStateClear
	000164b4 _~ulTaskGenericNotifyValueClear
	00016709 _~vTaskResetState
	00016840 _~pvPortMallocStack
	00016a33 _~vPortFreeStack
	00016b39 _~xPortGetFreeHeapSizeStack
	00016b3d _~xPortGetMinimumEverFreeHeapSizeStack
	00016b41 _~xPortResetHeapMinimumEverFreeHeapSizeStack
	00016b48 _~vPortInitialiseBlocksStack
	00016b49 _~pvPortCallocStack
	00016dc1 _~vPortGetHeapStatsStack
	00016eb9 _~vPortHeapResetStateStack
	00016ecc _~pvPortMalloc
	000170df _~vPortFree
	000171cd _~xPortGetFreeHeapSize
	000171d1 _~xPortGetMinimumEverFreeHeapSize
	000171d5 _~xPortResetHeapMinimumEverFreeHeapSize
	000171e2 _~pvPortCalloc
	00017470 _~vPortDefineHeapRegions
	00017602 _~vPortGetHeapStats
	0001770c _~vPortHeapResetState
	0001772b _~vPortEndScheduler
	0001772c _~xPortStartScheduler
	00017742 _~prvSetupTimerInterrupt
	00017761 _~pxPortInitialiseStack
	000177aa _~vPortYield
	000177f1 _~vPortYieldFromTick
	00017825 _~fflush
	0001789c _~free
	0001795f _~malloc
	00017a35 _~memcpy
	00017a60 _~memset
	00017a88 _~printf
	00017acb _~sbrk
	00017b15 _~strlen
	00017b2f _~vsprintf
	00017b87 _~~fmov
	00017ba4 _~~fsw
	00017bd2 _~~lasl
	00017bfd _~~ldiv
	00017c46 _~~llsr
	00017c72 _~~lmul
	00017cb9 _~~ludv
	00017cce _~~mul
	00017d0f _~~swt
	00017d35 _~~udv
	00017d69 _~_flsbuf
	00018000 _~_format
	000187d9 _~_getbuf
	0001889c _~~comdiv
	000188dc _~~lumd
	000188ec _~_closeall
	0001892b _~fclose
	00018a23 _~strcpy
	00018a44 _~~umd
	00018a49 _END_CODE

Section DATA:
	00018a49 _BEG_DATA
	00018a49 _~ucHeapStack
	00018a4d _~debug_char
	00018a51 _~debug_hex
	00018a55 _~debug_reset
	00018a59 _~ansi_white
	00018a62 _~ansi_red
	00018a6c _~ansi_yellow
	00018a78 _~ansi_clrhome
	00018a84 _~far_heap_start
	00018a88 _~far_heap_end
	00018a8c _~heap_start
	00018a90 _~heap_end
	00018cee _~pxCurrentTCB
	00018d49 _~_iob
	00018efb _~_ctype
	00019000 _END_DATA

Section UDATA:
	00019000 _BEG_UDATA
	000190ce _~_heap_top
	000192d2 _~_mem_start
	000192d6 _~_close_stdio
	000192d8 _END_UDATA

