Section CODE:
	00010000 _BEG_CODE
	0001001e _~debug
	00010077 _~unlink
	000100a0 _~print_str
	000100d5 _~write
	00010180 _~read
	000101a9 _~close
	000101c2 _~open
	000101ed _~isatty
	00010214 _~lseek
	00010243 _~vApplicationStackOverflowHook
	00010257 _~printHeapStats
	000102ef _~shellTask
	00010360 _~main
	000104ed _~xEventGroupCreate
	0001052e _~xEventGroupSync
	0001068d _~xEventGroupWaitBits
	000107ed _~xEventGroupClearBits
	00010849 _~xEventGroupGetBitsFromISR
	00010878 _~xEventGroupSetBits
	000109cb _~vEventGroupDelete
	00010a4c _~vEventGroupSetBitsCallback
	00010a6b _~vEventGroupClearBitsCallback
	00010ad9 _~vListInitialise
	00010b4f _~vListInitialiseItem
	00010b6f _~vListInsertEnd
	00010bdd _~vListInsert
	00010ca8 _~uxListRemove
	00010d36 _~xQueueGenericReset
	00010e9c _~xQueueGenericCreate
	00010fdf _~xQueueCreateMutex
	00011016 _~xQueueGiveMutexRecursive
	00011081 _~xQueueTakeMutexRecursive
	000110f2 _~xQueueCreateCountingSemaphore
	0001113d _~xQueueGenericSend
	000112ae _~xQueueGenericSendFromISR
	000113ab _~xQueueGiveFromISR
	00011494 _~xQueueReceive
	000115fd _~xQueueSemaphoreTake
	000117a9 _~xQueuePeek
	0001191e _~xQueueReceiveFromISR
	00011a02 _~xQueuePeekFromISR
	00011a82 _~uxQueueMessagesWaiting
	00011aac _~uxQueueSpacesAvailable
	00011ae3 _~uxQueueMessagesWaitingFromISR
	00011b11 _~vQueueDelete
	00011b67 _~uxQueueGetQueueItemSize
	00011b82 _~uxQueueGetQueueLength
	00011eaa _~xQueueIsQueueEmptyFromISR
	00011f11 _~xQueueIsQueueFullFromISR
	00011f4e _~xStreamBufferGenericCreate
	00012009 _~vStreamBufferDelete
	00012051 _~xStreamBufferReset
	000120c3 _~xStreamBufferResetFromISR
	00012135 _~xStreamBufferSetTriggerLevel
	0001217f _~xStreamBufferSpacesAvailable
	000121d4 _~xStreamBufferBytesAvailable
	00012204 _~xStreamBufferSend
	00012393 _~xStreamBufferSendFromISR
	000124da _~xStreamBufferReceive
	0001261a _~xStreamBufferNextMessageLengthBytes
	00012687 _~xStreamBufferReceiveFromISR
	000127b0 _~xStreamBufferIsEmpty
	000127ef _~xStreamBufferIsFull
	00012846 _~xStreamBufferSendCompletedFromISR
	000128b8 _~xStreamBufferReceiveCompletedFromISR
	00012b90 _~uxStreamBufferGetStreamBufferNotificationIndex
	00012bbc _~vStreamBufferSetStreamBufferNotificationIndex
	00012d8f _~xTaskCreate
	000130c6 _~vTaskDelete
	000131b3 _~xTaskPeriodicDelay
	0001325d _~xTaskDelayUntil
	00013317 _~vTaskDelay
	0001335a _~eTaskGetState
	00013466 _~uxTaskPriorityGet
	000134aa _~uxTaskPriorityGetFromISR
	000134ec _~uxTaskBasePriorityGet
	00013530 _~uxTaskBasePriorityGetFromISR
	00013572 _~vTaskPrioritySet
	000137a1 _~vTaskSuspend
	00013948 _~vTaskResume
	00013a9a _~xTaskResumeFromISR
	00013cb5 _~vTaskStartScheduler
	00013cf2 _~vTaskEndScheduler
	00013d2d _~vTaskSuspendAll
	00013d31 _~xTaskResumeAll
	00014009 _~xTaskGetTickCount
	0001402b _~xTaskGetTickCountFromISR
	0001404d _~uxTaskGetNumberOfTasks
	00014051 _~pcTaskGetName
	00014154 _~xTaskGetHandle
	0001421e _~xTaskCatchUpTicks
	00014257 _~xTaskIncrementTick
	000145b5 _~vTaskSwitchContext
	00014682 _~vTaskPlaceOnEventList
	000146c2 _~vTaskPlaceOnUnorderedEventList
	000147b9 _~xTaskRemoveFromEventList
	00014aaa _~vTaskRemoveFromUnorderedEventList
	00014cf2 _~vTaskSetTimeOutState
	00014d25 _~vTaskInternalSetTimeOutState
	00014d4d _~xTaskCheckForTimeOut
	00014dfd _~vTaskMissedYield
	00014f55 _~uxTaskGetStackHighWaterMark
	00015021 _~xTaskGetCurrentTaskHandle
	00015041 _~xTaskGetCurrentTaskHandleForCore
	0001507f _~xTaskGetSchedulerState
	000150ab _~xTaskPriorityInherit
	00015289 _~xTaskPriorityDisinherit
	00015412 _~vTaskPriorityDisinheritAfterTimeout
	000155dd _~uxTaskResetEventItemValue
	00015643 _~pvTaskIncrementMutexHeldCount
	00015671 _~ulTaskGenericNotifyTake
	00015849 _~xTaskGenericNotifyWait
	00015a19 _~xTaskGenericNotify
	00015d47 _~xTaskGenericNotifyFromISR
	00016116 _~vTaskGenericNotifyGiveFromISR
	000163ea _~xTaskGenericNotifyStateClear
	0001645a _~ulTaskGenericNotifyValueClear
	000166af _~vTaskResetState
	000167e6 _~pvPortMallocStack
	000169d9 _~vPortFreeStack
	00016adf _~xPortGetFreeHeapSizeStack
	00016ae3 _~xPortGetMinimumEverFreeHeapSizeStack
	00016ae7 _~xPortResetHeapMinimumEverFreeHeapSizeStack
	00016aee _~vPortInitialiseBlocksStack
	00016aef _~pvPortCallocStack
	00016d67 _~vPortGetHeapStatsStack
	00016e5f _~vPortHeapResetStateStack
	00016e72 _~pvPortMalloc
	00017085 _~vPortFree
	00017173 _~xPortGetFreeHeapSize
	00017177 _~xPortGetMinimumEverFreeHeapSize
	0001717b _~xPortResetHeapMinimumEverFreeHeapSize
	00017188 _~pvPortCalloc
	00017416 _~vPortDefineHeapRegions
	000175a8 _~vPortGetHeapStats
	000176b2 _~vPortHeapResetState
	000176d1 _~vPortEndScheduler
	000176d2 _~xPortStartScheduler
	000176e8 _~prvSetupTimerInterrupt
	00017707 _~pxPortInitialiseStack
	00017750 _~vPortYield
	00017795 _~vPortYieldFromTick
	00017813 _~free
	000178d6 _~malloc
	000179ac _~memcpy
	000179d7 _~memset
	000179ff _~printf
	00017a42 _~sbrk
	00017a8c _~strlen
	00017aa6 _~vsprintf
	00017afe _~~fmov
	00017b1b _~~fsw
	00017b49 _~~lasl
	00017b74 _~~ldiv
	00017bbd _~~llsr
	00017be9 _~~lmul
	00017c30 _~~ludv
	00017c45 _~~mul
	00017c86 _~~swt
	00017cac _~~udv
	00017ce0 _~_format
	000184b9 _~~comdiv
	000184f9 _~~lumd
	00018509 _~_flsbuf
	000187a0 _~_getbuf
	00018863 _~_closeall
	000188a2 _~fclose
	0001899a _~fflush
	00018a11 _~strcpy
	00018a32 _~~umd
	00018a37 _END_CODE

Section DATA:
	00018a37 _BEG_DATA
	00018a37 _~ucHeapStack
	00018a3b _~debug_char
	00018a3f _~debug_hex
	00018a43 _~debug_reset
	00018a47 _~ansi_white
	00018a50 _~ansi_red
	00018a5a _~ansi_yellow
	00018a66 _~ansi_clrhome
	00018a72 _~parm
	00018a82 _~xHeapRegions
	00018aa2 _~far_heap_start
	00018aa6 _~far_heap_end
	00018aaa _~heap_start
	00018aae _~heap_end
	00018cce _~pxCurrentTCB
	00018d4b _~_iob
	00018edb _~_ctype
	00018fe0 _END_DATA

Section UDATA:
	00018fe0 _BEG_UDATA
	000190ae _~_heap_top
	000192b2 _~_mem_start
	000192b6 _~_close_stdio
	000192b8 _END_UDATA

