Section CODE:
	00010000 _BEG_CODE
	0001000d _~vApplicationStackOverflowHook
	00010021 _~printHeapStats
	000100b9 _~shellTask
	0001017b _~main
	00010852 _~printf
	0001088c _~sprintf
	000108c9 _~snprintf
	00010906 _~xEventGroupCreate
	00010947 _~xEventGroupSync
	00010aa7 _~xEventGroupWaitBits
	00010c08 _~xEventGroupClearBits
	00010c64 _~xEventGroupGetBitsFromISR
	00010c93 _~xEventGroupSetBits
	00010de6 _~vEventGroupDelete
	00010e67 _~vEventGroupSetBitsCallback
	00010e86 _~vEventGroupClearBitsCallback
	00010ef4 _~vListInitialise
	00010f6a _~vListInitialiseItem
	00010f8a _~vListInsertEnd
	00010ff8 _~vListInsert
	000110c3 _~uxListRemove
	00011151 _~xQueueGenericReset
	000112b8 _~xQueueGenericCreate
	000113fb _~xQueueCreateMutex
	00011432 _~xQueueGiveMutexRecursive
	0001149d _~xQueueTakeMutexRecursive
	0001150e _~xQueueCreateCountingSemaphore
	00011559 _~xQueueGenericSend
	000116cc _~xQueueGenericSendFromISR
	000117c9 _~xQueueGiveFromISR
	000118b2 _~xQueueReceive
	00011a1d _~xQueueSemaphoreTake
	00011bcb _~xQueuePeek
	00011d42 _~xQueueReceiveFromISR
	00011e26 _~xQueuePeekFromISR
	00011ea6 _~uxQueueMessagesWaiting
	00011ed0 _~uxQueueSpacesAvailable
	00011f07 _~uxQueueMessagesWaitingFromISR
	00011f35 _~vQueueDelete
	00011f8b _~uxQueueGetQueueItemSize
	00011fa6 _~uxQueueGetQueueLength
	000122ce _~xQueueIsQueueEmptyFromISR
	00012335 _~xQueueIsQueueFullFromISR
	00012372 _~xStreamBufferGenericCreate
	0001242d _~vStreamBufferDelete
	00012475 _~xStreamBufferReset
	000124e7 _~xStreamBufferResetFromISR
	00012559 _~xStreamBufferSetTriggerLevel
	000125a3 _~xStreamBufferSpacesAvailable
	000125f8 _~xStreamBufferBytesAvailable
	00012628 _~xStreamBufferSend
	000127b7 _~xStreamBufferSendFromISR
	000128fe _~xStreamBufferReceive
	00012a3e _~xStreamBufferNextMessageLengthBytes
	00012aab _~xStreamBufferReceiveFromISR
	00012bd4 _~xStreamBufferIsEmpty
	00012c13 _~xStreamBufferIsFull
	00012c6a _~xStreamBufferSendCompletedFromISR
	00012cdc _~xStreamBufferReceiveCompletedFromISR
	00012fb4 _~uxStreamBufferGetStreamBufferNotificationIndex
	00012fe0 _~vStreamBufferSetStreamBufferNotificationIndex
	000131b3 _~xTaskCreate
	000134e2 _~vTaskDelete
	000135d0 _~xTaskPeriodicDelay
	0001367b _~xTaskDelayUntil
	00013736 _~vTaskDelay
	0001377a _~eTaskGetState
	00013886 _~uxTaskPriorityGet
	000138ca _~uxTaskPriorityGetFromISR
	0001390c _~uxTaskBasePriorityGet
	00013950 _~uxTaskBasePriorityGetFromISR
	00013992 _~vTaskPrioritySet
	00013bc2 _~vTaskSuspend
	00013d6a _~vTaskResume
	00013ebd _~xTaskResumeFromISR
	000140d8 _~vTaskStartScheduler
	00014115 _~vTaskEndScheduler
	00014150 _~vTaskSuspendAll
	00014154 _~xTaskResumeAll
	0001442d _~xTaskGetTickCount
	0001444f _~xTaskGetTickCountFromISR
	00014471 _~uxTaskGetNumberOfTasks
	00014475 _~pcTaskGetName
	00014578 _~xTaskGetHandle
	00014642 _~xTaskCatchUpTicks
	0001467b _~xTaskIncrementTick
	000149d9 _~vTaskSwitchContext
	00014aa6 _~vTaskPlaceOnEventList
	00014ae6 _~vTaskPlaceOnUnorderedEventList
	00014bdd _~xTaskRemoveFromEventList
	00014ece _~vTaskRemoveFromUnorderedEventList
	00015116 _~vTaskSetTimeOutState
	00015149 _~vTaskInternalSetTimeOutState
	00015171 _~xTaskCheckForTimeOut
	00015221 _~vTaskMissedYield
	00015356 _~uxTaskGetStackHighWaterMark
	00015422 _~xTaskGetCurrentTaskHandle
	00015442 _~xTaskGetCurrentTaskHandleForCore
	00015480 _~xTaskGetSchedulerState
	000154ac _~xTaskPriorityInherit
	0001568a _~xTaskPriorityDisinherit
	00015813 _~vTaskPriorityDisinheritAfterTimeout
	000159de _~uxTaskResetEventItemValue
	00015a44 _~pvTaskIncrementMutexHeldCount
	00015a72 _~ulTaskGenericNotifyTake
	00015c4b _~xTaskGenericNotifyWait
	00015e1c _~xTaskGenericNotify
	0001614b _~xTaskGenericNotifyFromISR
	0001651a _~vTaskGenericNotifyGiveFromISR
	000167ee _~xTaskGenericNotifyStateClear
	0001685e _~ulTaskGenericNotifyValueClear
	00016ab3 _~vTaskResetState
	00016bea _~pvPortMallocStack
	00016ddd _~vPortFreeStack
	00016ee3 _~xPortGetFreeHeapSizeStack
	00016ee7 _~xPortGetMinimumEverFreeHeapSizeStack
	00016eeb _~xPortResetHeapMinimumEverFreeHeapSizeStack
	00016ef2 _~vPortInitialiseBlocksStack
	00016ef3 _~pvPortCallocStack
	0001716b _~vPortGetHeapStatsStack
	00017263 _~vPortHeapResetStateStack
	00017276 _~pvPortMalloc
	00017489 _~vPortFree
	00017577 _~xPortGetFreeHeapSize
	0001757b _~xPortGetMinimumEverFreeHeapSize
	0001757f _~xPortResetHeapMinimumEverFreeHeapSize
	0001758c _~pvPortCalloc
	0001781a _~vPortDefineHeapRegions
	000179ac _~vPortGetHeapStats
	00017ab6 _~vPortHeapResetState
	00017ad5 _~vPortEndScheduler
	00017ad6 _~xPortStartScheduler
	00017aec _~prvSetupTimerInterrupt
	00017b0b _~pxPortInitialiseStack
	00017b68 _~vPortYield
	00017baf _~vPortYieldFromTick
	00017be3 _~disk_status
	00017c0e _~disk_initialize
	00017c39 _~disk_read
	00017c6e _~disk_write
	00017ca3 _~disk_ioctl
	0001a805 _~f_mount
	0001a910 _~f_open
	0001ad73 _~f_read
	0001b168 _~f_write
	0001b609 _~f_sync
	0001b786 _~f_close
	0001b7e4 _~f_chdrive
	0001b81d _~f_chdir
	0001b8c5 _~f_getcwd
	0001ba80 _~f_lseek
	0001c172 _~f_opendir
	0001c286 _~f_closedir
	0001c2db _~f_readdir
	0001c37e _~f_findnext
	0001c3dc _~f_findfirst
	0001c41f _~f_stat
	0001c4b0 _~f_getfree
	0001c6c1 _~f_truncate
	0001c86e _~f_unlink
	0001c9c2 _~f_mkdir
	0001cbf7 _~f_rename
	0001ce06 _~f_expand
	0001d0f2 _~f_forward
	0001d7f5 _~f_mkfs
	0001e421 _~ff_mutex_create
	0001e46a _~ff_mutex_delete
	0001e494 _~ff_mutex_take
	0001e4d1 _~ff_mutex_give
	0001e50a _~memcmp
	0001e540 _~memcpy
	0001e56b _~memset
	0001e593 _~strchr
	0001e5c0 _~strlen
	0001e5da _~~asl
	0001e5e2 _~~cal
	0001e5e5 _~~fmov
	0001e602 _~~fsw
	0001e630 _~~lasl
	0001e65b _~~ldiv
	0001e6a4 _~~llsr
	0001e6d0 _~~lmul
	0001e717 _~~lsr
	0001e71f _~~ludv
	0001e734 _~~lumd
	0001e744 _~~mul
	0001e785 _~~swt
	0001e7ab _~~udv
	0001e7df _~~umd
	0001e7e4 _~~comdiv
	0001e824 _END_CODE

Section DATA:
	0001e824 _BEG_DATA
	0001e824 _~ucHeapStack
	0001e828 _~debug_char
	0001e82c _~debug_hex
	0001e830 _~debug_reset
	0001e834 _~ansi_white
	0001e83d _~ansi_red
	0001e847 _~ansi_yellow
	0001e853 _~ansi_clrhome
	0001ea4d _~pxCurrentTCB
	0001ec5e _END_DATA

Section UDATA:
	0001ec5e _BEG_UDATA
	0001ec5e _~Fil
	0001ee8a _~FatFs
	0001f35d _END_UDATA

