  Wed Sep 16 2026 17:13                                                                                                    Page 1


                                               ***************************************
                                               **      WDC 65C816 Macro Assembler   **
                                               **                                   **
                                               **     Version 3.49.1- Feb  6 2006    **
                                               ***************************************

     1                        ;:ts=8
     2             00000001   R0	equ	1
     3             00000005   R1	equ	5
     4             00000009   R2	equ	9
     5             0000000D   R3	equ	13
     6                        ;#include <stdio.h>
     7                        ;#include <stdlib.h>
     8                        ;#include <fcntl.h>
     9                        ;
    10                        ;#include "FreeRTOS.h"
    11                        ;#include "task.h"
    12                        ;
    13                        ;char *ucHeapStack = (char *)0x0200;
    14                        	data
    15                        	xdef	_~ucHeapStack
    16                        _~ucHeapStack:
    17 00:0000: 00 02 00 00  	dl	$200
    18 00:0004:              	ends
    19                        ;
    20                        ;volatile char* debug_char = (volatile char *) 0xfffff0;
    21                        	data
    22                        	xdef	_~debug_char
    23                        _~debug_char:
    24 00:0004: F0 FF FF 00  	dl	$FFFFF0
    25 00:0008:              	ends
    26                        ;volatile char* debug_hex  = (volatile char *) 0xfffff1;
    27                        	data
    28                        	xdef	_~debug_hex
    29                        _~debug_hex:
    30 00:0008: F1 FF FF 00  	dl	$FFFFF1
    31 00:000C:              	ends
    32                        ;volatile char* debug_reset  = (volatile char *) 0xfffff2;
    33                        	data
    34                        	xdef	_~debug_reset
    35                        _~debug_reset:
    36 00:000C: F2 FF FF 00  	dl	$FFFFF2
    37 00:0010:              	ends
    38                        ;
    39                        ;const char *ansi_white = "\033[0m";
    40                        	data
    41                        	xdef	_~ansi_white
    42                        _~ansi_white:
    43 00:0010: xx xx xx xx  	dl	L1+0
    44 00:0014:              	ends
    45                        	data
    46                        L1:
    47 00:0014: 1B 5B 30 6D  	db	$1B,$5B,$30,$6D,$00
       00:0018: 00 
    48 00:0019:              	ends
    49                        ;const char *ansi_red = "\033[31m";
    50                        	data
    51                        	xdef	_~ansi_red
  Wed Sep 16 2026 17:13                                                                                                    Page 2


    52                        _~ansi_red:
    53 00:0019: xx xx xx xx  	dl	L2+0
    54 00:001D:              	ends
    55                        	data
    56                        L2:
    57 00:001D: 1B 5B 33 31  	db	$1B,$5B,$33,$31,$6D,$00
       00:0021: 6D 00 
    58 00:0023:              	ends
    59                        ;const char *ansi_yellow = "\033[33;1m";
    60                        	data
    61                        	xdef	_~ansi_yellow
    62                        _~ansi_yellow:
    63 00:0023: xx xx xx xx  	dl	L3+0
    64 00:0027:              	ends
    65                        	data
    66                        L3:
    67 00:0027: 1B 5B 33 33  	db	$1B,$5B,$33,$33,$3B,$31,$6D,$00
       00:002B: 3B 31 6D 00 
    68 00:002F:              	ends
    69                        ;const char *ansi_clrhome = "\033[2J\033[H";
    70                        	data
    71                        	xdef	_~ansi_clrhome
    72                        _~ansi_clrhome:
    73 00:002F: xx xx xx xx  	dl	L4+0
    74 00:0033:              	ends
    75                        	data
    76                        L4:
    77 00:0033: 1B 5B 32 4A  	db	$1B,$5B,$32,$4A,$1B,$5B,$48,$00
       00:0037: 1B 5B 48 00 
    78 00:003B:              	ends
    79                        ;
    80                        ;const char parm[] = "parameter 98429";
    81                        	data
    82                        	xdef	_~parm
    83                        _~parm:
    84 00:003B: 70 61 72 61  	db	$70,$61,$72,$61,$6D,$65,$74,$65,$72,$20
       00:003F: 6D 65 74 65 
       00:0043: 72 20 
    85 00:0045: 39 38 34 32  	db	$39,$38,$34,$32,$39,$0
       00:0049: 39 00 
    86 00:004B:              	ends
    87                        ;
    88                        ;const HeapRegion_t xHeapRegions[] = 
    89                        	data
    90                        	xdef	_~xHeapRegions
    91                        _~xHeapRegions:
    92                        ;{
    93                        ;    /* Region 1: Internes schnelles RAM (z.B. ab 0x20000000, Größe 64 KB) */
    94                        ;    { ( uint8_t * ) 0x020000, 0xffff }, 
    95 00:004B: 00 00 02 00  	dl	$20000,$FFFF
       00:004F: FF FF 00 00 
    96                        ;    
    97                        ;    /* Region 2: Zweiter RAM-Block oder CCM-RAM (z.B. ab 0x30000000, Größe 128 KB) */
    98                        ;    { ( uint8_t * ) 0x030000, 0xffff }, 
    99 00:0053: 00 00 03 00  	dl	$30000,$FFFF
       00:0057: FF FF 00 00 
   100                        ;    
   101                        ;    /* Region 3: Externes schnelles SDRAM (z.B. ab 0xD0000000, Größe 1 MB) */
  Wed Sep 16 2026 17:13                                                                                                    Page 3


   102                        ;    { ( uint8_t * ) 0x040000, 0xffff }, 
   103 00:005B: 00 00 04 00  	dl	$40000,$FFFF
       00:005F: FF FF 00 00 
   104                        ;    
   105                        ;    /* Array-Terminierung: MUSS immer als letztes Element stehen! */
   106                        ;    { NULL, 0 } 
   107 00:0063: 00 00 00 00  	dl	$0,$0
       00:0067: 00 00 00 00 
   108                        ;};
   109 00:006B:              	ends
   110                        ;
   111                        ;#asm
   112                        ;	;wdm 7
   113                        ;	clc
   114                        ;	xce
   115                        ;	rep #$30
   116                        ;	lda #$efff
   117                        ;	tcs
   118                        ;	phk
   119                        ;	plb
   120                        ;	jmp _~main
   121                        ;#endasm
   122                        	asmstart
   123                        	;wdm 7
   124 00:0000: 18           	clc
   125 00:0001: FB           	xce
   126 00:0002: C2 30        	rep #$30
   127 00:0004: A9 FF EF     	lda #$efff
   128 00:0007: 1B           	tcs
   129 00:0008: 4B           	phk
   130 00:0009: AB           	plb
   131 00:000A: 4C xx xx     	jmp _~main
   132                        	asmend
   133                        ;
   134                        ;#include "wdc_misc.h"
   135                        	data
   136                        	xdef	_~far_heap_start
   137                        _~far_heap_start:
   138 00:006B: 00 00 01 00  	dl	$10000
   139 00:006F:              	ends
   140                        	data
   141                        	xdef	_~far_heap_end
   142                        _~far_heap_end:
   143 00:006F: FF FF 02 00  	dl	$2FFFF
   144 00:0073:              	ends
   145                        	data
   146                        	xdef	_~heap_start
   147                        _~heap_start:
   148 00:0073: 00 00 03 00  	dl	$30000
   149 00:0077:              	ends
   150                        	data
   151                        	xdef	_~heap_end
   152                        _~heap_end:
   153 00:0077: FF FF 03 00  	dl	$3FFFF
   154 00:007B:              	ends
   155                        	asmstart
   156 00:000D: 4C xx xx     	jmp startup
   157 00:0010: DC FC DF     	jml ($dffc)
  Wed Sep 16 2026 17:13                                                                                                    Page 4


   158                        	
   159                        startup
   160 00:0013: 18           	clc
   161 00:0014: FB           	xce
   162 00:0015: C2 30        	rep #$30
   163 00:0017: A9 FF EF     	lda #$efff
   164 00:001A: 1B           	tcs
   165 00:001B: 4C xx xx     	jmp _~main
   166                        	asmend
   167                        	code
   168                        	xdef	_~debug
   169                        	func
   170                        _~debug:
   171                        	longa	on
   172                        	longi	on
   173 00:001E: 3B           	tsc
   174 00:001F: 38           	sec
   175 00:0020: E9 08 00     	sbc	#L6
   176 00:0023: 1B           	tcs
   177 00:0024: 0B           	phd
   178 00:0025: 5B           	tcd
   179             00000005   format_0	set	5
   180             00000000   args_1	set	0
   181             00000004   strbuf_1	set	4
   182 00:0026: F4 00 01     	pea	#<$100
   183 00:0029: 20 xx xx     	jsr	_~malloc
   184 00:002C: 85 05        	sta	<L7+strbuf_1
   185 00:002E: 86 07        	stx	<L7+strbuf_1+2
   186 00:0030: 18           	clc
   187 00:0031: 7B           	tdc
   188 00:0032: 69 11 00     	adc	#<L6+format_0+4
   189 00:0035: 85 01        	sta	<L7+args_1
   190 00:0037: A9 00 00     	lda	#$0
   191 00:003A: 85 03        	sta	<L7+args_1+2
   192 00:003C: 48           	pha
   193 00:003D: D4 01        	pei	<L7+args_1
   194 00:003F: D4 0F        	pei	<L6+format_0+2
   195 00:0041: D4 0D        	pei	<L6+format_0
   196 00:0043: D4 07        	pei	<L7+strbuf_1+2
   197 00:0045: D4 05        	pei	<L7+strbuf_1
   198 00:0047: 20 xx xx     	jsr	_~vsprintf
   199 00:004A: D4 07        	pei	<L7+strbuf_1+2
   200 00:004C: D4 05        	pei	<L7+strbuf_1
   201 00:004E: 20 xx xx     	jsr	_~strlen
   202 00:0051: 48           	pha
   203 00:0052: D4 07        	pei	<L7+strbuf_1+2
   204 00:0054: D4 05        	pei	<L7+strbuf_1
   205 00:0056: F4 00 00     	pea	#<$0
   206 00:0059: 20 xx xx     	jsr	_~write
   207 00:005C: D4 07        	pei	<L7+strbuf_1+2
   208 00:005E: D4 05        	pei	<L7+strbuf_1
   209 00:0060: 20 xx xx     	jsr	_~free
   210 00:0063: DA           	phx
   211 00:0064: A6 0B        	ldx	<L6+3
   212 00:0066: A5 09        	lda	<L6+1
   213 00:0068: 95 09        	sta	<L6+1,X
   214 00:006A: 8A           	txa
   215 00:006B: FA           	plx
  Wed Sep 16 2026 17:13                                                                                                    Page 5


   216 00:006C: 2B           	pld
   217 00:006D: 48           	pha
   218 00:006E: 3B           	tsc
   219 00:006F: 18           	clc
   220 00:0070: 69 0A 00     	adc	#L6+2
   221 00:0073: 63 01        	adc	<1,s
   222 00:0075: 1B           	tcs
   223 00:0076: 60           	rts
   224             00000008   L6	equ	8
   225             00000001   L7	equ	1
   226                        	ends
   227                        	efunc
   228                        	code
   229                        	xdef	_~unlink
   230                        	func
   231                        _~unlink:
   232                        	longa	on
   233                        	longi	on
   234 00:0077: 3B           	tsc
   235 00:0078: 38           	sec
   236 00:0079: E9 00 00     	sbc	#L9
   237 00:007C: 1B           	tcs
   238 00:007D: 0B           	phd
   239 00:007E: 5B           	tcd
   240             00000003   pchar_0	set	3
   241 00:007F: D4 05        	pei	<L9+pchar_0+2
   242 00:0081: D4 03        	pei	<L9+pchar_0
   243 00:0083: F4 xx xx     	pea	#^L5
   244 00:0086: F4 xx xx     	pea	#<L5
   245 00:0089: F4 0A 00     	pea	#10
   246 00:008C: 20 xx xx     	jsr	_~debug
   247 00:008F: A9 01 00     	lda	#$1
   248 00:0092: A8           	tay
   249 00:0093: A5 01        	lda	<L9+1
   250 00:0095: 85 05        	sta	<L9+1+4
   251 00:0097: 2B           	pld
   252 00:0098: 3B           	tsc
   253 00:0099: 18           	clc
   254 00:009A: 69 04 00     	adc	#L9+4
   255 00:009D: 1B           	tcs
   256 00:009E: 98           	tya
   257 00:009F: 60           	rts
   258             00000000   L9	equ	0
   259             00000001   L10	equ	1
   260                        	ends
   261                        	efunc
   262                        	data
   263                        L5:
   264 00:007B: 75 6E 6C 69  	db	$75,$6E,$6C,$69,$6E,$6B,$20,$63,$61,$6C,$6C,$65,$64,$20,$6E
       00:007F: 6E 6B 20 63 
       00:0083: 61 6C 6C 65 
       00:0087: 64 20 6E 
   265 00:008A: 61 6D 65 3A  	db	$61,$6D,$65,$3A,$20,$25,$73,$0A,$00
       00:008E: 20 25 73 0A 
       00:0092: 00 
   266 00:0093:              	ends
   267                        	code
   268                        	xdef	_~print_str
  Wed Sep 16 2026 17:13                                                                                                    Page 6


   269                        	func
   270                        _~print_str:
   271                        	longa	on
   272                        	longi	on
   273 00:00A0: 3B           	tsc
   274 00:00A1: 38           	sec
   275 00:00A2: E9 04 00     	sbc	#L13
   276 00:00A5: 1B           	tcs
   277 00:00A6: 0B           	phd
   278 00:00A7: 5B           	tcd
   279             00000003   str_0	set	3
   280 00:00A8: 80 18        	bra	L10001
   281                        L20001:
   282 00:00AA: AD xx xx     	lda	|_~debug_char
   283 00:00AD: 85 01        	sta	<R0
   284 00:00AF: AD xx xx     	lda	|_~debug_char+2
   285 00:00B2: 85 03        	sta	<R0+2
   286 00:00B4: E2 20        	sep	#$20
   287                        	longa	off
   288 00:00B6: A7 07        	lda	[<L13+str_0]
   289 00:00B8: 87 01        	sta	[<R0]
   290 00:00BA: C2 20        	rep	#$20
   291                        	longa	on
   292 00:00BC: E6 07        	inc	<L13+str_0
   293 00:00BE: D0 02        	bne	L10001
   294 00:00C0: E6 09        	inc	<L13+str_0+2
   295                        L10001:
   296 00:00C2: A7 07        	lda	[<L13+str_0]
   297 00:00C4: 29 FF 00     	and	#$ff
   298 00:00C7: D0 E1        	bne	L20001
   299 00:00C9: A5 05        	lda	<L13+1
   300 00:00CB: 85 09        	sta	<L13+1+4
   301 00:00CD: 2B           	pld
   302 00:00CE: 3B           	tsc
   303 00:00CF: 18           	clc
   304 00:00D0: 69 08 00     	adc	#L13+4
   305 00:00D3: 1B           	tcs
   306 00:00D4: 60           	rts
   307             00000004   L13	equ	4
   308             00000005   L14	equ	5
   309                        	ends
   310                        	efunc
   311                        	code
   312                        	xdef	_~write
   313                        	func
   314                        _~write:
   315                        	longa	on
   316                        	longi	on
   317 00:00D5: 3B           	tsc
   318 00:00D6: 38           	sec
   319 00:00D7: E9 0C 00     	sbc	#L18
   320 00:00DA: 1B           	tcs
   321 00:00DB: 0B           	phd
   322 00:00DC: 5B           	tcd
   323             00000003   fd_0	set	3
   324             00000005   buf_0	set	5
   325             00000009   size_0	set	9
   326             00000000   p_1	set	0
  Wed Sep 16 2026 17:13                                                                                                    Page 7


   327             00000004   ansi_1	set	4
   328 00:00DD: A5 11        	lda	<L18+buf_0
   329 00:00DF: 85 05        	sta	<L19+p_1
   330 00:00E1: A5 13        	lda	<L18+buf_0+2
   331 00:00E3: 85 07        	sta	<L19+p_1+2
   332 00:00E5: A5 0F        	lda	<L18+fd_0
   333                        	xref	_~~swt
   334 00:00E7: 20 xx xx     	jsr	_~~swt
   335 00:00EA: 02 00        	dw	2
   336 00:00EC: 00 00        	dw	0
   337 00:00EE: xx xx        	dw	L10005-1
   338 00:00F0: 02 00        	dw	2
   339 00:00F2: xx xx        	dw	L10006-1
   340 00:00F4: xx xx        	dw	L10007-1
   341                        L10005:
   342 00:00F6: AD xx xx     	lda	|_~ansi_yellow
   343 00:00F9: 85 09        	sta	<L19+ansi_1
   344 00:00FB: AD xx xx     	lda	|_~ansi_yellow+2
   345                        L20002:
   346 00:00FE: 85 0B        	sta	<L19+ansi_1+2
   347                        L10004:
   348 00:0100: D4 0B        	pei	<L19+ansi_1+2
   349 00:0102: D4 09        	pei	<L19+ansi_1
   350 00:0104: 20 xx xx     	jsr	_~print_str
   351 00:0107: 80 4F        	bra	L10011
   352                        L10006:
   353 00:0109: AD xx xx     	lda	|_~ansi_red
   354 00:010C: 85 09        	sta	<L19+ansi_1
   355 00:010E: AD xx xx     	lda	|_~ansi_red+2
   356 00:0111: 80 EB        	bra	L20002
   357                        L10007:
   358 00:0113: 64 09        	stz	<L19+ansi_1
   359 00:0115: 64 0B        	stz	<L19+ansi_1+2
   360 00:0117: 80 E7        	bra	L10004
   361                        L10010:
   362 00:0119: A5 0F        	lda	<L18+fd_0
   363 00:011B: 30 05        	bmi	L20
   364 00:011D: 3A           	dea
   365 00:011E: 3A           	dea
   366 00:011F: 3A           	dea
   367 00:0120: 10 1C        	bpl	L10012
   368                        L20:
   369 00:0122: E2 20        	sep	#$20
   370                        	longa	off
   371 00:0124: A7 05        	lda	[<L19+p_1]
   372 00:0126: C9 0A        	cmp	#<$a
   373 00:0128: C2 20        	rep	#$20
   374                        	longa	on
   375 00:012A: D0 12        	bne	L10012
   376 00:012C: AD xx xx     	lda	|_~debug_char
   377 00:012F: 85 01        	sta	<R0
   378 00:0131: AD xx xx     	lda	|_~debug_char+2
   379 00:0134: 85 03        	sta	<R0+2
   380 00:0136: E2 20        	sep	#$20
   381                        	longa	off
   382 00:0138: A9 0D        	lda	#$d
   383 00:013A: 87 01        	sta	[<R0]
   384 00:013C: C2 20        	rep	#$20
  Wed Sep 16 2026 17:13                                                                                                    Page 8


   385                        	longa	on
   386                        L10012:
   387 00:013E: AD xx xx     	lda	|_~debug_char
   388 00:0141: 85 01        	sta	<R0
   389 00:0143: AD xx xx     	lda	|_~debug_char+2
   390 00:0146: 85 03        	sta	<R0+2
   391 00:0148: E2 20        	sep	#$20
   392                        	longa	off
   393 00:014A: A7 05        	lda	[<L19+p_1]
   394 00:014C: 87 01        	sta	[<R0]
   395 00:014E: C2 20        	rep	#$20
   396                        	longa	on
   397 00:0150: E6 05        	inc	<L19+p_1
   398 00:0152: D0 02        	bne	L10008
   399 00:0154: E6 07        	inc	<L19+p_1+2
   400                        L10008:
   401 00:0156: C6 15        	dec	<L18+size_0
   402                        L10011:
   403 00:0158: A9 00 00     	lda	#$0
   404 00:015B: C5 15        	cmp	<L18+size_0
   405 00:015D: 90 BA        	bcc	L10010
   406 00:015F: A5 09        	lda	<L19+ansi_1
   407 00:0161: 05 0B        	ora	<L19+ansi_1+2
   408 00:0163: F0 0B        	beq	L10013
   409 00:0165: AD xx xx     	lda	|_~ansi_white+2
   410 00:0168: 48           	pha
   411 00:0169: AD xx xx     	lda	|_~ansi_white
   412 00:016C: 48           	pha
   413 00:016D: 20 xx xx     	jsr	_~print_str
   414                        L10013:
   415 00:0170: A5 15        	lda	<L18+size_0
   416 00:0172: A8           	tay
   417 00:0173: A5 0D        	lda	<L18+1
   418 00:0175: 85 15        	sta	<L18+1+8
   419 00:0177: 2B           	pld
   420 00:0178: 3B           	tsc
   421 00:0179: 18           	clc
   422 00:017A: 69 14 00     	adc	#L18+8
   423 00:017D: 1B           	tcs
   424 00:017E: 98           	tya
   425 00:017F: 60           	rts
   426             0000000C   L18	equ	12
   427             00000005   L19	equ	5
   428                        	ends
   429                        	efunc
   430                        	code
   431                        	xdef	_~read
   432                        	func
   433                        _~read:
   434                        	longa	on
   435                        	longi	on
   436 00:0180: 3B           	tsc
   437 00:0181: 38           	sec
   438 00:0182: E9 04 00     	sbc	#L26
   439 00:0185: 1B           	tcs
   440 00:0186: 0B           	phd
   441 00:0187: 5B           	tcd
   442             00000003   fd_0	set	3
  Wed Sep 16 2026 17:13                                                                                                    Page 9


   443             00000005   buf_0	set	5
   444             00000009   size_0	set	9
   445 00:0188: AD xx xx     	lda	|_~debug_char
   446 00:018B: 85 01        	sta	<R0
   447 00:018D: AD xx xx     	lda	|_~debug_char+2
   448 00:0190: 85 03        	sta	<R0+2
   449 00:0192: E2 20        	sep	#$20
   450                        	longa	off
   451 00:0194: A7 01        	lda	[<R0]
   452 00:0196: C2 20        	rep	#$20
   453                        	longa	on
   454 00:0198: 29 FF 00     	and	#$ff
   455 00:019B: A8           	tay
   456 00:019C: A5 05        	lda	<L26+1
   457 00:019E: 85 0D        	sta	<L26+1+8
   458 00:01A0: 2B           	pld
   459 00:01A1: 3B           	tsc
   460 00:01A2: 18           	clc
   461 00:01A3: 69 0C 00     	adc	#L26+8
   462 00:01A6: 1B           	tcs
   463 00:01A7: 98           	tya
   464 00:01A8: 60           	rts
   465             00000004   L26	equ	4
   466             00000005   L27	equ	5
   467                        	ends
   468                        	efunc
   469                        	code
   470                        	xdef	_~close
   471                        	func
   472                        _~close:
   473                        	longa	on
   474                        	longi	on
   475 00:01A9: 3B           	tsc
   476 00:01AA: 38           	sec
   477 00:01AB: E9 00 00     	sbc	#L29
   478 00:01AE: 1B           	tcs
   479 00:01AF: 0B           	phd
   480 00:01B0: 5B           	tcd
   481             00000003   fd_0	set	3
   482 00:01B1: A9 01 00     	lda	#$1
   483 00:01B4: A8           	tay
   484 00:01B5: A5 01        	lda	<L29+1
   485 00:01B7: 85 03        	sta	<L29+1+2
   486 00:01B9: 2B           	pld
   487 00:01BA: 3B           	tsc
   488 00:01BB: 18           	clc
   489 00:01BC: 69 02 00     	adc	#L29+2
   490 00:01BF: 1B           	tcs
   491 00:01C0: 98           	tya
   492 00:01C1: 60           	rts
   493             00000000   L29	equ	0
   494             00000001   L30	equ	1
   495                        	ends
   496                        	efunc
   497                        	code
   498                        	xdef	_~open
   499                        	func
   500                        _~open:
  Wed Sep 16 2026 17:13                                                                                                    Page 10


   501                        	longa	on
   502                        	longi	on
   503 00:01C2: 3B           	tsc
   504 00:01C3: 38           	sec
   505 00:01C4: E9 00 00     	sbc	#L32
   506 00:01C7: 1B           	tcs
   507 00:01C8: 0B           	phd
   508 00:01C9: 5B           	tcd
   509             00000003   _name_0	set	3
   510             00000007   _mode_0	set	7
   511 00:01CA: D4 07        	pei	<L32+_mode_0
   512 00:01CC: D4 05        	pei	<L32+_name_0+2
   513 00:01CE: D4 03        	pei	<L32+_name_0
   514 00:01D0: F4 xx xx     	pea	#^L12
   515 00:01D3: F4 xx xx     	pea	#<L12
   516 00:01D6: F4 0C 00     	pea	#12
   517 00:01D9: 20 xx xx     	jsr	_~debug
   518 00:01DC: A9 01 00     	lda	#$1
   519 00:01DF: A8           	tay
   520 00:01E0: A5 01        	lda	<L32+1
   521 00:01E2: 85 07        	sta	<L32+1+6
   522 00:01E4: 2B           	pld
   523 00:01E5: 3B           	tsc
   524 00:01E6: 18           	clc
   525 00:01E7: 69 06 00     	adc	#L32+6
   526 00:01EA: 1B           	tcs
   527 00:01EB: 98           	tya
   528 00:01EC: 60           	rts
   529             00000000   L32	equ	0
   530             00000001   L33	equ	1
   531                        	ends
   532                        	efunc
   533                        	data
   534                        L12:
   535 00:0093: 6F 70 65 6E  	db	$6F,$70,$65,$6E,$20,$63,$61,$6C,$6C,$65,$64,$20,$6E,$61,$6D
       00:0097: 20 63 61 6C 
       00:009B: 6C 65 64 20 
       00:009F: 6E 61 6D 
   536 00:00A2: 65 3A 25 73  	db	$65,$3A,$25,$73,$2C,$20,$6D,$6F,$64,$65,$3A,$25,$64,$0A,$00
       00:00A6: 2C 20 6D 6F 
       00:00AA: 64 65 3A 25 
       00:00AE: 64 0A 00 
   537 00:00B1:              	ends
   538                        	code
   539                        	xdef	_~isatty
   540                        	func
   541                        _~isatty:
   542                        	longa	on
   543                        	longi	on
   544 00:01ED: 3B           	tsc
   545 00:01EE: 38           	sec
   546 00:01EF: E9 00 00     	sbc	#L36
   547 00:01F2: 1B           	tcs
   548 00:01F3: 0B           	phd
   549 00:01F4: 5B           	tcd
   550             00000003   fd_0	set	3
   551 00:01F5: D4 03        	pei	<L36+fd_0
   552 00:01F7: F4 xx xx     	pea	#^L35
  Wed Sep 16 2026 17:13                                                                                                    Page 11


   553 00:01FA: F4 xx xx     	pea	#<L35
   554 00:01FD: F4 08 00     	pea	#8
   555 00:0200: 20 xx xx     	jsr	_~debug
   556 00:0203: A9 01 00     	lda	#$1
   557 00:0206: A8           	tay
   558 00:0207: A5 01        	lda	<L36+1
   559 00:0209: 85 03        	sta	<L36+1+2
   560 00:020B: 2B           	pld
   561 00:020C: 3B           	tsc
   562 00:020D: 18           	clc
   563 00:020E: 69 02 00     	adc	#L36+2
   564 00:0211: 1B           	tcs
   565 00:0212: 98           	tya
   566 00:0213: 60           	rts
   567             00000000   L36	equ	0
   568             00000001   L37	equ	1
   569                        	ends
   570                        	efunc
   571                        	data
   572                        L35:
   573 00:00B1: 69 73 61 74  	db	$69,$73,$61,$74,$74,$79,$20,$63,$61,$6C,$6C,$65,$64,$20,$66
       00:00B5: 74 79 20 63 
       00:00B9: 61 6C 6C 65 
       00:00BD: 64 20 66 
   574 00:00C0: 64 3A 25 64  	db	$64,$3A,$25,$64,$0A,$00
       00:00C4: 0A 00 
   575 00:00C6:              	ends
   576                        	code
   577                        	xdef	_~lseek
   578                        	func
   579                        _~lseek:
   580                        	longa	on
   581                        	longi	on
   582 00:0214: 3B           	tsc
   583 00:0215: 38           	sec
   584 00:0216: E9 00 00     	sbc	#L40
   585 00:0219: 1B           	tcs
   586 00:021A: 0B           	phd
   587 00:021B: 5B           	tcd
   588             00000003   fd_0	set	3
   589             00000005   offset_0	set	5
   590             00000009   whence_0	set	9
   591 00:021C: D4 09        	pei	<L40+whence_0
   592 00:021E: D4 07        	pei	<L40+offset_0+2
   593 00:0220: D4 05        	pei	<L40+offset_0
   594 00:0222: D4 03        	pei	<L40+fd_0
   595 00:0224: F4 xx xx     	pea	#^L39
   596 00:0227: F4 xx xx     	pea	#<L39
   597 00:022A: F4 0E 00     	pea	#14
   598 00:022D: 20 xx xx     	jsr	_~debug
   599 00:0230: A9 00 00     	lda	#$0
   600 00:0233: AA           	tax
   601 00:0234: 1A           	ina
   602 00:0235: A8           	tay
   603 00:0236: A5 01        	lda	<L40+1
   604 00:0238: 85 09        	sta	<L40+1+8
   605 00:023A: 2B           	pld
   606 00:023B: 3B           	tsc
  Wed Sep 16 2026 17:13                                                                                                    Page 12


   607 00:023C: 18           	clc
   608 00:023D: 69 08 00     	adc	#L40+8
   609 00:0240: 1B           	tcs
   610 00:0241: 98           	tya
   611 00:0242: 60           	rts
   612             00000000   L40	equ	0
   613             00000001   L41	equ	1
   614                        	ends
   615                        	efunc
   616                        	data
   617                        L39:
   618 00:00C6: 6C 73 65 65  	db	$6C,$73,$65,$65,$6B,$20,$63,$61,$6C,$6C,$65,$64,$20,$66,$64
       00:00CA: 6B 20 63 61 
       00:00CE: 6C 6C 65 64 
       00:00D2: 20 66 64 
   619 00:00D5: 3A 25 64 2C  	db	$3A,$25,$64,$2C,$20,$6F,$66,$66,$73,$65,$74,$3A,$25,$64,$2C
       00:00D9: 20 6F 66 66 
       00:00DD: 73 65 74 3A 
       00:00E1: 25 64 2C 
   620 00:00E4: 20 77 68 65  	db	$20,$77,$68,$65,$6E,$63,$65,$3A,$25,$64,$0A,$00
       00:00E8: 6E 63 65 3A 
       00:00EC: 25 64 0A 00 
   621 00:00F0:              	ends
   622                        ;
   623                        ;void vApplicationStackOverflowHook( TaskHandle_t xTask,
   624                        ;                                        char * pcTaskName ) {
   625                        	code
   626                        	xdef	_~vApplicationStackOverflowHook
   627                        	func
   628                        _~vApplicationStackOverflowHook:
   629                        	longa	on
   630                        	longi	on
   631 00:0243: 3B           	tsc
   632 00:0244: 38           	sec
   633 00:0245: E9 00 00     	sbc	#L44
   634 00:0248: 1B           	tcs
   635 00:0249: 0B           	phd
   636 00:024A: 5B           	tcd
   637             00000003   xTask_0	set	3
   638             00000007   pcTaskName_0	set	7
   639                        ;
   640                        ;}
   641 00:024B: A5 01        	lda	<L44+1
   642 00:024D: 85 09        	sta	<L44+1+8
   643 00:024F: 2B           	pld
   644 00:0250: 3B           	tsc
   645 00:0251: 18           	clc
   646 00:0252: 69 08 00     	adc	#L44+8
   647 00:0255: 1B           	tcs
   648 00:0256: 60           	rts
   649             00000000   L44	equ	0
   650             00000001   L45	equ	1
   651                        	ends
   652                        	efunc
   653                        ;
   654                        ;void printHeapStats() {
   655                        	code
   656                        	xdef	_~printHeapStats
  Wed Sep 16 2026 17:13                                                                                                    Page 13


   657                        	func
   658                        _~printHeapStats:
   659                        	longa	on
   660                        	longi	on
   661 00:0257: 3B           	tsc
   662 00:0258: 38           	sec
   663 00:0259: E9 1C 00     	sbc	#L47
   664 00:025C: 1B           	tcs
   665 00:025D: 0B           	phd
   666 00:025E: 5B           	tcd
   667                        ;	HeapStats_t pxHeapStats;
   668                        ;	
   669                        ;	vPortGetHeapStats(&pxHeapStats);
   670             00000000   pxHeapStats_1	set	0
   671 00:025F: F4 00 00     	pea	#0
   672 00:0262: 18           	clc
   673 00:0263: 7B           	tdc
   674 00:0264: 69 01 00     	adc	#<L48+pxHeapStats_1
   675 00:0267: 48           	pha
   676 00:0268: 20 xx xx     	jsr	_~vPortGetHeapStats
   677                        ;	printf("\n");
   678 00:026B: F4 xx xx     	pea	#^L43
   679 00:026E: F4 xx xx     	pea	#<L43
   680 00:0271: F4 06 00     	pea	#6
   681 00:0274: 20 xx xx     	jsr	_~printf
   682                        ;	printf("xAvailableHeapSpaceInBytes:%p\n", (void *)pxHeapStats.xAvailableHeapSpaceInBytes);
   683 00:0277: D4 03        	pei	<L48+pxHeapStats_1+2
   684 00:0279: D4 01        	pei	<L48+pxHeapStats_1
   685 00:027B: F4 xx xx     	pea	#^L43+2
   686 00:027E: F4 xx xx     	pea	#<L43+2
   687 00:0281: F4 0A 00     	pea	#10
   688 00:0284: 20 xx xx     	jsr	_~printf
   689                        ;	printf("xSizeOfLargestFreeBlockInBytes:%04X\n", pxHeapStats.xSizeOfLargestFreeBlockInBytes);
   690 00:0287: D4 07        	pei	<L48+pxHeapStats_1+6
   691 00:0289: D4 05        	pei	<L48+pxHeapStats_1+4
   692 00:028B: F4 xx xx     	pea	#^L43+33
   693 00:028E: F4 xx xx     	pea	#<L43+33
   694 00:0291: F4 0A 00     	pea	#10
   695 00:0294: 20 xx xx     	jsr	_~printf
   696                        ;	printf("xSizeOfSmallestFreeBlockInBytes:%04X\n", pxHeapStats.xSizeOfSmallestFreeBlockInBytes);
   697 00:0297: D4 0B        	pei	<L48+pxHeapStats_1+10
   698 00:0299: D4 09        	pei	<L48+pxHeapStats_1+8
   699 00:029B: F4 xx xx     	pea	#^L43+70
   700 00:029E: F4 xx xx     	pea	#<L43+70
   701 00:02A1: F4 0A 00     	pea	#10
   702 00:02A4: 20 xx xx     	jsr	_~printf
   703                        ;	printf("xNumberOfFreeBlocks:%04X\n", pxHeapStats.xNumberOfFreeBlocks);
   704 00:02A7: D4 0F        	pei	<L48+pxHeapStats_1+14
   705 00:02A9: D4 0D        	pei	<L48+pxHeapStats_1+12
   706 00:02AB: F4 xx xx     	pea	#^L43+108
   707 00:02AE: F4 xx xx     	pea	#<L43+108
   708 00:02B1: F4 0A 00     	pea	#10
   709 00:02B4: 20 xx xx     	jsr	_~printf
   710                        ;	printf("xMinimumEverFreeBytesRemaining:%p\n", (void *)pxHeapStats.xMinimumEverFreeBytesRemaining);
   711 00:02B7: D4 13        	pei	<L48+pxHeapStats_1+18
   712 00:02B9: D4 11        	pei	<L48+pxHeapStats_1+16
   713 00:02BB: F4 xx xx     	pea	#^L43+134
   714 00:02BE: F4 xx xx     	pea	#<L43+134
  Wed Sep 16 2026 17:13                                                                                                    Page 14


   715 00:02C1: F4 0A 00     	pea	#10
   716 00:02C4: 20 xx xx     	jsr	_~printf
   717                        ;	printf("xNumberOfSuccessfulAllocations:%p\n", (void *)pxHeapStats.xNumberOfSuccessfulAllocations);
   718 00:02C7: D4 17        	pei	<L48+pxHeapStats_1+22
   719 00:02C9: D4 15        	pei	<L48+pxHeapStats_1+20
   720 00:02CB: F4 xx xx     	pea	#^L43+169
   721 00:02CE: F4 xx xx     	pea	#<L43+169
   722 00:02D1: F4 0A 00     	pea	#10
   723 00:02D4: 20 xx xx     	jsr	_~printf
   724                        ;	printf("xNumberOfSuccessfulFrees:%p\n", (void *)pxHeapStats.xNumberOfSuccessfulFrees);
   725 00:02D7: D4 1B        	pei	<L48+pxHeapStats_1+26
   726 00:02D9: D4 19        	pei	<L48+pxHeapStats_1+24
   727 00:02DB: F4 xx xx     	pea	#^L43+204
   728 00:02DE: F4 xx xx     	pea	#<L43+204
   729 00:02E1: F4 0A 00     	pea	#10
   730 00:02E4: 20 xx xx     	jsr	_~printf
   731                        ;}
   732 00:02E7: 2B           	pld
   733 00:02E8: 3B           	tsc
   734 00:02E9: 18           	clc
   735 00:02EA: 69 1C 00     	adc	#L47
   736 00:02ED: 1B           	tcs
   737 00:02EE: 60           	rts
   738             0000001C   L47	equ	28
   739             00000001   L48	equ	1
   740                        	ends
   741                        	efunc
   742                        	data
   743                        L43:
   744 00:00F0: 0A 00 78 41  	db	$0A,$00,$78,$41,$76,$61,$69,$6C,$61,$62,$6C,$65,$48,$65,$61
       00:00F4: 76 61 69 6C 
       00:00F8: 61 62 6C 65 
       00:00FC: 48 65 61 
   745 00:00FF: 70 53 70 61  	db	$70,$53,$70,$61,$63,$65,$49,$6E,$42,$79,$74,$65,$73,$3A,$25
       00:0103: 63 65 49 6E 
       00:0107: 42 79 74 65 
       00:010B: 73 3A 25 
   746 00:010E: 70 0A 00 78  	db	$70,$0A,$00,$78,$53,$69,$7A,$65,$4F,$66,$4C,$61,$72,$67,$65
       00:0112: 53 69 7A 65 
       00:0116: 4F 66 4C 61 
       00:011A: 72 67 65 
   747 00:011D: 73 74 46 72  	db	$73,$74,$46,$72,$65,$65,$42,$6C,$6F,$63,$6B,$49,$6E,$42,$79
       00:0121: 65 65 42 6C 
       00:0125: 6F 63 6B 49 
       00:0129: 6E 42 79 
   748 00:012C: 74 65 73 3A  	db	$74,$65,$73,$3A,$25,$30,$34,$58,$0A,$00,$78,$53,$69,$7A,$65
       00:0130: 25 30 34 58 
       00:0134: 0A 00 78 53 
       00:0138: 69 7A 65 
   749 00:013B: 4F 66 53 6D  	db	$4F,$66,$53,$6D,$61,$6C,$6C,$65,$73,$74,$46,$72,$65,$65,$42
       00:013F: 61 6C 6C 65 
       00:0143: 73 74 46 72 
       00:0147: 65 65 42 
   750 00:014A: 6C 6F 63 6B  	db	$6C,$6F,$63,$6B,$49,$6E,$42,$79,$74,$65,$73,$3A,$25,$30,$34
       00:014E: 49 6E 42 79 
       00:0152: 74 65 73 3A 
       00:0156: 25 30 34 
   751 00:0159: 58 0A 00 78  	db	$58,$0A,$00,$78,$4E,$75,$6D,$62,$65,$72,$4F,$66,$46,$72,$65
  Wed Sep 16 2026 17:13                                                                                                    Page 15


       00:015D: 4E 75 6D 62 
       00:0161: 65 72 4F 66 
       00:0165: 46 72 65 
   752 00:0168: 65 42 6C 6F  	db	$65,$42,$6C,$6F,$63,$6B,$73,$3A,$25,$30,$34,$58,$0A,$00,$78
       00:016C: 63 6B 73 3A 
       00:0170: 25 30 34 58 
       00:0174: 0A 00 78 
   753 00:0177: 4D 69 6E 69  	db	$4D,$69,$6E,$69,$6D,$75,$6D,$45,$76,$65,$72,$46,$72,$65,$65
       00:017B: 6D 75 6D 45 
       00:017F: 76 65 72 46 
       00:0183: 72 65 65 
   754 00:0186: 42 79 74 65  	db	$42,$79,$74,$65,$73,$52,$65,$6D,$61,$69,$6E,$69,$6E,$67,$3A
       00:018A: 73 52 65 6D 
       00:018E: 61 69 6E 69 
       00:0192: 6E 67 3A 
   755 00:0195: 25 70 0A 00  	db	$25,$70,$0A,$00,$78,$4E,$75,$6D,$62,$65,$72,$4F,$66,$53,$75
       00:0199: 78 4E 75 6D 
       00:019D: 62 65 72 4F 
       00:01A1: 66 53 75 
   756 00:01A4: 63 63 65 73  	db	$63,$63,$65,$73,$73,$66,$75,$6C,$41,$6C,$6C,$6F,$63,$61,$74
       00:01A8: 73 66 75 6C 
       00:01AC: 41 6C 6C 6F 
       00:01B0: 63 61 74 
   757 00:01B3: 69 6F 6E 73  	db	$69,$6F,$6E,$73,$3A,$25,$70,$0A,$00,$78,$4E,$75,$6D,$62,$65
       00:01B7: 3A 25 70 0A 
       00:01BB: 00 78 4E 75 
       00:01BF: 6D 62 65 
   758 00:01C2: 72 4F 66 53  	db	$72,$4F,$66,$53,$75,$63,$63,$65,$73,$73,$66,$75,$6C,$46,$72
       00:01C6: 75 63 63 65 
       00:01CA: 73 73 66 75 
       00:01CE: 6C 46 72 
   759 00:01D1: 65 65 73 3A  	db	$65,$65,$73,$3A,$25,$70,$0A,$00
       00:01D5: 25 70 0A 00 
   760 00:01D9:              	ends
   761                        ;
   762                        ;void shellTask( void *pvParameters )
   763                        ;{
   764                        	code
   765                        	xdef	_~shellTask
   766                        	func
   767                        _~shellTask:
   768                        	longa	on
   769                        	longi	on
   770 00:02EF: 3B           	tsc
   771 00:02F0: 38           	sec
   772 00:02F1: E9 2B 00     	sbc	#L51
   773 00:02F4: 1B           	tcs
   774 00:02F5: 0B           	phd
   775 00:02F6: 5B           	tcd
   776             00000003   pvParameters_0	set	3
   777                        ;	char c = ' ';
   778                        ;	char *p = (char *) pvParameters;
   779                        ;	TaskStatus_t tStat;
   780                        ;	char *dffa = (char *)0xdffa;
   781                        ;	
   782                        ;	
   783                        ;	while(*p) {
   784             00000000   c_1	set	0
  Wed Sep 16 2026 17:13                                                                                                    Page 16


   785             00000001   p_1	set	1
   786             00000005   tStat_1	set	5
   787             0000001F   dffa_1	set	31
   788 00:02F7: E2 20        	sep	#$20
   789                        	longa	off
   790 00:02F9: A9 20        	lda	#$20
   791 00:02FB: 85 09        	sta	<L52+c_1
   792 00:02FD: C2 20        	rep	#$20
   793                        	longa	on
   794 00:02FF: A5 2E        	lda	<L51+pvParameters_0
   795 00:0301: 85 0A        	sta	<L52+p_1
   796 00:0303: A5 30        	lda	<L51+pvParameters_0+2
   797 00:0305: 85 0C        	sta	<L52+p_1+2
   798 00:0307: A9 FA DF     	lda	#$dffa
   799 00:030A: 85 28        	sta	<L52+dffa_1
   800 00:030C: A9 00 00     	lda	#$0
   801 00:030F: 85 2A        	sta	<L52+dffa_1+2
   802 00:0311: 80 18        	bra	L10014
   803                        L20004:
   804                        ;		*debug_char = *p;
   805 00:0313: AD xx xx     	lda	|_~debug_char
   806 00:0316: 85 01        	sta	<R0
   807 00:0318: AD xx xx     	lda	|_~debug_char+2
   808 00:031B: 85 03        	sta	<R0+2
   809 00:031D: E2 20        	sep	#$20
   810                        	longa	off
   811 00:031F: A7 0A        	lda	[<L52+p_1]
   812 00:0321: 87 01        	sta	[<R0]
   813 00:0323: C2 20        	rep	#$20
   814                        	longa	on
   815                        ;		p++;
   816 00:0325: E6 0A        	inc	<L52+p_1
   817 00:0327: D0 02        	bne	L10014
   818 00:0329: E6 0C        	inc	<L52+p_1+2
   819                        ;	}
   820                        L10014:
   821 00:032B: A7 0A        	lda	[<L52+p_1]
   822 00:032D: 29 FF 00     	and	#$ff
   823 00:0330: D0 E1        	bne	L20004
   824                        ;
   825                        ;	for (c = 0; c < 6; c++) {
   826 00:0332: E2 20        	sep	#$20
   827                        	longa	off
   828 00:0334: 64 09        	stz	<L52+c_1
   829 00:0336: C2 20        	rep	#$20
   830                        	longa	on
   831 00:0338: 80 1A        	bra	L10019
   832                        L10018:
   833                        ;		*debug_hex = *(dffa+c);
   834 00:033A: AD xx xx     	lda	|_~debug_hex
   835 00:033D: 85 01        	sta	<R0
   836 00:033F: AD xx xx     	lda	|_~debug_hex+2
   837 00:0342: 85 03        	sta	<R0+2
   838 00:0344: A5 09        	lda	<L52+c_1
   839 00:0346: 29 FF 00     	and	#$ff
   840 00:0349: A8           	tay
   841 00:034A: E2 20        	sep	#$20
   842                        	longa	off
  Wed Sep 16 2026 17:13                                                                                                    Page 17


   843 00:034C: B7 28        	lda	[<L52+dffa_1],Y
   844 00:034E: 87 01        	sta	[<R0]
   845                        ;	}
   846 00:0350: E6 09        	inc	<L52+c_1
   847 00:0352: C2 20        	rep	#$20
   848                        	longa	on
   849                        L10019:
   850 00:0354: E2 20        	sep	#$20
   851                        	longa	off
   852 00:0356: A5 09        	lda	<L52+c_1
   853 00:0358: C9 06        	cmp	#<$6
   854 00:035A: C2 20        	rep	#$20
   855                        	longa	on
   856 00:035C: 90 DC        	bcc	L10018
   857                        ;	
   858                        ;	for(;;) {
   859                        ;
   860                        ;	}
   861                        L10020:
   862 00:035E: 80 FE        	bra	L10020
   863                        ;
   864                        ;	//vTaskGetInfo(NULL, &tStat, pdFALSE, eInvalid);
   865                        ;	
   866                        ;	//printf("task name: %s\n", tStat.pcTaskName);
   867                        ;}
   868             0000002B   L51	equ	43
   869             00000009   L52	equ	9
   870                        	ends
   871                        	efunc
   872                        ;
   873                        ;int main (int argc, char ** argv) {
   874                        	code
   875                        	xdef	_~main
   876                        	func
   877                        _~main:
   878                        	longa	on
   879                        	longi	on
   880 00:0360: 3B           	tsc
   881 00:0361: 38           	sec
   882 00:0362: E9 24 00     	sbc	#L56
   883 00:0365: 1B           	tcs
   884 00:0366: 0B           	phd
   885 00:0367: 5B           	tcd
   886             00000003   argc_0	set	3
   887             00000005   argv_0	set	5
   888                        ;	
   889                        ;	BaseType_t rc;
   890                        ;	HeapRegion_t reg;
   891                        ;	HeapRegion_t *pxHeapReg;
   892                        ;	TaskHandle_t * pxCreatedTask;
   893                        ;	char *p;
   894                        ;	int i;
   895                        ;
   896                        ;	//asm wdm 7;
   897                        ;	
   898                        ;	pxHeapReg = (HeapRegion_t *)pvPortMallocStack(sizeof(reg) * 100);
   899             00000000   rc_1	set	0
   900             00000002   reg_1	set	2
  Wed Sep 16 2026 17:13                                                                                                    Page 18


   901             0000000A   pxHeapReg_1	set	10
   902             0000000E   pxCreatedTask_1	set	14
   903             00000012   p_1	set	18
   904             00000016   i_1	set	22
   905 00:0368: F4 20 03     	pea	#<$320
   906 00:036B: 20 xx xx     	jsr	_~pvPortMallocStack
   907 00:036E: 85 17        	sta	<L57+pxHeapReg_1
   908 00:0370: 86 19        	stx	<L57+pxHeapReg_1+2
   909                        ;	printf("pxHeapReg:%p %u\n", pxHeapReg, sizeof(reg) * 100);
   910 00:0372: F4 20 03     	pea	#<$320
   911 00:0375: D4 19        	pei	<L57+pxHeapReg_1+2
   912 00:0377: D4 17        	pei	<L57+pxHeapReg_1
   913 00:0379: F4 xx xx     	pea	#^L50
   914 00:037C: F4 xx xx     	pea	#<L50
   915 00:037F: F4 0C 00     	pea	#12
   916 00:0382: 20 xx xx     	jsr	_~printf
   917                        ;	
   918                        ;	//asm wdm 6;
   919                        ;	
   920                        ;	reg.xSizeInBytes = 0x010000;
   921 00:0385: A9 00 00     	lda	#$0
   922 00:0388: 85 13        	sta	<L57+reg_1+4
   923 00:038A: 1A           	ina
   924 00:038B: 85 15        	sta	<L57+reg_1+6
   925                        ;	
   926                        ;	for(i = 0; i < 99; i++) {
   927 00:038D: 64 23        	stz	<L57+i_1
   928                        L10025:
   929                        ;		reg.pucStartAddress = (char *)((i+2) * 0x010000U);
   930 00:038F: A9 02 00     	lda	#$2
   931 00:0392: 18           	clc
   932 00:0393: 65 23        	adc	<L57+i_1
   933 00:0395: 85 05        	sta	<R1
   934 00:0397: A0 00 00     	ldy	#$0
   935 00:039A: A5 05        	lda	<R1
   936 00:039C: 10 01        	bpl	L58
   937 00:039E: 88           	dey
   938                        L58:
   939 00:039F: 85 05        	sta	<R1
   940 00:03A1: 84 07        	sty	<R1+2
   941 00:03A3: D4 07        	pei	<R1+2
   942 00:03A5: D4 05        	pei	<R1
   943 00:03A7: A9 10 00     	lda	#$10
   944                        	xref	_~~lasl
   945 00:03AA: 20 xx xx     	jsr	_~~lasl
   946 00:03AD: 86 03        	stx	<R0+2
   947 00:03AF: 85 0F        	sta	<L57+reg_1
   948 00:03B1: A5 03        	lda	<R0+2
   949 00:03B3: 85 11        	sta	<L57+reg_1+2
   950                        ;		pxHeapReg[i] = reg;
   951 00:03B5: 18           	clc
   952 00:03B6: 7B           	tdc
   953 00:03B7: 69 0F 00     	adc	#<L57+reg_1
   954 00:03BA: 85 01        	sta	<R0
   955 00:03BC: A9 00 00     	lda	#$0
   956 00:03BF: 48           	pha
   957 00:03C0: D4 01        	pei	<R0
   958 00:03C2: A8           	tay
  Wed Sep 16 2026 17:13                                                                                                    Page 19


   959 00:03C3: A5 23        	lda	<L57+i_1
   960 00:03C5: 10 01        	bpl	L59
   961 00:03C7: 88           	dey
   962                        L59:
   963 00:03C8: 85 05        	sta	<R1
   964 00:03CA: 84 07        	sty	<R1+2
   965 00:03CC: D4 07        	pei	<R1+2
   966 00:03CE: D4 05        	pei	<R1
   967 00:03D0: A9 03 00     	lda	#$3
   968                        	xref	_~~lasl
   969 00:03D3: 20 xx xx     	jsr	_~~lasl
   970 00:03D6: 85 01        	sta	<R0
   971 00:03D8: 86 03        	stx	<R0+2
   972 00:03DA: A5 17        	lda	<L57+pxHeapReg_1
   973 00:03DC: 18           	clc
   974 00:03DD: 65 01        	adc	<R0
   975 00:03DF: 85 09        	sta	<R2
   976 00:03E1: A5 19        	lda	<L57+pxHeapReg_1+2
   977 00:03E3: 65 03        	adc	<R0+2
   978 00:03E5: 48           	pha
   979 00:03E6: D4 09        	pei	<R2
   980 00:03E8: A9 08 00     	lda	#$8
   981                        	xref	_~~fmov
   982 00:03EB: 20 xx xx     	jsr	_~~fmov
   983                        ;		
   984                        ;	}
   985 00:03EE: E6 23        	inc	<L57+i_1
   986 00:03F0: 38           	sec
   987 00:03F1: A5 23        	lda	<L57+i_1
   988 00:03F3: E9 63 00     	sbc	#<$63
   989 00:03F6: 70 03        	bvs	L60
   990 00:03F8: 49 00 80     	eor	#$8000
   991                        L60:
   992 00:03FB: 10 92        	bpl	L10025
   993                        ;	reg.pucStartAddress = NULL;
   994 00:03FD: 64 0F        	stz	<L57+reg_1
   995 00:03FF: 64 11        	stz	<L57+reg_1+2
   996                        ;	reg.xSizeInBytes = 0;
   997 00:0401: 64 13        	stz	<L57+reg_1+4
   998 00:0403: 64 15        	stz	<L57+reg_1+6
   999                        ;	pxHeapReg[i] = reg;
  1000 00:0405: 18           	clc
  1001 00:0406: 7B           	tdc
  1002 00:0407: 69 0F 00     	adc	#<L57+reg_1
  1003 00:040A: 85 01        	sta	<R0
  1004 00:040C: A9 00 00     	lda	#$0
  1005 00:040F: 48           	pha
  1006 00:0410: D4 01        	pei	<R0
  1007 00:0412: A8           	tay
  1008 00:0413: A5 23        	lda	<L57+i_1
  1009 00:0415: 10 01        	bpl	L62
  1010 00:0417: 88           	dey
  1011                        L62:
  1012 00:0418: 85 05        	sta	<R1
  1013 00:041A: 84 07        	sty	<R1+2
  1014 00:041C: D4 07        	pei	<R1+2
  1015 00:041E: D4 05        	pei	<R1
  1016 00:0420: A9 03 00     	lda	#$3
  Wed Sep 16 2026 17:13                                                                                                    Page 20


  1017                        	xref	_~~lasl
  1018 00:0423: 20 xx xx     	jsr	_~~lasl
  1019 00:0426: 85 01        	sta	<R0
  1020 00:0428: 86 03        	stx	<R0+2
  1021 00:042A: A5 17        	lda	<L57+pxHeapReg_1
  1022 00:042C: 18           	clc
  1023 00:042D: 65 01        	adc	<R0
  1024 00:042F: 85 09        	sta	<R2
  1025 00:0431: A5 19        	lda	<L57+pxHeapReg_1+2
  1026 00:0433: 65 03        	adc	<R0+2
  1027 00:0435: 48           	pha
  1028 00:0436: D4 09        	pei	<R2
  1029 00:0438: A9 08 00     	lda	#$8
  1030                        	xref	_~~fmov
  1031 00:043B: 20 xx xx     	jsr	_~~fmov
  1032                        ;
  1033                        ;	
  1034                        ;	printf("*** RTOS main \n");
  1035 00:043E: F4 xx xx     	pea	#^L50+17
  1036 00:0441: F4 xx xx     	pea	#<L50+17
  1037 00:0444: F4 06 00     	pea	#6
  1038 00:0447: 20 xx xx     	jsr	_~printf
  1039                        ;	printf("*** RTOS vPortHeapResetState \n");
  1040 00:044A: F4 xx xx     	pea	#^L50+33
  1041 00:044D: F4 xx xx     	pea	#<L50+33
  1042 00:0450: F4 06 00     	pea	#6
  1043 00:0453: 20 xx xx     	jsr	_~printf
  1044                        ;	vPortHeapResetState();
  1045 00:0456: 20 xx xx     	jsr	_~vPortHeapResetState
  1046                        ;
  1047                        ;	printf("*** RTOS vPortDefineHeapRegions \n");
  1048 00:0459: F4 xx xx     	pea	#^L50+64
  1049 00:045C: F4 xx xx     	pea	#<L50+64
  1050 00:045F: F4 06 00     	pea	#6
  1051 00:0462: 20 xx xx     	jsr	_~printf
  1052                        ;	vPortDefineHeapRegions( pxHeapReg );
  1053 00:0465: D4 19        	pei	<L57+pxHeapReg_1+2
  1054 00:0467: D4 17        	pei	<L57+pxHeapReg_1
  1055 00:0469: 20 xx xx     	jsr	_~vPortDefineHeapRegions
  1056                        ;	
  1057                        ;	vPortFreeStack(pxHeapReg);
  1058 00:046C: D4 19        	pei	<L57+pxHeapReg_1+2
  1059 00:046E: D4 17        	pei	<L57+pxHeapReg_1
  1060 00:0470: 20 xx xx     	jsr	_~vPortFreeStack
  1061                        ;	
  1062                        ;	printHeapStats();
  1063 00:0473: 20 xx xx     	jsr	_~printHeapStats
  1064                        ;
  1065                        ;	
  1066                        ;	
  1067                        ;	rc = xTaskCreate( shellTask, "SHELL", 512, (void *)parm, 0, &pxCreatedTask);
  1068 00:0476: F4 00 00     	pea	#0
  1069 00:0479: 18           	clc
  1070 00:047A: 7B           	tdc
  1071 00:047B: 69 1B 00     	adc	#<L57+pxCreatedTask_1
  1072 00:047E: 48           	pha
  1073 00:047F: F4 00 00     	pea	#<$0
  1074 00:0482: A9 xx xx     	lda	#<_~parm
  Wed Sep 16 2026 17:13                                                                                                    Page 21


  1075 00:0485: 85 01        	sta	<R0
  1076                        	xref	_BEG_DATA
  1077 00:0487: A9 xx xx     	lda	#_BEG_DATA>>16
  1078 00:048A: 48           	pha
  1079 00:048B: D4 01        	pei	<R0
  1080 00:048D: F4 00 02     	pea	#<$200
  1081 00:0490: F4 xx xx     	pea	#^L50+98
  1082 00:0493: F4 xx xx     	pea	#<L50+98
  1083 00:0496: A9 xx xx     	lda	#<_~shellTask
  1084 00:0499: 85 05        	sta	<R1
  1085                        	xref	_BEG_DATA
  1086 00:049B: A9 xx xx     	lda	#_BEG_DATA>>16
  1087 00:049E: 48           	pha
  1088 00:049F: D4 05        	pei	<R1
  1089 00:04A1: 20 xx xx     	jsr	_~xTaskCreate
  1090 00:04A4: 85 0D        	sta	<L57+rc_1
  1091                        ;	
  1092                        ;	printf("task create rc: %d\n", rc);
  1093 00:04A6: 48           	pha
  1094 00:04A7: F4 xx xx     	pea	#^L50+104
  1095 00:04AA: F4 xx xx     	pea	#<L50+104
  1096 00:04AD: F4 08 00     	pea	#8
  1097 00:04B0: 20 xx xx     	jsr	_~printf
  1098                        ;	
  1099                        ;	
  1100                        ;	if (rc != pdPASS) {
  1101 00:04B3: A5 0D        	lda	<L57+rc_1
  1102 00:04B5: C9 01 00     	cmp	#<$1
  1103 00:04B8: F0 1F        	beq	L10026
  1104                        ;		printf("shell could not be created rc: %d\n", rc);
  1105 00:04BA: D4 0D        	pei	<L57+rc_1
  1106 00:04BC: F4 xx xx     	pea	#^L50+124
  1107 00:04BF: F4 xx xx     	pea	#<L50+124
  1108 00:04C2: F4 08 00     	pea	#8
  1109 00:04C5: 20 xx xx     	jsr	_~printf
  1110                        ;		return pdPASS;
  1111 00:04C8: A9 01 00     	lda	#$1
  1112                        L64:
  1113 00:04CB: A8           	tay
  1114 00:04CC: A5 25        	lda	<L56+1
  1115 00:04CE: 85 2B        	sta	<L56+1+6
  1116 00:04D0: 2B           	pld
  1117 00:04D1: 3B           	tsc
  1118 00:04D2: 18           	clc
  1119 00:04D3: 69 2A 00     	adc	#L56+6
  1120 00:04D6: 1B           	tcs
  1121 00:04D7: 98           	tya
  1122 00:04D8: 60           	rts
  1123                        ;	}
  1124                        ;
  1125                        ;	/* Start the scheduler so the tasks start executing. */
  1126                        ;
  1127                        ;	vTaskStartScheduler();
  1128                        L10026:
  1129 00:04D9: 20 xx xx     	jsr	_~vTaskStartScheduler
  1130                        ;
  1131                        ;	/* If all is well then main() will never reach here as the scheduler will
  1132                        ;	now be running the tasks. If main() does reach here then it is likely that
  Wed Sep 16 2026 17:13                                                                                                    Page 22


  1133                        ;	there was insufficient heap memory available for the idle task to be created.
  1134                        ;	Chapter 2 provides more information on heap memory management. */
  1135                        ;	printf("Error starting RTOS scheduler\n");
  1136 00:04DC: F4 xx xx     	pea	#^L50+159
  1137 00:04DF: F4 xx xx     	pea	#<L50+159
  1138 00:04E2: F4 06 00     	pea	#6
  1139 00:04E5: 20 xx xx     	jsr	_~printf
  1140                        ;
  1141                        ;	return pdFAIL;
  1142 00:04E8: A9 00 00     	lda	#$0
  1143 00:04EB: 80 DE        	bra	L64
  1144                        ;
  1145                        ;
  1146                        ;/*	
  1147                        ;
  1148                        ;	
  1149                        ;	
  1150                        ;	
  1151                        ;
  1152                        ;#asm
  1153                        ;;	WDM 0
  1154                        ;#endasm
  1155                        ;	
  1156                        ;	for (;;) {
  1157                        ;		p = pvPortMalloc(0x2000);
  1158                        ;		printf("%p\n", p);
  1159                        ;		if (p == NULL) break;
  1160                        ;	}
  1161                        ;
  1162                        ;	printHeapStats();
  1163                        ;
  1164                        ;
  1165                        ;#asm
  1166                        ;	WDM 8
  1167                        ;#endasm
  1168                        ;	for (;;) {}
  1169                        ;*/	
  1170                        ;}
  1171             00000024   L56	equ	36
  1172             0000000D   L57	equ	13
  1173                        	ends
  1174                        	efunc
  1175                        	data
  1176                        L50:
  1177 00:01D9: 70 78 48 65  	db	$70,$78,$48,$65,$61,$70,$52,$65,$67,$3A,$25,$70,$20,$25,$75
       00:01DD: 61 70 52 65 
       00:01E1: 67 3A 25 70 
       00:01E5: 20 25 75 
  1178 00:01E8: 0A 00 2A 2A  	db	$0A,$00,$2A,$2A,$2A,$20,$52,$54,$4F,$53,$20,$6D,$61,$69,$6E
       00:01EC: 2A 20 52 54 
       00:01F0: 4F 53 20 6D 
       00:01F4: 61 69 6E 
  1179 00:01F7: 20 0A 00 2A  	db	$20,$0A,$00,$2A,$2A,$2A,$20,$52,$54,$4F,$53,$20,$76,$50,$6F
       00:01FB: 2A 2A 20 52 
       00:01FF: 54 4F 53 20 
       00:0203: 76 50 6F 
  1180 00:0206: 72 74 48 65  	db	$72,$74,$48,$65,$61,$70,$52,$65,$73,$65,$74,$53,$74,$61,$74
       00:020A: 61 70 52 65 
  Wed Sep 16 2026 17:13                                                                                                    Page 23


       00:020E: 73 65 74 53 
       00:0212: 74 61 74 
  1181 00:0215: 65 20 0A 00  	db	$65,$20,$0A,$00,$2A,$2A,$2A,$20,$52,$54,$4F,$53,$20,$76,$50
       00:0219: 2A 2A 2A 20 
       00:021D: 52 54 4F 53 
       00:0221: 20 76 50 
  1182 00:0224: 6F 72 74 44  	db	$6F,$72,$74,$44,$65,$66,$69,$6E,$65,$48,$65,$61,$70,$52,$65
       00:0228: 65 66 69 6E 
       00:022C: 65 48 65 61 
       00:0230: 70 52 65 
  1183 00:0233: 67 69 6F 6E  	db	$67,$69,$6F,$6E,$73,$20,$0A,$00,$53,$48,$45,$4C,$4C,$00,$74
       00:0237: 73 20 0A 00 
       00:023B: 53 48 45 4C 
       00:023F: 4C 00 74 
  1184 00:0242: 61 73 6B 20  	db	$61,$73,$6B,$20,$63,$72,$65,$61,$74,$65,$20,$72,$63,$3A,$20
       00:0246: 63 72 65 61 
       00:024A: 74 65 20 72 
       00:024E: 63 3A 20 
  1185 00:0251: 25 64 0A 00  	db	$25,$64,$0A,$00,$73,$68,$65,$6C,$6C,$20,$63,$6F,$75,$6C,$64
       00:0255: 73 68 65 6C 
       00:0259: 6C 20 63 6F 
       00:025D: 75 6C 64 
  1186 00:0260: 20 6E 6F 74  	db	$20,$6E,$6F,$74,$20,$62,$65,$20,$63,$72,$65,$61,$74,$65,$64
       00:0264: 20 62 65 20 
       00:0268: 63 72 65 61 
       00:026C: 74 65 64 
  1187 00:026F: 20 72 63 3A  	db	$20,$72,$63,$3A,$20,$25,$64,$0A,$00,$45,$72,$72,$6F,$72,$20
       00:0273: 20 25 64 0A 
       00:0277: 00 45 72 72 
       00:027B: 6F 72 20 
  1188 00:027E: 73 74 61 72  	db	$73,$74,$61,$72,$74,$69,$6E,$67,$20,$52,$54,$4F,$53,$20,$73
       00:0282: 74 69 6E 67 
       00:0286: 20 52 54 4F 
       00:028A: 53 20 73 
  1189 00:028D: 63 68 65 64  	db	$63,$68,$65,$64,$75,$6C,$65,$72,$0A,$00
       00:0291: 75 6C 65 72 
       00:0295: 0A 00 
  1190 00:0297:              	ends
  1191                        ;
  1192                        	xref	_~strlen
  1193                        	xref	_~vTaskStartScheduler
  1194                        	xref	_~xTaskCreate
  1195                        	xref	_~vPortHeapResetState
  1196                        	xref	_~vPortFreeStack
  1197                        	xref	_~pvPortMallocStack
  1198                        	xref	_~vPortGetHeapStats
  1199                        	xref	_~vPortDefineHeapRegions
  1200                        	xref	_~malloc
  1201                        	xref	_~free
  1202                        	xref	_~vsprintf
  1203                        	xref	_~printf


      Lines assembled: 1203
      Errors: 0
