  Tue Oct  6 2026 14:17                                                                                                    Page 1


                                               ***************************************
                                               **      WDC 65C816 Macro Assembler   **
                                               **                                   **
                                               **     Version 3.49.1- Feb  6 2006    **
                                               ***************************************

     1                        ;:ts=8
     2             00000001   R0	equ	1
     3             00000005   R1	equ	5
     4             00000009   R2	equ	9
     5             0000000D   R3	equ	13
     6                        ;#include <stdio.h>
     7                        ;#include <stdlib.h>
     8                        ;#include <fcntl.h>
     9                        ;
    10                        ;#include "FreeRTOS.h"
    11                        ;#include "task.h"
    12                        ;
    13                        ;#include "ff.h"
    14                        ;
    15                        ;char *ucHeapStack = (char *)0x0200;
    16                        	data
    17                        	xdef	_~ucHeapStack
    18                        _~ucHeapStack:
    19 00:0000: 00 02 00 00  	dl	$200
    20 00:0004:              	ends
    21                        ;
    22                        ;volatile char* debug_char = (volatile char *) 0xfffff0;
    23                        	data
    24                        	xdef	_~debug_char
    25                        _~debug_char:
    26 00:0004: F0 FF FF 00  	dl	$FFFFF0
    27 00:0008:              	ends
    28                        ;volatile char* debug_hex  = (volatile char *) 0xfffff1;
    29                        	data
    30                        	xdef	_~debug_hex
    31                        _~debug_hex:
    32 00:0008: F1 FF FF 00  	dl	$FFFFF1
    33 00:000C:              	ends
    34                        ;volatile char* debug_reset  = (volatile char *) 0xfffff2;
    35                        	data
    36                        	xdef	_~debug_reset
    37                        _~debug_reset:
    38 00:000C: F2 FF FF 00  	dl	$FFFFF2
    39 00:0010:              	ends
    40                        ;
    41                        ;const char *ansi_white = "\033[0m";
    42                        	data
    43                        	xdef	_~ansi_white
    44                        _~ansi_white:
    45 00:0010: xx xx xx xx  	dl	L1+0
    46 00:0014:              	ends
    47                        	data
    48                        L1:
    49 00:0014: 1B 5B 30 6D  	db	$1B,$5B,$30,$6D,$00
       00:0018: 00 
    50 00:0019:              	ends
    51                        ;const char *ansi_red = "\033[31m";
  Tue Oct  6 2026 14:17                                                                                                    Page 2


    52                        	data
    53                        	xdef	_~ansi_red
    54                        _~ansi_red:
    55 00:0019: xx xx xx xx  	dl	L2+0
    56 00:001D:              	ends
    57                        	data
    58                        L2:
    59 00:001D: 1B 5B 33 31  	db	$1B,$5B,$33,$31,$6D,$00
       00:0021: 6D 00 
    60 00:0023:              	ends
    61                        ;const char *ansi_yellow = "\033[33;1m";
    62                        	data
    63                        	xdef	_~ansi_yellow
    64                        _~ansi_yellow:
    65 00:0023: xx xx xx xx  	dl	L3+0
    66 00:0027:              	ends
    67                        	data
    68                        L3:
    69 00:0027: 1B 5B 33 33  	db	$1B,$5B,$33,$33,$3B,$31,$6D,$00
       00:002B: 3B 31 6D 00 
    70 00:002F:              	ends
    71                        ;const char *ansi_clrhome = "\033[2J\033[H";
    72                        	data
    73                        	xdef	_~ansi_clrhome
    74                        _~ansi_clrhome:
    75 00:002F: xx xx xx xx  	dl	L4+0
    76 00:0033:              	ends
    77                        	data
    78                        L4:
    79 00:0033: 1B 5B 32 4A  	db	$1B,$5B,$32,$4A,$1B,$5B,$48,$00
       00:0037: 1B 5B 48 00 
    80 00:003B:              	ends
    81                        ;
    82                        ;typedef struct taskParm {
    83                        ;	char *taskName;
    84                        ;	char dataBank;
    85                        ;	void *taskAddr;
    86                        ;	TickType_t tickDelay;
    87                        ;} taskParm_t;
    88                        ;
    89                        ;typedef union {
    90                        ;	void *ptr;
    91                        ;	struct {
    92                        ;		unsigned int addr;
    93                        ;		char bank;
    94                        ;		char dummy;
    95                        ;	} parts;
    96                        ;} ptrParts_t;
    97                        ;
    98                        ;FATFS FatFs;		/* FatFs work area needed for each volume */
    99                        ;FIL Fil;			/* File object needed for each open file */
   100                        ;
   101                        ;#asm
   102                        ;	clc
   103                        ;	xce
   104                        ;	rep #$30
   105                        ;	lda #$efff
   106                        ;	tcs
  Tue Oct  6 2026 14:17                                                                                                    Page 3


   107                        ;	phk
   108                        ;	plb
   109                        ;	jmp _~main
   110                        ;#endasm
   111                        	asmstart
   112 00:0000: 18           	clc
   113 00:0001: FB           	xce
   114 00:0002: C2 30        	rep #$30
   115 00:0004: A9 FF EF     	lda #$efff
   116 00:0007: 1B           	tcs
   117 00:0008: 4B           	phk
   118 00:0009: AB           	plb
   119 00:000A: 4C xx xx     	jmp _~main
   120                        	asmend
   121                        ;
   122                        ;//#include "wdc_misc.h"
   123                        ;
   124                        ;void vApplicationStackOverflowHook( TaskHandle_t xTask,
   125                        ;                                        char * pcTaskName ) {
   126                        	code
   127                        	xdef	_~vApplicationStackOverflowHook
   128                        	func
   129                        _~vApplicationStackOverflowHook:
   130                        	longa	on
   131                        	longi	on
   132 00:000D: 3B           	tsc
   133 00:000E: 38           	sec
   134 00:000F: E9 00 00     	sbc	#L6
   135 00:0012: 1B           	tcs
   136 00:0013: 0B           	phd
   137 00:0014: 5B           	tcd
   138             00000003   xTask_0	set	3
   139             00000007   pcTaskName_0	set	7
   140                        ;
   141                        ;}
   142 00:0015: A5 01        	lda	<L6+1
   143 00:0017: 85 09        	sta	<L6+1+8
   144 00:0019: 2B           	pld
   145 00:001A: 3B           	tsc
   146 00:001B: 18           	clc
   147 00:001C: 69 08 00     	adc	#L6+8
   148 00:001F: 1B           	tcs
   149 00:0020: 60           	rts
   150             00000000   L6	equ	0
   151             00000001   L7	equ	1
   152                        	ends
   153                        	efunc
   154                        ;
   155                        ;void printHeapStats() {
   156                        	code
   157                        	xdef	_~printHeapStats
   158                        	func
   159                        _~printHeapStats:
   160                        	longa	on
   161                        	longi	on
   162 00:0021: 3B           	tsc
   163 00:0022: 38           	sec
   164 00:0023: E9 1C 00     	sbc	#L9
  Tue Oct  6 2026 14:17                                                                                                    Page 4


   165 00:0026: 1B           	tcs
   166 00:0027: 0B           	phd
   167 00:0028: 5B           	tcd
   168                        ;	HeapStats_t pxHeapStats;
   169                        ;	
   170                        ;	vPortGetHeapStats(&pxHeapStats);
   171             00000000   pxHeapStats_1	set	0
   172 00:0029: F4 00 00     	pea	#0
   173 00:002C: 18           	clc
   174 00:002D: 7B           	tdc
   175 00:002E: 69 01 00     	adc	#<L10+pxHeapStats_1
   176 00:0031: 48           	pha
   177 00:0032: 20 xx xx     	jsr	_~vPortGetHeapStats
   178                        ;	printf("\n");
   179 00:0035: F4 xx xx     	pea	#^L5
   180 00:0038: F4 xx xx     	pea	#<L5
   181 00:003B: F4 06 00     	pea	#6
   182 00:003E: 20 xx xx     	jsr	_~printf
   183                        ;	printf("xAvailableHeapSpaceInBytes:%p\n", (void *)pxHeapStats.xAvailableHeapSpaceInBytes);
   184 00:0041: D4 03        	pei	<L10+pxHeapStats_1+2
   185 00:0043: D4 01        	pei	<L10+pxHeapStats_1
   186 00:0045: F4 xx xx     	pea	#^L5+2
   187 00:0048: F4 xx xx     	pea	#<L5+2
   188 00:004B: F4 0A 00     	pea	#10
   189 00:004E: 20 xx xx     	jsr	_~printf
   190                        ;	printf("xSizeOfLargestFreeBlockInBytes:%04x\n", pxHeapStats.xSizeOfLargestFreeBlockInBytes);
   191 00:0051: D4 07        	pei	<L10+pxHeapStats_1+6
   192 00:0053: D4 05        	pei	<L10+pxHeapStats_1+4
   193 00:0055: F4 xx xx     	pea	#^L5+33
   194 00:0058: F4 xx xx     	pea	#<L5+33
   195 00:005B: F4 0A 00     	pea	#10
   196 00:005E: 20 xx xx     	jsr	_~printf
   197                        ;	printf("xSizeOfSmallestFreeBlockInBytes:%04x\n", pxHeapStats.xSizeOfSmallestFreeBlockInBytes);
   198 00:0061: D4 0B        	pei	<L10+pxHeapStats_1+10
   199 00:0063: D4 09        	pei	<L10+pxHeapStats_1+8
   200 00:0065: F4 xx xx     	pea	#^L5+70
   201 00:0068: F4 xx xx     	pea	#<L5+70
   202 00:006B: F4 0A 00     	pea	#10
   203 00:006E: 20 xx xx     	jsr	_~printf
   204                        ;	printf("xNumberOfFreeBlocks:%04x\n", pxHeapStats.xNumberOfFreeBlocks);
   205 00:0071: D4 0F        	pei	<L10+pxHeapStats_1+14
   206 00:0073: D4 0D        	pei	<L10+pxHeapStats_1+12
   207 00:0075: F4 xx xx     	pea	#^L5+108
   208 00:0078: F4 xx xx     	pea	#<L5+108
   209 00:007B: F4 0A 00     	pea	#10
   210 00:007E: 20 xx xx     	jsr	_~printf
   211                        ;	printf("xMinimumEverFreeBytesRemaining:%p\n", (void *)pxHeapStats.xMinimumEverFreeBytesRemaining);
   212 00:0081: D4 13        	pei	<L10+pxHeapStats_1+18
   213 00:0083: D4 11        	pei	<L10+pxHeapStats_1+16
   214 00:0085: F4 xx xx     	pea	#^L5+134
   215 00:0088: F4 xx xx     	pea	#<L5+134
   216 00:008B: F4 0A 00     	pea	#10
   217 00:008E: 20 xx xx     	jsr	_~printf
   218                        ;	printf("xNumberOfSuccessfulAllocations:%p\n", (void *)pxHeapStats.xNumberOfSuccessfulAllocations);
   219 00:0091: D4 17        	pei	<L10+pxHeapStats_1+22
   220 00:0093: D4 15        	pei	<L10+pxHeapStats_1+20
   221 00:0095: F4 xx xx     	pea	#^L5+169
   222 00:0098: F4 xx xx     	pea	#<L5+169
  Tue Oct  6 2026 14:17                                                                                                    Page 5


   223 00:009B: F4 0A 00     	pea	#10
   224 00:009E: 20 xx xx     	jsr	_~printf
   225                        ;	printf("xNumberOfSuccessfulFrees:%p\n", (void *)pxHeapStats.xNumberOfSuccessfulFrees);
   226 00:00A1: D4 1B        	pei	<L10+pxHeapStats_1+26
   227 00:00A3: D4 19        	pei	<L10+pxHeapStats_1+24
   228 00:00A5: F4 xx xx     	pea	#^L5+204
   229 00:00A8: F4 xx xx     	pea	#<L5+204
   230 00:00AB: F4 0A 00     	pea	#10
   231 00:00AE: 20 xx xx     	jsr	_~printf
   232                        ;}
   233 00:00B1: 2B           	pld
   234 00:00B2: 3B           	tsc
   235 00:00B3: 18           	clc
   236 00:00B4: 69 1C 00     	adc	#L9
   237 00:00B7: 1B           	tcs
   238 00:00B8: 60           	rts
   239             0000001C   L9	equ	28
   240             00000001   L10	equ	1
   241                        	ends
   242                        	efunc
   243                        	data
   244                        L5:
   245 00:003B: 0A 00 78 41  	db	$0A,$00,$78,$41,$76,$61,$69,$6C,$61,$62,$6C,$65,$48,$65,$61
       00:003F: 76 61 69 6C 
       00:0043: 61 62 6C 65 
       00:0047: 48 65 61 
   246 00:004A: 70 53 70 61  	db	$70,$53,$70,$61,$63,$65,$49,$6E,$42,$79,$74,$65,$73,$3A,$25
       00:004E: 63 65 49 6E 
       00:0052: 42 79 74 65 
       00:0056: 73 3A 25 
   247 00:0059: 70 0A 00 78  	db	$70,$0A,$00,$78,$53,$69,$7A,$65,$4F,$66,$4C,$61,$72,$67,$65
       00:005D: 53 69 7A 65 
       00:0061: 4F 66 4C 61 
       00:0065: 72 67 65 
   248 00:0068: 73 74 46 72  	db	$73,$74,$46,$72,$65,$65,$42,$6C,$6F,$63,$6B,$49,$6E,$42,$79
       00:006C: 65 65 42 6C 
       00:0070: 6F 63 6B 49 
       00:0074: 6E 42 79 
   249 00:0077: 74 65 73 3A  	db	$74,$65,$73,$3A,$25,$30,$34,$78,$0A,$00,$78,$53,$69,$7A,$65
       00:007B: 25 30 34 78 
       00:007F: 0A 00 78 53 
       00:0083: 69 7A 65 
   250 00:0086: 4F 66 53 6D  	db	$4F,$66,$53,$6D,$61,$6C,$6C,$65,$73,$74,$46,$72,$65,$65,$42
       00:008A: 61 6C 6C 65 
       00:008E: 73 74 46 72 
       00:0092: 65 65 42 
   251 00:0095: 6C 6F 63 6B  	db	$6C,$6F,$63,$6B,$49,$6E,$42,$79,$74,$65,$73,$3A,$25,$30,$34
       00:0099: 49 6E 42 79 
       00:009D: 74 65 73 3A 
       00:00A1: 25 30 34 
   252 00:00A4: 78 0A 00 78  	db	$78,$0A,$00,$78,$4E,$75,$6D,$62,$65,$72,$4F,$66,$46,$72,$65
       00:00A8: 4E 75 6D 62 
       00:00AC: 65 72 4F 66 
       00:00B0: 46 72 65 
   253 00:00B3: 65 42 6C 6F  	db	$65,$42,$6C,$6F,$63,$6B,$73,$3A,$25,$30,$34,$78,$0A,$00,$78
       00:00B7: 63 6B 73 3A 
       00:00BB: 25 30 34 78 
       00:00BF: 0A 00 78 
  Tue Oct  6 2026 14:17                                                                                                    Page 6


   254 00:00C2: 4D 69 6E 69  	db	$4D,$69,$6E,$69,$6D,$75,$6D,$45,$76,$65,$72,$46,$72,$65,$65
       00:00C6: 6D 75 6D 45 
       00:00CA: 76 65 72 46 
       00:00CE: 72 65 65 
   255 00:00D1: 42 79 74 65  	db	$42,$79,$74,$65,$73,$52,$65,$6D,$61,$69,$6E,$69,$6E,$67,$3A
       00:00D5: 73 52 65 6D 
       00:00D9: 61 69 6E 69 
       00:00DD: 6E 67 3A 
   256 00:00E0: 25 70 0A 00  	db	$25,$70,$0A,$00,$78,$4E,$75,$6D,$62,$65,$72,$4F,$66,$53,$75
       00:00E4: 78 4E 75 6D 
       00:00E8: 62 65 72 4F 
       00:00EC: 66 53 75 
   257 00:00EF: 63 63 65 73  	db	$63,$63,$65,$73,$73,$66,$75,$6C,$41,$6C,$6C,$6F,$63,$61,$74
       00:00F3: 73 66 75 6C 
       00:00F7: 41 6C 6C 6F 
       00:00FB: 63 61 74 
   258 00:00FE: 69 6F 6E 73  	db	$69,$6F,$6E,$73,$3A,$25,$70,$0A,$00,$78,$4E,$75,$6D,$62,$65
       00:0102: 3A 25 70 0A 
       00:0106: 00 78 4E 75 
       00:010A: 6D 62 65 
   259 00:010D: 72 4F 66 53  	db	$72,$4F,$66,$53,$75,$63,$63,$65,$73,$73,$66,$75,$6C,$46,$72
       00:0111: 75 63 63 65 
       00:0115: 73 73 66 75 
       00:0119: 6C 46 72 
   260 00:011C: 65 65 73 3A  	db	$65,$65,$73,$3A,$25,$70,$0A,$00
       00:0120: 25 70 0A 00 
   261 00:0124:              	ends
   262                        ;
   263                        ;void shellTask( void *pvParameters )
   264                        ;{
   265                        	code
   266                        	xdef	_~shellTask
   267                        	func
   268                        _~shellTask:
   269                        	longa	on
   270                        	longi	on
   271 00:00B9: 3B           	tsc
   272 00:00BA: 38           	sec
   273 00:00BB: E9 0D 00     	sbc	#L13
   274 00:00BE: 1B           	tcs
   275 00:00BF: 0B           	phd
   276 00:00C0: 5B           	tcd
   277             00000003   pvParameters_0	set	3
   278                        ;	taskParm_t *taskParm = (taskParm_t *) pvParameters;
   279                        ;	char dataBank;
   280                        ;	unsigned int stackptr, direct;
   281                        ;	UINT bw;
   282                        ;	FRESULT fr;
   283                        ;
   284                        ;	#asm
   285             00000000   taskParm_1	set	0
   286             00000004   dataBank_1	set	4
   287             00000005   stackptr_1	set	5
   288             00000007   direct_1	set	7
   289             00000009   bw_1	set	9
   290             0000000B   fr_1	set	11
   291 00:00C1: A5 10        	lda	<L13+pvParameters_0
   292 00:00C3: 85 01        	sta	<L14+taskParm_1
  Tue Oct  6 2026 14:17                                                                                                    Page 7


   293 00:00C5: A5 12        	lda	<L13+pvParameters_0+2
   294 00:00C7: 85 03        	sta	<L14+taskParm_1+2
   295                        ;	sep #$20
   296                        ;	phb
   297                        ;	pla
   298                        ;	sta %%dataBank
   299                        ;	rep #$20
   300                        ;	tsc
   301                        ;	sta %%stackptr;
   302                        ;	tdc
   303                        ;	sta %%direct;
   304                        ;	#endasm
   305                        	asmstart
   306 00:00C9: E2 20        	sep #$20
   307 00:00CB: 8B           	phb
   308 00:00CC: 68           	pla
   309 00:00CD: 85 05        	sta <L14+dataBank_1
   310 00:00CF: C2 20        	rep #$20
   311 00:00D1: 3B           	tsc
   312 00:00D2: 85 06        	sta <L14+stackptr_1;
   313 00:00D4: 7B           	tdc
   314 00:00D5: 85 08        	sta <L14+direct_1;
   315                        	asmend
   316                        ;	
   317                        ;	printf("%s DB:%02X\n", taskParm->taskName, dataBank);
   318 00:00D7: A5 05        	lda	<L14+dataBank_1
   319 00:00D9: 29 FF 00     	and	#$ff
   320 00:00DC: 48           	pha
   321 00:00DD: A0 02 00     	ldy	#$2
   322 00:00E0: B7 01        	lda	[<L14+taskParm_1],Y
   323 00:00E2: 48           	pha
   324 00:00E3: A7 01        	lda	[<L14+taskParm_1]
   325 00:00E5: 48           	pha
   326 00:00E6: F4 xx xx     	pea	#^L12
   327 00:00E9: F4 xx xx     	pea	#<L12
   328 00:00EC: F4 0C 00     	pea	#12
   329 00:00EF: 20 xx xx     	jsr	_~printf
   330                        ;
   331                        ;	for(;;) {
   332                        L10003:
   333                        ;		vTaskDelay(taskParm->tickDelay);
   334 00:00F2: A0 0B 00     	ldy	#$b
   335 00:00F5: B7 01        	lda	[<L14+taskParm_1],Y
   336 00:00F7: 48           	pha
   337 00:00F8: 88           	dey
   338 00:00F9: 88           	dey
   339 00:00FA: B7 01        	lda	[<L14+taskParm_1],Y
   340 00:00FC: 48           	pha
   341 00:00FD: 20 xx xx     	jsr	_~vTaskDelay
   342                        ;	}
   343 00:0100: 80 F0        	bra	L10003
   344                        ;		
   345                        ;
   346                        ;}
   347             0000000D   L13	equ	13
   348             00000001   L14	equ	1
   349                        	ends
   350                        	efunc
  Tue Oct  6 2026 14:17                                                                                                    Page 8


   351                        	data
   352                        L12:
   353 00:0124: 25 73 20 44  	db	$25,$73,$20,$44,$42,$3A,$25,$30,$32,$58,$0A,$00
       00:0128: 42 3A 25 30 
       00:012C: 32 58 0A 00 
   354 00:0130:              	ends
   355                        ;
   356                        ;int main (int argc, char ** argv) {
   357                        	code
   358                        	xdef	_~main
   359                        	func
   360                        _~main:
   361                        	longa	on
   362                        	longi	on
   363 00:0102: 3B           	tsc
   364 00:0103: 38           	sec
   365 00:0104: E9 4F 00     	sbc	#L16
   366 00:0107: 1B           	tcs
   367 00:0108: 0B           	phd
   368 00:0109: 5B           	tcd
   369             00000003   argc_0	set	3
   370             00000005   argv_0	set	5
   371                        ;	
   372                        ;	BaseType_t rc;
   373                        ;	HeapRegion_t reg;
   374                        ;	HeapRegion_t *pxHeapReg;
   375                        ;	TaskHandle_t * pxCreatedTask;
   376                        ;	taskParm_t taskParm_1, taskParm_2, taskParm_3;
   377                        ;	ptrParts_t pp;
   378                        ;	
   379                        ;	char *p;
   380                        ;	int i;
   381                        ;
   382                        ;	//asm wdm 7;
   383                        ;	
   384                        ;	pxHeapReg = (HeapRegion_t *)pvPortMallocStack(sizeof(reg) * 100);
   385             00000000   rc_1	set	0
   386             00000002   reg_1	set	2
   387             0000000A   pxHeapReg_1	set	10
   388             0000000E   pxCreatedTask_1	set	14
   389             00000012   taskParm_1_1	set	18
   390             0000001F   taskParm_2_1	set	31
   391             0000002C   taskParm_3_1	set	44
   392             00000039   pp_1	set	57
   393             0000003D   p_1	set	61
   394             00000041   i_1	set	65
   395 00:010A: F4 20 03     	pea	#<$320
   396 00:010D: 20 xx xx     	jsr	_~pvPortMallocStack
   397 00:0110: 85 17        	sta	<L17+pxHeapReg_1
   398 00:0112: 86 19        	stx	<L17+pxHeapReg_1+2
   399                        ;	printf("pxHeapReg:%p %u\n", pxHeapReg, sizeof(reg) * 100);
   400 00:0114: F4 20 03     	pea	#<$320
   401 00:0117: D4 19        	pei	<L17+pxHeapReg_1+2
   402 00:0119: D4 17        	pei	<L17+pxHeapReg_1
   403 00:011B: F4 xx xx     	pea	#^L15
   404 00:011E: F4 xx xx     	pea	#<L15
   405 00:0121: F4 0C 00     	pea	#12
   406 00:0124: 20 xx xx     	jsr	_~printf
  Tue Oct  6 2026 14:17                                                                                                    Page 9


   407                        ;	
   408                        ;	//asm wdm 6;
   409                        ;	
   410                        ;	reg.xSizeInBytes = 0x010000;
   411 00:0127: A9 00 00     	lda	#$0
   412 00:012A: 85 13        	sta	<L17+reg_1+4
   413 00:012C: 1A           	ina
   414 00:012D: 85 15        	sta	<L17+reg_1+6
   415                        ;	
   416                        ;	for(i = 0; i < 99; i++) {
   417 00:012F: 64 4E        	stz	<L17+i_1
   418                        L10006:
   419                        ;		reg.pucStartAddress = (char *)((i+2) * 0x010000U);
   420 00:0131: A9 02 00     	lda	#$2
   421 00:0134: 18           	clc
   422 00:0135: 65 4E        	adc	<L17+i_1
   423 00:0137: 85 05        	sta	<R1
   424 00:0139: A0 00 00     	ldy	#$0
   425 00:013C: A5 05        	lda	<R1
   426 00:013E: 10 01        	bpl	L18
   427 00:0140: 88           	dey
   428                        L18:
   429 00:0141: 85 05        	sta	<R1
   430 00:0143: 84 07        	sty	<R1+2
   431 00:0145: D4 07        	pei	<R1+2
   432 00:0147: D4 05        	pei	<R1
   433 00:0149: A9 10 00     	lda	#$10
   434                        	xref	_~~lasl
   435 00:014C: 20 xx xx     	jsr	_~~lasl
   436 00:014F: 86 03        	stx	<R0+2
   437 00:0151: 85 0F        	sta	<L17+reg_1
   438 00:0153: A5 03        	lda	<R0+2
   439 00:0155: 85 11        	sta	<L17+reg_1+2
   440                        ;		pxHeapReg[i] = reg;
   441 00:0157: 18           	clc
   442 00:0158: 7B           	tdc
   443 00:0159: 69 0F 00     	adc	#<L17+reg_1
   444 00:015C: 85 01        	sta	<R0
   445 00:015E: A9 00 00     	lda	#$0
   446 00:0161: 48           	pha
   447 00:0162: D4 01        	pei	<R0
   448 00:0164: A8           	tay
   449 00:0165: A5 4E        	lda	<L17+i_1
   450 00:0167: 10 01        	bpl	L19
   451 00:0169: 88           	dey
   452                        L19:
   453 00:016A: 85 05        	sta	<R1
   454 00:016C: 84 07        	sty	<R1+2
   455 00:016E: D4 07        	pei	<R1+2
   456 00:0170: D4 05        	pei	<R1
   457 00:0172: A9 03 00     	lda	#$3
   458                        	xref	_~~lasl
   459 00:0175: 20 xx xx     	jsr	_~~lasl
   460 00:0178: 85 01        	sta	<R0
   461 00:017A: 86 03        	stx	<R0+2
   462 00:017C: A5 17        	lda	<L17+pxHeapReg_1
   463 00:017E: 18           	clc
   464 00:017F: 65 01        	adc	<R0
  Tue Oct  6 2026 14:17                                                                                                    Page 10


   465 00:0181: 85 09        	sta	<R2
   466 00:0183: A5 19        	lda	<L17+pxHeapReg_1+2
   467 00:0185: 65 03        	adc	<R0+2
   468 00:0187: 48           	pha
   469 00:0188: D4 09        	pei	<R2
   470 00:018A: A9 08 00     	lda	#$8
   471                        	xref	_~~fmov
   472 00:018D: 20 xx xx     	jsr	_~~fmov
   473                        ;		
   474                        ;	}
   475 00:0190: E6 4E        	inc	<L17+i_1
   476 00:0192: 38           	sec
   477 00:0193: A5 4E        	lda	<L17+i_1
   478 00:0195: E9 63 00     	sbc	#<$63
   479 00:0198: 70 03        	bvs	L20
   480 00:019A: 49 00 80     	eor	#$8000
   481                        L20:
   482 00:019D: 10 92        	bpl	L10006
   483                        ;	reg.pucStartAddress = NULL;
   484 00:019F: 64 0F        	stz	<L17+reg_1
   485 00:01A1: 64 11        	stz	<L17+reg_1+2
   486                        ;	reg.xSizeInBytes = 0;
   487 00:01A3: 64 13        	stz	<L17+reg_1+4
   488 00:01A5: 64 15        	stz	<L17+reg_1+6
   489                        ;	pxHeapReg[i] = reg;
   490 00:01A7: 18           	clc
   491 00:01A8: 7B           	tdc
   492 00:01A9: 69 0F 00     	adc	#<L17+reg_1
   493 00:01AC: 85 01        	sta	<R0
   494 00:01AE: A9 00 00     	lda	#$0
   495 00:01B1: 48           	pha
   496 00:01B2: D4 01        	pei	<R0
   497 00:01B4: A8           	tay
   498 00:01B5: A5 4E        	lda	<L17+i_1
   499 00:01B7: 10 01        	bpl	L22
   500 00:01B9: 88           	dey
   501                        L22:
   502 00:01BA: 85 05        	sta	<R1
   503 00:01BC: 84 07        	sty	<R1+2
   504 00:01BE: D4 07        	pei	<R1+2
   505 00:01C0: D4 05        	pei	<R1
   506 00:01C2: A9 03 00     	lda	#$3
   507                        	xref	_~~lasl
   508 00:01C5: 20 xx xx     	jsr	_~~lasl
   509 00:01C8: 85 01        	sta	<R0
   510 00:01CA: 86 03        	stx	<R0+2
   511 00:01CC: A5 17        	lda	<L17+pxHeapReg_1
   512 00:01CE: 18           	clc
   513 00:01CF: 65 01        	adc	<R0
   514 00:01D1: 85 09        	sta	<R2
   515 00:01D3: A5 19        	lda	<L17+pxHeapReg_1+2
   516 00:01D5: 65 03        	adc	<R0+2
   517 00:01D7: 48           	pha
   518 00:01D8: D4 09        	pei	<R2
   519 00:01DA: A9 08 00     	lda	#$8
   520                        	xref	_~~fmov
   521 00:01DD: 20 xx xx     	jsr	_~~fmov
   522                        ;
  Tue Oct  6 2026 14:17                                                                                                    Page 11


   523                        ;	
   524                        ;	printf("*** RTOS main \n");
   525 00:01E0: F4 xx xx     	pea	#^L15+17
   526 00:01E3: F4 xx xx     	pea	#<L15+17
   527 00:01E6: F4 06 00     	pea	#6
   528 00:01E9: 20 xx xx     	jsr	_~printf
   529                        ;	printf("*** RTOS vPortHeapResetState \n");
   530 00:01EC: F4 xx xx     	pea	#^L15+33
   531 00:01EF: F4 xx xx     	pea	#<L15+33
   532 00:01F2: F4 06 00     	pea	#6
   533 00:01F5: 20 xx xx     	jsr	_~printf
   534                        ;	vPortHeapResetState();
   535 00:01F8: 20 xx xx     	jsr	_~vPortHeapResetState
   536                        ;
   537                        ;	printf("*** RTOS vPortDefineHeapRegions \n");
   538 00:01FB: F4 xx xx     	pea	#^L15+64
   539 00:01FE: F4 xx xx     	pea	#<L15+64
   540 00:0201: F4 06 00     	pea	#6
   541 00:0204: 20 xx xx     	jsr	_~printf
   542                        ;	vPortDefineHeapRegions( pxHeapReg );
   543 00:0207: D4 19        	pei	<L17+pxHeapReg_1+2
   544 00:0209: D4 17        	pei	<L17+pxHeapReg_1
   545 00:020B: 20 xx xx     	jsr	_~vPortDefineHeapRegions
   546                        ;	
   547                        ;	vPortFreeStack(pxHeapReg);
   548 00:020E: D4 19        	pei	<L17+pxHeapReg_1+2
   549 00:0210: D4 17        	pei	<L17+pxHeapReg_1
   550 00:0212: 20 xx xx     	jsr	_~vPortFreeStack
   551                        ;	
   552                        ;	printHeapStats();
   553 00:0215: 20 xx xx     	jsr	_~printHeapStats
   554                        ;	
   555                        ;	pp.ptr = shellTask;
   556 00:0218: A9 xx xx     	lda	#<_~shellTask
   557 00:021B: 85 46        	sta	<L17+pp_1
   558                        	xref	_BEG_DATA
   559 00:021D: A9 xx xx     	lda	#_BEG_DATA>>16
   560 00:0220: 85 48        	sta	<L17+pp_1+2
   561                        ;	taskParm_1.dataBank = pp.parts.bank;
   562 00:0222: E2 20        	sep	#$20
   563                        	longa	off
   564 00:0224: 85 23        	sta	<L17+taskParm_1_1+4
   565                        ;	taskParm_2.dataBank = pp.parts.bank;
   566 00:0226: A5 48        	lda	<L17+pp_1+2
   567 00:0228: 85 30        	sta	<L17+taskParm_2_1+4
   568                        ;	taskParm_3.dataBank = pp.parts.bank;
   569 00:022A: A5 48        	lda	<L17+pp_1+2
   570 00:022C: 85 3D        	sta	<L17+taskParm_3_1+4
   571 00:022E: C2 20        	rep	#$20
   572                        	longa	on
   573                        ;	
   574                        ;	taskParm_1.taskName = "task1";
   575 00:0230: A9 xx xx     	lda	#<L15+98
   576 00:0233: 85 1F        	sta	<L17+taskParm_1_1
   577 00:0235: A9 xx xx     	lda	#^L15+98
   578 00:0238: 85 21        	sta	<L17+taskParm_1_1+2
   579                        ;	taskParm_1.taskAddr = shellTask;
   580 00:023A: A9 xx xx     	lda	#<_~shellTask
  Tue Oct  6 2026 14:17                                                                                                    Page 12


   581 00:023D: 85 24        	sta	<L17+taskParm_1_1+5
   582                        	xref	_BEG_DATA
   583 00:023F: A9 xx xx     	lda	#_BEG_DATA>>16
   584 00:0242: 85 26        	sta	<L17+taskParm_1_1+7
   585                        ;	taskParm_1.tickDelay = 10;
   586 00:0244: A9 0A 00     	lda	#$a
   587 00:0247: 85 28        	sta	<L17+taskParm_1_1+9
   588 00:0249: A9 00 00     	lda	#$0
   589 00:024C: 85 2A        	sta	<L17+taskParm_1_1+11
   590                        ;	
   591                        ;	taskParm_2.taskName = "2";
   592 00:024E: A9 xx xx     	lda	#<L15+104
   593 00:0251: 85 2C        	sta	<L17+taskParm_2_1
   594 00:0253: A9 xx xx     	lda	#^L15+104
   595 00:0256: 85 2E        	sta	<L17+taskParm_2_1+2
   596                        ;	taskParm_2.taskAddr = shellTask;
   597 00:0258: A9 xx xx     	lda	#<_~shellTask
   598 00:025B: 85 31        	sta	<L17+taskParm_2_1+5
   599                        	xref	_BEG_DATA
   600 00:025D: A9 xx xx     	lda	#_BEG_DATA>>16
   601 00:0260: 85 33        	sta	<L17+taskParm_2_1+7
   602                        ;	taskParm_2.tickDelay = 5;
   603 00:0262: A9 05 00     	lda	#$5
   604 00:0265: 85 35        	sta	<L17+taskParm_2_1+9
   605 00:0267: A9 00 00     	lda	#$0
   606 00:026A: 85 37        	sta	<L17+taskParm_2_1+11
   607                        ;
   608                        ;	taskParm_3.taskName = "3";
   609 00:026C: A9 xx xx     	lda	#<L15+106
   610 00:026F: 85 39        	sta	<L17+taskParm_3_1
   611 00:0271: A9 xx xx     	lda	#^L15+106
   612 00:0274: 85 3B        	sta	<L17+taskParm_3_1+2
   613                        ;	taskParm_3.taskAddr = shellTask;
   614 00:0276: A9 xx xx     	lda	#<_~shellTask
   615 00:0279: 85 3E        	sta	<L17+taskParm_3_1+5
   616                        	xref	_BEG_DATA
   617 00:027B: A9 xx xx     	lda	#_BEG_DATA>>16
   618 00:027E: 85 40        	sta	<L17+taskParm_3_1+7
   619                        ;	taskParm_3.tickDelay = 1;
   620 00:0280: A9 01 00     	lda	#$1
   621 00:0283: 85 42        	sta	<L17+taskParm_3_1+9
   622 00:0285: 3A           	dea
   623 00:0286: 85 44        	sta	<L17+taskParm_3_1+11
   624                        ;	
   625                        ;	rc = xTaskCreate( taskParm_1.taskAddr, "Task1", 512, (void *) &taskParm_1, 0, NULL);	
   626 00:0288: F4 00 00     	pea	#^$0
   627 00:028B: F4 00 00     	pea	#<$0
   628 00:028E: F4 00 00     	pea	#<$0
   629 00:0291: F4 00 00     	pea	#0
   630 00:0294: 18           	clc
   631 00:0295: 7B           	tdc
   632 00:0296: 69 1F 00     	adc	#<L17+taskParm_1_1
   633 00:0299: 48           	pha
   634 00:029A: F4 00 02     	pea	#<$200
   635 00:029D: F4 xx xx     	pea	#^L15+108
   636 00:02A0: F4 xx xx     	pea	#<L15+108
   637 00:02A3: D4 26        	pei	<L17+taskParm_1_1+7
   638 00:02A5: D4 24        	pei	<L17+taskParm_1_1+5
  Tue Oct  6 2026 14:17                                                                                                    Page 13


   639 00:02A7: 20 xx xx     	jsr	_~xTaskCreate
   640 00:02AA: 85 0D        	sta	<L17+rc_1
   641                        ;	printf("task create rc: %d\n", rc);
   642 00:02AC: 48           	pha
   643 00:02AD: F4 xx xx     	pea	#^L15+114
   644 00:02B0: F4 xx xx     	pea	#<L15+114
   645 00:02B3: F4 08 00     	pea	#8
   646 00:02B6: 20 xx xx     	jsr	_~printf
   647                        ;	/*
   648                        ;	rc = xTaskCreate( taskParm_2.taskAddr, "Task2", 512, (void *) &taskParm_2, 0, NULL);	
   649                        ;	printf("task create rc: %d\n", rc);
   650                        ;	rc = xTaskCreate( taskParm_3.taskAddr, "Task3", 512, (void *) &taskParm_3, 0, NULL);	
   651                        ;	printf("task create rc: %d\n", rc);
   652                        ;	*/
   653                        ;	
   654                        ;	if (rc != pdPASS) {
   655 00:02B9: A5 0D        	lda	<L17+rc_1
   656 00:02BB: C9 01 00     	cmp	#<$1
   657 00:02BE: F0 1F        	beq	L10007
   658                        ;		printf("shell could not be created rc: %d\n", rc);
   659 00:02C0: D4 0D        	pei	<L17+rc_1
   660 00:02C2: F4 xx xx     	pea	#^L15+134
   661 00:02C5: F4 xx xx     	pea	#<L15+134
   662 00:02C8: F4 08 00     	pea	#8
   663 00:02CB: 20 xx xx     	jsr	_~printf
   664                        ;		return pdPASS;
   665 00:02CE: A9 01 00     	lda	#$1
   666                        L24:
   667 00:02D1: A8           	tay
   668 00:02D2: A5 50        	lda	<L16+1
   669 00:02D4: 85 56        	sta	<L16+1+6
   670 00:02D6: 2B           	pld
   671 00:02D7: 3B           	tsc
   672 00:02D8: 18           	clc
   673 00:02D9: 69 55 00     	adc	#L16+6
   674 00:02DC: 1B           	tcs
   675 00:02DD: 98           	tya
   676 00:02DE: 60           	rts
   677                        ;	}
   678                        ;
   679                        ;	/* Start the scheduler so the tasks start executing. */
   680                        ;
   681                        ;	vTaskStartScheduler();
   682                        L10007:
   683 00:02DF: 20 xx xx     	jsr	_~vTaskStartScheduler
   684                        ;
   685                        ;	/* If all is well then main() will never reach here as the scheduler will
   686                        ;	now be running the tasks. If main() does reach here then it is likely that
   687                        ;	there was insufficient heap memory available for the idle task to be created.
   688                        ;	Chapter 2 provides more information on heap memory management. */
   689                        ;	printf("Error starting RTOS scheduler\n");
   690 00:02E2: F4 xx xx     	pea	#^L15+169
   691 00:02E5: F4 xx xx     	pea	#<L15+169
   692 00:02E8: F4 06 00     	pea	#6
   693 00:02EB: 20 xx xx     	jsr	_~printf
   694                        ;
   695                        ;	return pdFAIL;
   696 00:02EE: A9 00 00     	lda	#$0
  Tue Oct  6 2026 14:17                                                                                                    Page 14


   697 00:02F1: 80 DE        	bra	L24
   698                        ;
   699                        ;
   700                        ;/*	
   701                        ;
   702                        ;#asm
   703                        ;;	WDM 0
   704                        ;#endasm
   705                        ;	
   706                        ;	for (;;) {
   707                        ;		p = pvPortMalloc(0x2000);
   708                        ;		printf("%p\n", p);
   709                        ;		if (p == NULL) break;
   710                        ;	}
   711                        ;
   712                        ;	printHeapStats();
   713                        ;
   714                        ;
   715                        ;#asm
   716                        ;	WDM 8
   717                        ;#endasm
   718                        ;	for (;;) {}
   719                        ;*/	
   720                        ;}
   721             0000004F   L16	equ	79
   722             0000000D   L17	equ	13
   723                        	ends
   724                        	efunc
   725                        	data
   726                        L15:
   727 00:0130: 70 78 48 65  	db	$70,$78,$48,$65,$61,$70,$52,$65,$67,$3A,$25,$70,$20,$25,$75
       00:0134: 61 70 52 65 
       00:0138: 67 3A 25 70 
       00:013C: 20 25 75 
   728 00:013F: 0A 00 2A 2A  	db	$0A,$00,$2A,$2A,$2A,$20,$52,$54,$4F,$53,$20,$6D,$61,$69,$6E
       00:0143: 2A 20 52 54 
       00:0147: 4F 53 20 6D 
       00:014B: 61 69 6E 
   729 00:014E: 20 0A 00 2A  	db	$20,$0A,$00,$2A,$2A,$2A,$20,$52,$54,$4F,$53,$20,$76,$50,$6F
       00:0152: 2A 2A 20 52 
       00:0156: 54 4F 53 20 
       00:015A: 76 50 6F 
   730 00:015D: 72 74 48 65  	db	$72,$74,$48,$65,$61,$70,$52,$65,$73,$65,$74,$53,$74,$61,$74
       00:0161: 61 70 52 65 
       00:0165: 73 65 74 53 
       00:0169: 74 61 74 
   731 00:016C: 65 20 0A 00  	db	$65,$20,$0A,$00,$2A,$2A,$2A,$20,$52,$54,$4F,$53,$20,$76,$50
       00:0170: 2A 2A 2A 20 
       00:0174: 52 54 4F 53 
       00:0178: 20 76 50 
   732 00:017B: 6F 72 74 44  	db	$6F,$72,$74,$44,$65,$66,$69,$6E,$65,$48,$65,$61,$70,$52,$65
       00:017F: 65 66 69 6E 
       00:0183: 65 48 65 61 
       00:0187: 70 52 65 
   733 00:018A: 67 69 6F 6E  	db	$67,$69,$6F,$6E,$73,$20,$0A,$00,$74,$61,$73,$6B,$31,$00,$32
       00:018E: 73 20 0A 00 
       00:0192: 74 61 73 6B 
       00:0196: 31 00 32 
  Tue Oct  6 2026 14:17                                                                                                    Page 15


   734 00:0199: 00 33 00 54  	db	$00,$33,$00,$54,$61,$73,$6B,$31,$00,$74,$61,$73,$6B,$20,$63
       00:019D: 61 73 6B 31 
       00:01A1: 00 74 61 73 
       00:01A5: 6B 20 63 
   735 00:01A8: 72 65 61 74  	db	$72,$65,$61,$74,$65,$20,$72,$63,$3A,$20,$25,$64,$0A,$00,$73
       00:01AC: 65 20 72 63 
       00:01B0: 3A 20 25 64 
       00:01B4: 0A 00 73 
   736 00:01B7: 68 65 6C 6C  	db	$68,$65,$6C,$6C,$20,$63,$6F,$75,$6C,$64,$20,$6E,$6F,$74,$20
       00:01BB: 20 63 6F 75 
       00:01BF: 6C 64 20 6E 
       00:01C3: 6F 74 20 
   737 00:01C6: 62 65 20 63  	db	$62,$65,$20,$63,$72,$65,$61,$74,$65,$64,$20,$72,$63,$3A,$20
       00:01CA: 72 65 61 74 
       00:01CE: 65 64 20 72 
       00:01D2: 63 3A 20 
   738 00:01D5: 25 64 0A 00  	db	$25,$64,$0A,$00,$45,$72,$72,$6F,$72,$20,$73,$74,$61,$72,$74
       00:01D9: 45 72 72 6F 
       00:01DD: 72 20 73 74 
       00:01E1: 61 72 74 
   739 00:01E4: 69 6E 67 20  	db	$69,$6E,$67,$20,$52,$54,$4F,$53,$20,$73,$63,$68,$65,$64,$75
       00:01E8: 52 54 4F 53 
       00:01EC: 20 73 63 68 
       00:01F0: 65 64 75 
   740 00:01F3: 6C 65 72 0A  	db	$6C,$65,$72,$0A,$00
       00:01F7: 00 
   741 00:01F8:              	ends
   742                        ;
   743                        	xref	_~vTaskStartScheduler
   744                        	xref	_~vTaskDelay
   745                        	xref	_~xTaskCreate
   746                        	xref	_~vPortHeapResetState
   747                        	xref	_~vPortFreeStack
   748                        	xref	_~pvPortMallocStack
   749                        	xref	_~vPortGetHeapStats
   750                        	xref	_~vPortDefineHeapRegions
   751                        	xref	_~printf
   752                        	udata
   753                        	xdef	_~Fil
   754                        _~Fil
   755 00:0000:              	ds	556
   756 00:022C:              	ends
   757                        	udata
   758                        	xdef	_~FatFs
   759                        _~FatFs
   760 00:022C:              	ds	564
   761 00:0460:              	ends


      Lines assembled: 761
      Errors: 0
