  Tue Sep 22 2026 17:42                                                                                                    Page 1


                                               ***************************************
                                               **      WDC 65C816 Macro Assembler   **
                                               **                                   **
                                               **     Version 3.49.1- Feb  6 2006    **
                                               ***************************************

     1                        ;:ts=8
     2             00000001   R0	equ	1
     3             00000005   R1	equ	5
     4             00000009   R2	equ	9
     5             0000000D   R3	equ	13
     6                        ;/*-----------------------------------------------------------------------*/
     7                        ;/* Low level disk I/O module SKELETON for FatFs     (C)ChaN, 2025        */
     8                        ;/*-----------------------------------------------------------------------*/
     9                        ;/* If a working storage control module is available, it should be        */
    10                        ;/* attached to the FatFs via a glue function rather than modifying it.   */
    11                        ;/* This is an example of glue functions to attach various exsisting      */
    12                        ;/* storage control modules to the FatFs module with a defined API.       */
    13                        ;/*-----------------------------------------------------------------------*/
    14                        ;
    15                        ;#include <stdio.h>
    16                        ;#include "ff.h"			/* Basic definitions of FatFs */
    17                        ;#include "diskio.h"		/* Declarations FatFs MAI */
    18                        ;
    19                        ;/* Example: Declarations of the platform and disk functions in the project */
    20                        ;//#include "platform.h"
    21                        ;//#include "storage.h"
    22                        ;
    23                        ;/* Example: Mapping of physical drive number for each drive */
    24                        ;#define DEV_FLASH	0	/* Map FTL to physical drive 0 */
    25                        ;#define DEV_MMC		1	/* Map MMC/SD card to physical drive 1 */
    26                        ;#define DEV_USB		2	/* Map USB MSD to physical drive 2 */
    27                        ;
    28                        ;#define DEV_RAM		3
    29                        ;
    30                        ;/*-----------------------------------------------------------------------*/
    31                        ;/* Get Drive Status                                                      */
    32                        ;/*-----------------------------------------------------------------------*/
    33                        ;
    34                        ;DSTATUS disk_status (
    35                        ;	BYTE pdrv		/* Physical drive nmuber to identify the drive */
    36                        ;)
    37                        ;{
    38                        	code
    39                        	xdef	_~disk_status
    40                        	func
    41                        _~disk_status:
    42                        	longa	on
    43                        	longi	on
    44 00:0000: 3B           	tsc
    45 00:0001: 38           	sec
    46 00:0002: E9 03 00     	sbc	#L2
    47 00:0005: 1B           	tcs
    48 00:0006: 0B           	phd
    49 00:0007: 5B           	tcd
    50             00000003   pdrv_0	set	3
    51                        ;	DSTATUS stat;
    52                        ;	int result;
  Tue Sep 22 2026 17:42                                                                                                    Page 2


    53                        ;
    54                        ;	printf("disk_status 0x%02x\n", pdrv);
    55             00000000   stat_1	set	0
    56             00000001   result_1	set	1
    57 00:0008: A5 06        	lda	<L2+pdrv_0
    58 00:000A: 29 FF 00     	and	#$ff
    59 00:000D: 48           	pha
    60 00:000E: F4 xx xx     	pea	#^L1
    61 00:0011: F4 xx xx     	pea	#<L1
    62 00:0014: F4 08 00     	pea	#8
    63 00:0017: 20 xx xx     	jsr	_~printf
    64                        ;	
    65                        ;	return RES_OK;
    66 00:001A: A9 00 00     	lda	#$0
    67 00:001D: A8           	tay
    68 00:001E: A5 04        	lda	<L2+1
    69 00:0020: 85 06        	sta	<L2+1+2
    70 00:0022: 2B           	pld
    71 00:0023: 3B           	tsc
    72 00:0024: 18           	clc
    73 00:0025: 69 05 00     	adc	#L2+2
    74 00:0028: 1B           	tcs
    75 00:0029: 98           	tya
    76 00:002A: 60           	rts
    77                        ;
    78                        ;/*
    79                        ;	switch (pdrv) {
    80                        ;	case DEV_RAM :
    81                        ;		result = RAM_disk_status();
    82                        ;
    83                        ;		// translate the reslut code here
    84                        ;
    85                        ;		return stat;
    86                        ;
    87                        ;	case DEV_MMC :
    88                        ;		result = MMC_disk_status();
    89                        ;
    90                        ;		// translate the reslut code here
    91                        ;
    92                        ;		return stat;
    93                        ;
    94                        ;	case DEV_USB :
    95                        ;		result = USB_disk_status();
    96                        ;
    97                        ;		// translate the reslut code here
    98                        ;
    99                        ;		return stat;
   100                        ;	}
   101                        ;	return STA_NOINIT;
   102                        ;	*/
   103                        ;}
   104             00000003   L2	equ	3
   105             00000001   L3	equ	1
   106                        	ends
   107                        	efunc
   108                        	data
   109                        L1:
   110 00:0000: 64 69 73 6B  	db	$64,$69,$73,$6B,$5F,$73,$74,$61,$74,$75,$73,$20,$30,$78,$25
  Tue Sep 22 2026 17:42                                                                                                    Page 3


       00:0004: 5F 73 74 61 
       00:0008: 74 75 73 20 
       00:000C: 30 78 25 
   111 00:000F: 30 32 78 0A  	db	$30,$32,$78,$0A,$00
       00:0013: 00 
   112 00:0014:              	ends
   113                        ;
   114                        ;
   115                        ;
   116                        ;/*-----------------------------------------------------------------------*/
   117                        ;/* Inidialize a Drive                                                    */
   118                        ;/*-----------------------------------------------------------------------*/
   119                        ;
   120                        ;DSTATUS disk_initialize (
   121                        ;	BYTE pdrv				/* Physical drive nmuber to identify the drive */
   122                        ;)
   123                        ;{
   124                        	code
   125                        	xdef	_~disk_initialize
   126                        	func
   127                        _~disk_initialize:
   128                        	longa	on
   129                        	longi	on
   130 00:002B: 3B           	tsc
   131 00:002C: 38           	sec
   132 00:002D: E9 03 00     	sbc	#L6
   133 00:0030: 1B           	tcs
   134 00:0031: 0B           	phd
   135 00:0032: 5B           	tcd
   136             00000003   pdrv_0	set	3
   137                        ;	DSTATUS stat;
   138                        ;	int result;
   139                        ;
   140                        ;	printf("disk_initialize 0x%02x\n", pdrv);
   141             00000000   stat_1	set	0
   142             00000001   result_1	set	1
   143 00:0033: A5 06        	lda	<L6+pdrv_0
   144 00:0035: 29 FF 00     	and	#$ff
   145 00:0038: 48           	pha
   146 00:0039: F4 xx xx     	pea	#^L5
   147 00:003C: F4 xx xx     	pea	#<L5
   148 00:003F: F4 08 00     	pea	#8
   149 00:0042: 20 xx xx     	jsr	_~printf
   150                        ;	
   151                        ;	return RES_OK;
   152 00:0045: A9 00 00     	lda	#$0
   153 00:0048: A8           	tay
   154 00:0049: A5 04        	lda	<L6+1
   155 00:004B: 85 06        	sta	<L6+1+2
   156 00:004D: 2B           	pld
   157 00:004E: 3B           	tsc
   158 00:004F: 18           	clc
   159 00:0050: 69 05 00     	adc	#L6+2
   160 00:0053: 1B           	tcs
   161 00:0054: 98           	tya
   162 00:0055: 60           	rts
   163                        ;/*
   164                        ;	switch (pdrv) {
  Tue Sep 22 2026 17:42                                                                                                    Page 4


   165                        ;	case DEV_RAM :
   166                        ;		result = RAM_disk_initialize();
   167                        ;
   168                        ;		// translate the reslut code here
   169                        ;
   170                        ;		return stat;
   171                        ;
   172                        ;	case DEV_MMC :
   173                        ;		result = MMC_disk_initialize();
   174                        ;
   175                        ;		// translate the reslut code here
   176                        ;
   177                        ;		return stat;
   178                        ;
   179                        ;	case DEV_USB :
   180                        ;		result = USB_disk_initialize();
   181                        ;
   182                        ;		// translate the reslut code here
   183                        ;
   184                        ;		return stat;
   185                        ;	}
   186                        ;	return STA_NOINIT;
   187                        ;*/
   188                        ;}
   189             00000003   L6	equ	3
   190             00000001   L7	equ	1
   191                        	ends
   192                        	efunc
   193                        	data
   194                        L5:
   195 00:0014: 64 69 73 6B  	db	$64,$69,$73,$6B,$5F,$69,$6E,$69,$74,$69,$61,$6C,$69,$7A,$65
       00:0018: 5F 69 6E 69 
       00:001C: 74 69 61 6C 
       00:0020: 69 7A 65 
   196 00:0023: 20 30 78 25  	db	$20,$30,$78,$25,$30,$32,$78,$0A,$00
       00:0027: 30 32 78 0A 
       00:002B: 00 
   197 00:002C:              	ends
   198                        ;
   199                        ;
   200                        ;
   201                        ;/*-----------------------------------------------------------------------*/
   202                        ;/* Read Sector(s)                                                        */
   203                        ;/*-----------------------------------------------------------------------*/
   204                        ;
   205                        ;DRESULT disk_read (
   206                        ;	BYTE pdrv,		/* Physical drive nmuber to identify the drive */
   207                        ;	BYTE *buff,		/* Data buffer to store read data */
   208                        ;	LBA_t sector,	/* Start sector in LBA */
   209                        ;	UINT count		/* Number of sectors to read */
   210                        ;)
   211                        ;{
   212                        	code
   213                        	xdef	_~disk_read
   214                        	func
   215                        _~disk_read:
   216                        	longa	on
   217                        	longi	on
  Tue Sep 22 2026 17:42                                                                                                    Page 5


   218 00:0056: 3B           	tsc
   219 00:0057: 38           	sec
   220 00:0058: E9 04 00     	sbc	#L10
   221 00:005B: 1B           	tcs
   222 00:005C: 0B           	phd
   223 00:005D: 5B           	tcd
   224             00000003   pdrv_0	set	3
   225             00000005   buff_0	set	5
   226             00000009   sector_0	set	9
   227             0000000D   count_0	set	13
   228                        ;	DRESULT res;
   229                        ;	int result;
   230                        ;
   231                        ;	printf("disk_read 0x%02x, buffer:%p, sector:%p, count:0x%04x\n", pdrv, buff, sector, count);
   232             00000000   res_1	set	0
   233             00000002   result_1	set	2
   234 00:005E: D4 11        	pei	<L10+count_0
   235 00:0060: D4 0F        	pei	<L10+sector_0+2
   236 00:0062: D4 0D        	pei	<L10+sector_0
   237 00:0064: D4 0B        	pei	<L10+buff_0+2
   238 00:0066: D4 09        	pei	<L10+buff_0
   239 00:0068: A5 07        	lda	<L10+pdrv_0
   240 00:006A: 29 FF 00     	and	#$ff
   241 00:006D: 48           	pha
   242 00:006E: F4 xx xx     	pea	#^L9
   243 00:0071: F4 xx xx     	pea	#<L9
   244 00:0074: F4 12 00     	pea	#18
   245 00:0077: 20 xx xx     	jsr	_~printf
   246                        ;	
   247                        ;	return RES_OK;
   248 00:007A: A9 00 00     	lda	#$0
   249 00:007D: A8           	tay
   250 00:007E: A5 05        	lda	<L10+1
   251 00:0080: 85 11        	sta	<L10+1+12
   252 00:0082: 2B           	pld
   253 00:0083: 3B           	tsc
   254 00:0084: 18           	clc
   255 00:0085: 69 10 00     	adc	#L10+12
   256 00:0088: 1B           	tcs
   257 00:0089: 98           	tya
   258 00:008A: 60           	rts
   259                        ;	/*
   260                        ;	switch (pdrv) {
   261                        ;	case DEV_RAM :
   262                        ;		// translate the arguments here
   263                        ;
   264                        ;		result = RAM_disk_read(buff, sector, count);
   265                        ;
   266                        ;		// translate the reslut code here
   267                        ;
   268                        ;		return res;
   269                        ;
   270                        ;	case DEV_MMC :
   271                        ;		// translate the arguments here
   272                        ;
   273                        ;		result = MMC_disk_read(buff, sector, count);
   274                        ;
   275                        ;		// translate the reslut code here
  Tue Sep 22 2026 17:42                                                                                                    Page 6


   276                        ;
   277                        ;		return res;
   278                        ;
   279                        ;	case DEV_USB :
   280                        ;		// translate the arguments here
   281                        ;
   282                        ;		result = USB_disk_read(buff, sector, count);
   283                        ;
   284                        ;		// translate the reslut code here
   285                        ;
   286                        ;		return res;
   287                        ;	}
   288                        ;
   289                        ;	return RES_PARERR;
   290                        ;	*/
   291                        ;}
   292             00000004   L10	equ	4
   293             00000001   L11	equ	1
   294                        	ends
   295                        	efunc
   296                        	data
   297                        L9:
   298 00:002C: 64 69 73 6B  	db	$64,$69,$73,$6B,$5F,$72,$65,$61,$64,$20,$30,$78,$25,$30,$32
       00:0030: 5F 72 65 61 
       00:0034: 64 20 30 78 
       00:0038: 25 30 32 
   299 00:003B: 78 2C 20 62  	db	$78,$2C,$20,$62,$75,$66,$66,$65,$72,$3A,$25,$70,$2C,$20,$73
       00:003F: 75 66 66 65 
       00:0043: 72 3A 25 70 
       00:0047: 2C 20 73 
   300 00:004A: 65 63 74 6F  	db	$65,$63,$74,$6F,$72,$3A,$25,$70,$2C,$20,$63,$6F,$75,$6E,$74
       00:004E: 72 3A 25 70 
       00:0052: 2C 20 63 6F 
       00:0056: 75 6E 74 
   301 00:0059: 3A 30 78 25  	db	$3A,$30,$78,$25,$30,$34,$78,$0A,$00
       00:005D: 30 34 78 0A 
       00:0061: 00 
   302 00:0062:              	ends
   303                        ;
   304                        ;
   305                        ;
   306                        ;/*-----------------------------------------------------------------------*/
   307                        ;/* Write Sector(s)                                                       */
   308                        ;/*-----------------------------------------------------------------------*/
   309                        ;
   310                        ;#if FF_FS_READONLY == 0
   311                        ;
   312                        ;DRESULT disk_write (
   313                        ;	BYTE pdrv,			/* Physical drive nmuber to identify the drive */
   314                        ;	const BYTE *buff,	/* Data to be written */
   315                        ;	LBA_t sector,		/* Start sector in LBA */
   316                        ;	UINT count			/* Number of sectors to write */
   317                        ;)
   318                        ;{
   319                        	code
   320                        	xdef	_~disk_write
   321                        	func
   322                        _~disk_write:
  Tue Sep 22 2026 17:42                                                                                                    Page 7


   323                        	longa	on
   324                        	longi	on
   325 00:008B: 3B           	tsc
   326 00:008C: 38           	sec
   327 00:008D: E9 04 00     	sbc	#L14
   328 00:0090: 1B           	tcs
   329 00:0091: 0B           	phd
   330 00:0092: 5B           	tcd
   331             00000003   pdrv_0	set	3
   332             00000005   buff_0	set	5
   333             00000009   sector_0	set	9
   334             0000000D   count_0	set	13
   335                        ;	DRESULT res;
   336                        ;	int result;
   337                        ;	
   338                        ;	printf("disk_write 0x%02x, buffer:%p, sector:%p, count:0x%04x\n", pdrv, buff, sector, count);
   339             00000000   res_1	set	0
   340             00000002   result_1	set	2
   341 00:0093: D4 11        	pei	<L14+count_0
   342 00:0095: D4 0F        	pei	<L14+sector_0+2
   343 00:0097: D4 0D        	pei	<L14+sector_0
   344 00:0099: D4 0B        	pei	<L14+buff_0+2
   345 00:009B: D4 09        	pei	<L14+buff_0
   346 00:009D: A5 07        	lda	<L14+pdrv_0
   347 00:009F: 29 FF 00     	and	#$ff
   348 00:00A2: 48           	pha
   349 00:00A3: F4 xx xx     	pea	#^L13
   350 00:00A6: F4 xx xx     	pea	#<L13
   351 00:00A9: F4 12 00     	pea	#18
   352 00:00AC: 20 xx xx     	jsr	_~printf
   353                        ;	
   354                        ;	return RES_OK;
   355 00:00AF: A9 00 00     	lda	#$0
   356 00:00B2: A8           	tay
   357 00:00B3: A5 05        	lda	<L14+1
   358 00:00B5: 85 11        	sta	<L14+1+12
   359 00:00B7: 2B           	pld
   360 00:00B8: 3B           	tsc
   361 00:00B9: 18           	clc
   362 00:00BA: 69 10 00     	adc	#L14+12
   363 00:00BD: 1B           	tcs
   364 00:00BE: 98           	tya
   365 00:00BF: 60           	rts
   366                        ;
   367                        ;/*
   368                        ;	switch (pdrv) {
   369                        ;	case DEV_RAM :
   370                        ;		// translate the arguments here
   371                        ;
   372                        ;		result = RAM_disk_write(buff, sector, count);
   373                        ;
   374                        ;		// translate the reslut code here
   375                        ;
   376                        ;		return res;
   377                        ;
   378                        ;	case DEV_MMC :
   379                        ;		// translate the arguments here
   380                        ;
  Tue Sep 22 2026 17:42                                                                                                    Page 8


   381                        ;		result = MMC_disk_write(buff, sector, count);
   382                        ;
   383                        ;		// translate the reslut code here
   384                        ;
   385                        ;		return res;
   386                        ;
   387                        ;	case DEV_USB :
   388                        ;		// translate the arguments here
   389                        ;
   390                        ;		result = USB_disk_write(buff, sector, count);
   391                        ;
   392                        ;		// translate the reslut code here
   393                        ;
   394                        ;		return res;
   395                        ;	}
   396                        ;
   397                        ;	return RES_PARERR;
   398                        ;*/
   399                        ;}
   400             00000004   L14	equ	4
   401             00000001   L15	equ	1
   402                        	ends
   403                        	efunc
   404                        	data
   405                        L13:
   406 00:0062: 64 69 73 6B  	db	$64,$69,$73,$6B,$5F,$77,$72,$69,$74,$65,$20,$30,$78,$25,$30
       00:0066: 5F 77 72 69 
       00:006A: 74 65 20 30 
       00:006E: 78 25 30 
   407 00:0071: 32 78 2C 20  	db	$32,$78,$2C,$20,$62,$75,$66,$66,$65,$72,$3A,$25,$70,$2C,$20
       00:0075: 62 75 66 66 
       00:0079: 65 72 3A 25 
       00:007D: 70 2C 20 
   408 00:0080: 73 65 63 74  	db	$73,$65,$63,$74,$6F,$72,$3A,$25,$70,$2C,$20,$63,$6F,$75,$6E
       00:0084: 6F 72 3A 25 
       00:0088: 70 2C 20 63 
       00:008C: 6F 75 6E 
   409 00:008F: 74 3A 30 78  	db	$74,$3A,$30,$78,$25,$30,$34,$78,$0A,$00
       00:0093: 25 30 34 78 
       00:0097: 0A 00 
   410 00:0099:              	ends
   411                        ;
   412                        ;#endif
   413                        ;
   414                        ;
   415                        ;/*-----------------------------------------------------------------------*/
   416                        ;/* Miscellaneous Functions                                               */
   417                        ;/*-----------------------------------------------------------------------*/
   418                        ;
   419                        ;DRESULT disk_ioctl (
   420                        ;	BYTE pdrv,		/* Physical drive nmuber (0..) */
   421                        ;	BYTE cmd,		/* Control code */
   422                        ;	void *buff		/* Buffer to send/receive control data */
   423                        ;)
   424                        ;{
   425                        	code
   426                        	xdef	_~disk_ioctl
   427                        	func
  Tue Sep 22 2026 17:42                                                                                                    Page 9


   428                        _~disk_ioctl:
   429                        	longa	on
   430                        	longi	on
   431 00:00C0: 3B           	tsc
   432 00:00C1: 38           	sec
   433 00:00C2: E9 04 00     	sbc	#L18
   434 00:00C5: 1B           	tcs
   435 00:00C6: 0B           	phd
   436 00:00C7: 5B           	tcd
   437             00000003   pdrv_0	set	3
   438             00000005   cmd_0	set	5
   439             00000007   buff_0	set	7
   440                        ;	DRESULT res;
   441                        ;	int result;
   442                        ;
   443                        ;	printf("disk_ioctl 0x%02x, cmd:0x%02x, buffer:%p \n", pdrv, cmd, buff);
   444             00000000   res_1	set	0
   445             00000002   result_1	set	2
   446 00:00C8: D4 0D        	pei	<L18+buff_0+2
   447 00:00CA: D4 0B        	pei	<L18+buff_0
   448 00:00CC: A5 09        	lda	<L18+cmd_0
   449 00:00CE: 29 FF 00     	and	#$ff
   450 00:00D1: 48           	pha
   451 00:00D2: A5 07        	lda	<L18+pdrv_0
   452 00:00D4: 29 FF 00     	and	#$ff
   453 00:00D7: 48           	pha
   454 00:00D8: F4 xx xx     	pea	#^L17
   455 00:00DB: F4 xx xx     	pea	#<L17
   456 00:00DE: F4 0E 00     	pea	#14
   457 00:00E1: 20 xx xx     	jsr	_~printf
   458                        ;	
   459                        ;	return RES_OK;
   460 00:00E4: A9 00 00     	lda	#$0
   461 00:00E7: A8           	tay
   462 00:00E8: A5 05        	lda	<L18+1
   463 00:00EA: 85 0D        	sta	<L18+1+8
   464 00:00EC: 2B           	pld
   465 00:00ED: 3B           	tsc
   466 00:00EE: 18           	clc
   467 00:00EF: 69 0C 00     	adc	#L18+8
   468 00:00F2: 1B           	tcs
   469 00:00F3: 98           	tya
   470 00:00F4: 60           	rts
   471                        ;/*
   472                        ;	switch (pdrv) {
   473                        ;	case DEV_RAM :
   474                        ;
   475                        ;		// Process of the command for the RAM drive
   476                        ;
   477                        ;		return res;
   478                        ;
   479                        ;	case DEV_MMC :
   480                        ;
   481                        ;		// Process of the command for the MMC/SD card
   482                        ;
   483                        ;		return res;
   484                        ;
   485                        ;	case DEV_USB :
  Tue Sep 22 2026 17:42                                                                                                    Page 10


   486                        ;
   487                        ;		// Process of the command the USB drive
   488                        ;
   489                        ;		return res;
   490                        ;	}
   491                        ;
   492                        ;	return RES_PARERR;
   493                        ;*/
   494                        ;}
   495             00000004   L18	equ	4
   496             00000001   L19	equ	1
   497                        	ends
   498                        	efunc
   499                        	data
   500                        L17:
   501 00:0099: 64 69 73 6B  	db	$64,$69,$73,$6B,$5F,$69,$6F,$63,$74,$6C,$20,$30,$78,$25,$30
       00:009D: 5F 69 6F 63 
       00:00A1: 74 6C 20 30 
       00:00A5: 78 25 30 
   502 00:00A8: 32 78 2C 20  	db	$32,$78,$2C,$20,$63,$6D,$64,$3A,$30,$78,$25,$30,$32,$78,$2C
       00:00AC: 63 6D 64 3A 
       00:00B0: 30 78 25 30 
       00:00B4: 32 78 2C 
   503 00:00B7: 20 62 75 66  	db	$20,$62,$75,$66,$66,$65,$72,$3A,$25,$70,$20,$0A,$00
       00:00BB: 66 65 72 3A 
       00:00BF: 25 70 20 0A 
       00:00C3: 00 
   504 00:00C4:              	ends
   505                        ;
   506                        ;
   507                        	xref	_~printf


      Lines assembled: 507
      Errors: 0
