  Tue Sep 22 2026 17:42                                                                                                    Page 1


                                               ***************************************
                                               **      WDC 65C816 Macro Assembler   **
                                               **                                   **
                                               **     Version 3.49.1- Feb  6 2006    **
                                               ***************************************

     1                        ;:ts=8
     2             00000001   R0	equ	1
     3             00000005   R1	equ	5
     4             00000009   R2	equ	9
     5             0000000D   R3	equ	13
     6                        ;/*------------------------------------------------------------------------*/
     7                        ;/* A Sample Code of User Provided OS Dependent Functions for FatFs        */
     8                        ;/*------------------------------------------------------------------------*/
     9                        ;
    10                        ;#include "ff.h"
    11                        ;
    12                        ;
    13                        ;#if FF_USE_LFN == 3	/* Use dynamic memory allocation */
    14                        ;
    15                        ;/*------------------------------------------------------------------------*/
    16                        ;/* Allocate/Free a Memory Block                                           */
    17                        ;/*------------------------------------------------------------------------*/
    18                        ;
    19                        ;#include <stdlib.h>		/* with POSIX API */
    20                        ;
    21                        ;
    22                        ;void* ff_memalloc (	/* Returns pointer to the allocated memory block (null if not enough core) *
                    /
    23                        ;	UINT msize		/* Number of bytes to allocate */
    24                        ;)
    25                        ;{
    26                        ;	return malloc((size_t)msize);	/* Allocate a new memory block */
    27                        ;}
    28                        ;
    29                        ;
    30                        ;void ff_memfree (
    31                        ;	void* mblock	/* Pointer to the memory block to free (no effect if null) */
    32                        ;)
    33                        ;{
    34                        ;	free(mblock);	/* Free the memory block */
    35                        ;}
    36                        ;
    37                        ;#endif
    38                        ;
    39                        ;
    40                        ;
    41                        ;
    42                        ;#if FF_FS_REENTRANT	/* Mutal exclusion */
    43                        ;/*------------------------------------------------------------------------*/
    44                        ;/* Definitions of Mutex                                                   */
    45                        ;/*------------------------------------------------------------------------*/
    46                        ;
    47                        ;#define OS_TYPE	3	/* 0:Win32, 1:uITRON4.0, 2:uC/OS-II, 3:FreeRTOS, 4:CMSIS-RTOS */
    48                        ;
    49                        ;
    50                        ;#if   OS_TYPE == 0	/* Win32 */
    51                        ;#include <windows.h>
  Tue Sep 22 2026 17:42                                                                                                    Page 2


    52                        ;static HANDLE Mutex[FF_VOLUMES + 1];	/* Table of mutex handle */
    53                        ;
    54                        ;#elif OS_TYPE == 1	/* uITRON */
    55                        ;#include "itron.h"
    56                        ;#include "kernel.h"
    57                        ;static mtxid Mutex[FF_VOLUMES + 1];		/* Table of mutex ID */
    58                        ;
    59                        ;#elif OS_TYPE == 2	/* uc/OS-II */
    60                        ;#include "includes.h"
    61                        ;static OS_EVENT *Mutex[FF_VOLUMES + 1];	/* Table of mutex pinter */
    62                        ;
    63                        ;#elif OS_TYPE == 3	/* FreeRTOS */
    64                        ;#include "FreeRTOS.h"
    65                        ;#include "semphr.h"
    66                        ;static SemaphoreHandle_t Mutex[FF_VOLUMES + 1];	/* Table of mutex handle */
    67                        ;
    68                        ;#elif OS_TYPE == 4	/* CMSIS-RTOS */
    69                        ;#include "cmsis_os.h"
    70                        ;static osMutexId Mutex[FF_VOLUMES + 1];	/* Table of mutex ID */
    71                        ;
    72                        ;#endif
    73                        ;
    74                        ;
    75                        ;
    76                        ;/*------------------------------------------------------------------------*/
    77                        ;/* Create a Mutex                                                         */
    78                        ;/*------------------------------------------------------------------------*/
    79                        ;/* This function is called in f_mount function to create a new mutex
    80                        ;/  or semaphore for the volume. When a 0 is returned, the f_mount function
    81                        ;/  fails with FR_INT_ERR.
    82                        ;*/
    83                        ;
    84                        ;int ff_mutex_create (	/* Returns 1:Function succeeded or 0:Could not create the mutex */
    85                        ;	int vol				/* Mutex ID: Volume mutex (0 to FF_VOLUMES - 1) or system mutex (FF_
                    VOLUMES) */
    86                        ;)
    87                        ;{
    88                        	code
    89                        	xdef	_~ff_mutex_create
    90                        	func
    91                        _~ff_mutex_create:
    92                        	longa	on
    93                        	longi	on
    94 00:0000: 3B           	tsc
    95 00:0001: 38           	sec
    96 00:0002: E9 0C 00     	sbc	#L2
    97 00:0005: 1B           	tcs
    98 00:0006: 0B           	phd
    99 00:0007: 5B           	tcd
   100             00000003   vol_0	set	3
   101                        ;#if OS_TYPE == 0	/* Win32 */
   102                        ;	Mutex[vol] = CreateMutex(NULL, FALSE, NULL);
   103                        ;	return (int)(Mutex[vol] != INVALID_HANDLE_VALUE);
   104                        ;
   105                        ;#elif OS_TYPE == 1	/* uITRON */
   106                        ;	T_CMTX cmtx = {TA_TPRI,1};
   107                        ;
   108                        ;	Mutex[vol] = acre_mtx(&cmtx);
  Tue Sep 22 2026 17:42                                                                                                    Page 3


   109                        ;	return (int)(Mutex[vol] > 0);
   110                        ;
   111                        ;#elif OS_TYPE == 2	/* uC/OS-II */
   112                        ;	OS_ERR err;
   113                        ;
   114                        ;	Mutex[vol] = OSMutexCreate(0, &err);
   115                        ;	return (int)(err == OS_NO_ERR);
   116                        ;
   117                        ;#elif OS_TYPE == 3	/* FreeRTOS */
   118                        ;	Mutex[vol] = xSemaphoreCreateMutex();
   119 00:0008: A5 0F        	lda	<L2+vol_0
   120 00:000A: 0A           	asl	A
   121 00:000B: 0A           	asl	A
   122 00:000C: 18           	clc
   123 00:000D: 69 xx xx     	adc	#<_~Mutex
   124 00:0010: 85 05        	sta	<R1
   125 00:0012: F4 01 00     	pea	#<$1
   126 00:0015: 20 xx xx     	jsr	_~xQueueCreateMutex
   127 00:0018: 85 01        	sta	<R0
   128 00:001A: 86 03        	stx	<R0+2
   129 00:001C: 92 05        	sta	(<R1)
   130 00:001E: A5 03        	lda	<R0+2
   131 00:0020: A0 02 00     	ldy	#$2
   132 00:0023: 91 05        	sta	(<R1),Y
   133                        ;	return (int)(Mutex[vol] != NULL);
   134 00:0025: 64 01        	stz	<R0
   135 00:0027: A5 0F        	lda	<L2+vol_0
   136 00:0029: 0A           	asl	A
   137 00:002A: 0A           	asl	A
   138 00:002B: 18           	clc
   139 00:002C: 69 xx xx     	adc	#<_~Mutex
   140 00:002F: 85 09        	sta	<R2
   141 00:0031: B2 09        	lda	(<R2)
   142 00:0033: 11 09        	ora	(<R2),Y
   143 00:0035: F0 02        	beq	L4
   144 00:0037: E6 01        	inc	<R0
   145                        L4:
   146 00:0039: A5 01        	lda	<R0
   147 00:003B: A8           	tay
   148 00:003C: A5 0D        	lda	<L2+1
   149 00:003E: 85 0F        	sta	<L2+1+2
   150 00:0040: 2B           	pld
   151 00:0041: 3B           	tsc
   152 00:0042: 18           	clc
   153 00:0043: 69 0E 00     	adc	#L2+2
   154 00:0046: 1B           	tcs
   155 00:0047: 98           	tya
   156 00:0048: 60           	rts
   157                        ;
   158                        ;#elif OS_TYPE == 4	/* CMSIS-RTOS */
   159                        ;	osMutexDef(cmsis_os_mutex);
   160                        ;
   161                        ;	Mutex[vol] = osMutexCreate(osMutex(cmsis_os_mutex));
   162                        ;	return (int)(Mutex[vol] != NULL);
   163                        ;
   164                        ;#endif
   165                        ;}
   166             0000000C   L2	equ	12
  Tue Sep 22 2026 17:42                                                                                                    Page 4


   167             0000000D   L3	equ	13
   168                        	ends
   169                        	efunc
   170                        ;
   171                        ;
   172                        ;/*------------------------------------------------------------------------*/
   173                        ;/* Delete a Mutex                                                         */
   174                        ;/*------------------------------------------------------------------------*/
   175                        ;/* This function is called in f_mount function to delete a mutex or
   176                        ;/  semaphore of the volume created with ff_mutex_create function.
   177                        ;*/
   178                        ;
   179                        ;void ff_mutex_delete (	/* Returns 1:Function succeeded or 0:Could not delete due to an error */
   180                        ;	int vol				/* Mutex ID: Volume mutex (0 to FF_VOLUMES - 1) or system mutex (FF_
                    VOLUMES) */
   181                        ;)
   182                        ;{
   183                        	code
   184                        	xdef	_~ff_mutex_delete
   185                        	func
   186                        _~ff_mutex_delete:
   187                        	longa	on
   188                        	longi	on
   189 00:0049: 3B           	tsc
   190 00:004A: 38           	sec
   191 00:004B: E9 08 00     	sbc	#L7
   192 00:004E: 1B           	tcs
   193 00:004F: 0B           	phd
   194 00:0050: 5B           	tcd
   195             00000003   vol_0	set	3
   196                        ;#if OS_TYPE == 0	/* Win32 */
   197                        ;	CloseHandle(Mutex[vol]);
   198                        ;
   199                        ;#elif OS_TYPE == 1	/* uITRON */
   200                        ;	del_mtx(Mutex[vol]);
   201                        ;
   202                        ;#elif OS_TYPE == 2	/* uC/OS-II */
   203                        ;	OS_ERR err;
   204                        ;
   205                        ;	OSMutexDel(Mutex[vol], OS_DEL_ALWAYS, &err);
   206                        ;
   207                        ;#elif OS_TYPE == 3	/* FreeRTOS */
   208                        ;	vSemaphoreDelete(Mutex[vol]);
   209 00:0051: A5 0B        	lda	<L7+vol_0
   210 00:0053: 0A           	asl	A
   211 00:0054: 0A           	asl	A
   212 00:0055: 18           	clc
   213 00:0056: 69 xx xx     	adc	#<_~Mutex
   214 00:0059: 85 05        	sta	<R1
   215 00:005B: A0 02 00     	ldy	#$2
   216 00:005E: B1 05        	lda	(<R1),Y
   217 00:0060: 48           	pha
   218 00:0061: B2 05        	lda	(<R1)
   219 00:0063: 48           	pha
   220 00:0064: 20 xx xx     	jsr	_~vQueueDelete
   221                        ;
   222                        ;#elif OS_TYPE == 4	/* CMSIS-RTOS */
   223                        ;	osMutexDelete(Mutex[vol]);
  Tue Sep 22 2026 17:42                                                                                                    Page 5


   224                        ;
   225                        ;#endif
   226                        ;}
   227 00:0067: A5 09        	lda	<L7+1
   228 00:0069: 85 0B        	sta	<L7+1+2
   229 00:006B: 2B           	pld
   230 00:006C: 3B           	tsc
   231 00:006D: 18           	clc
   232 00:006E: 69 0A 00     	adc	#L7+2
   233 00:0071: 1B           	tcs
   234 00:0072: 60           	rts
   235             00000008   L7	equ	8
   236             00000009   L8	equ	9
   237                        	ends
   238                        	efunc
   239                        ;
   240                        ;
   241                        ;/*------------------------------------------------------------------------*/
   242                        ;/* Request a Grant to Access the Volume                                   */
   243                        ;/*------------------------------------------------------------------------*/
   244                        ;/* This function is called on enter file functions to lock the volume.
   245                        ;/  When a 0 is returned, the file function fails with FR_TIMEOUT.
   246                        ;*/
   247                        ;
   248                        ;int ff_mutex_take (	/* Returns 1:Succeeded or 0:Timeout */
   249                        ;	int vol			/* Mutex ID: Volume mutex (0 to FF_VOLUMES - 1) or system mutex (FF_VOLUMES)
                     */
   250                        ;)
   251                        ;{
   252                        	code
   253                        	xdef	_~ff_mutex_take
   254                        	func
   255                        _~ff_mutex_take:
   256                        	longa	on
   257                        	longi	on
   258 00:0073: 3B           	tsc
   259 00:0074: 38           	sec
   260 00:0075: E9 0C 00     	sbc	#L10
   261 00:0078: 1B           	tcs
   262 00:0079: 0B           	phd
   263 00:007A: 5B           	tcd
   264             00000003   vol_0	set	3
   265                        ;#if OS_TYPE == 0	/* Win32 */
   266                        ;	return (int)(WaitForSingleObject(Mutex[vol], FF_FS_TIMEOUT) == WAIT_OBJECT_0);
   267                        ;
   268                        ;#elif OS_TYPE == 1	/* uITRON */
   269                        ;	return (int)(tloc_mtx(Mutex[vol], FF_FS_TIMEOUT) == E_OK);
   270                        ;
   271                        ;#elif OS_TYPE == 2	/* uC/OS-II */
   272                        ;	OS_ERR err;
   273                        ;
   274                        ;	OSMutexPend(Mutex[vol], FF_FS_TIMEOUT, &err));
   275                        ;	return (int)(err == OS_NO_ERR);
   276                        ;
   277                        ;#elif OS_TYPE == 3	/* FreeRTOS */
   278                        ;	return (int)(xSemaphoreTake(Mutex[vol], FF_FS_TIMEOUT) == pdTRUE);
   279 00:007B: 64 01        	stz	<R0
   280 00:007D: F4 00 00     	pea	#^$3e8
  Tue Sep 22 2026 17:42                                                                                                    Page 6


   281 00:0080: F4 E8 03     	pea	#<$3e8
   282 00:0083: A5 0F        	lda	<L10+vol_0
   283 00:0085: 0A           	asl	A
   284 00:0086: 0A           	asl	A
   285 00:0087: 18           	clc
   286 00:0088: 69 xx xx     	adc	#<_~Mutex
   287 00:008B: 85 09        	sta	<R2
   288 00:008D: A0 02 00     	ldy	#$2
   289 00:0090: B1 09        	lda	(<R2),Y
   290 00:0092: 48           	pha
   291 00:0093: B2 09        	lda	(<R2)
   292 00:0095: 48           	pha
   293 00:0096: 20 xx xx     	jsr	_~xQueueSemaphoreTake
   294 00:0099: C9 01 00     	cmp	#<$1
   295 00:009C: D0 02        	bne	L12
   296 00:009E: E6 01        	inc	<R0
   297                        L12:
   298 00:00A0: A5 01        	lda	<R0
   299 00:00A2: A8           	tay
   300 00:00A3: A5 0D        	lda	<L10+1
   301 00:00A5: 85 0F        	sta	<L10+1+2
   302 00:00A7: 2B           	pld
   303 00:00A8: 3B           	tsc
   304 00:00A9: 18           	clc
   305 00:00AA: 69 0E 00     	adc	#L10+2
   306 00:00AD: 1B           	tcs
   307 00:00AE: 98           	tya
   308 00:00AF: 60           	rts
   309                        ;
   310                        ;#elif OS_TYPE == 4	/* CMSIS-RTOS */
   311                        ;	return (int)(osMutexWait(Mutex[vol], FF_FS_TIMEOUT) == osOK);
   312                        ;
   313                        ;#endif
   314                        ;}
   315             0000000C   L10	equ	12
   316             0000000D   L11	equ	13
   317                        	ends
   318                        	efunc
   319                        ;
   320                        ;
   321                        ;
   322                        ;/*------------------------------------------------------------------------*/
   323                        ;/* Release a Grant to Access the Volume                                   */
   324                        ;/*------------------------------------------------------------------------*/
   325                        ;/* This function is called on leave file functions to unlock the volume.
   326                        ;*/
   327                        ;
   328                        ;void ff_mutex_give (
   329                        ;	int vol			/* Mutex ID: Volume mutex (0 to FF_VOLUMES - 1) or system mutex (FF_VOLUMES)
                     */
   330                        ;)
   331                        ;{
   332                        	code
   333                        	xdef	_~ff_mutex_give
   334                        	func
   335                        _~ff_mutex_give:
   336                        	longa	on
   337                        	longi	on
  Tue Sep 22 2026 17:42                                                                                                    Page 7


   338 00:00B0: 3B           	tsc
   339 00:00B1: 38           	sec
   340 00:00B2: E9 08 00     	sbc	#L15
   341 00:00B5: 1B           	tcs
   342 00:00B6: 0B           	phd
   343 00:00B7: 5B           	tcd
   344             00000003   vol_0	set	3
   345                        ;#if OS_TYPE == 0	/* Win32 */
   346                        ;	ReleaseMutex(Mutex[vol]);
   347                        ;
   348                        ;#elif OS_TYPE == 1	/* uITRON */
   349                        ;	unl_mtx(Mutex[vol]);
   350                        ;
   351                        ;#elif OS_TYPE == 2	/* uC/OS-II */
   352                        ;	OSMutexPost(Mutex[vol]);
   353                        ;
   354                        ;#elif OS_TYPE == 3	/* FreeRTOS */
   355                        ;	xSemaphoreGive(Mutex[vol]);
   356 00:00B8: F4 00 00     	pea	#<$0
   357 00:00BB: F4 00 00     	pea	#^$0
   358 00:00BE: F4 00 00     	pea	#<$0
   359 00:00C1: F4 00 00     	pea	#^$0
   360 00:00C4: F4 00 00     	pea	#<$0
   361 00:00C7: A5 0B        	lda	<L15+vol_0
   362 00:00C9: 0A           	asl	A
   363 00:00CA: 0A           	asl	A
   364 00:00CB: 18           	clc
   365 00:00CC: 69 xx xx     	adc	#<_~Mutex
   366 00:00CF: 85 05        	sta	<R1
   367 00:00D1: A0 02 00     	ldy	#$2
   368 00:00D4: B1 05        	lda	(<R1),Y
   369 00:00D6: 48           	pha
   370 00:00D7: B2 05        	lda	(<R1)
   371 00:00D9: 48           	pha
   372 00:00DA: 20 xx xx     	jsr	_~xQueueGenericSend
   373                        ;
   374                        ;#elif OS_TYPE == 4	/* CMSIS-RTOS */
   375                        ;	osMutexRelease(Mutex[vol]);
   376                        ;
   377                        ;#endif
   378                        ;}
   379 00:00DD: A5 09        	lda	<L15+1
   380 00:00DF: 85 0B        	sta	<L15+1+2
   381 00:00E1: 2B           	pld
   382 00:00E2: 3B           	tsc
   383 00:00E3: 18           	clc
   384 00:00E4: 69 0A 00     	adc	#L15+2
   385 00:00E7: 1B           	tcs
   386 00:00E8: 60           	rts
   387             00000008   L15	equ	8
   388             00000009   L16	equ	9
   389                        	ends
   390                        	efunc
   391                        ;
   392                        ;#endif	/* FF_FS_REENTRANT */
   393                        ;
   394                        ;
   395                        	xref	_~xQueueSemaphoreTake
  Tue Sep 22 2026 17:42                                                                                                    Page 8


   396                        	xref	_~xQueueCreateMutex
   397                        	xref	_~vQueueDelete
   398                        	xref	_~xQueueGenericSend
   399                        	udata
   400                        _~Mutex
   401 00:0000:              	ds	8
   402 00:0008:              	ends


      Lines assembled: 402
      Errors: 0
