  Mon Sep 14 2026 18:41                                                                                                    Page 1


                                               ***************************************
                                               **      WDC 65C816 Macro Assembler   **
                                               **                                   **
                                               **     Version 3.49.1- Feb  6 2006    **
                                               ***************************************

     1                        ;----------------------------------------------------------------------------------
     2                        ;	void outbyte(int c);
     3                        ;----------------------------------------------------------------------------------
     4                        ;	module	outbyte
     5                        ;	include homebrewWDC.inc
     6                        ;	code
     7                        ;	xdef	_~outbyte
     8                        ;	func
     9                        ;	
    10                        ;_~outbyte:
    11                        ;
    12                        ;
    13                        ;s_character	set 4
    14                        ;	sep	#M
    15                        ;	longa	off
    16                        ;	
    17                        ;	IF PLATFORM=0
    18                        ;chrout1:
    19                        ;	lda	#64
    20                        ;	and	>LSR0
    21                        ;	beq	chrout1
    22                        ;	lda	s_character,s	
    23                        ;	sta	>THR0
    24                        ;	ENDIF
    25                        ;	
    26                        ;	IF PLATFORM=1
    27                        ;	lda	#4
    28                        ;outbyte1:
    29                        ;	bit	SB+STATA
    30                        ;	beq	outbyte1
    31                        ;	
    32                        ;	lda	s_character,s
    33                        ;	sta	SB+TRANSA
    34                        ;	ENDIF
    35                        ;
    36                        ;	plx	;pop return addr
    37                        ;	pla	;pop bank
    38                        ;
    39                        ;	ply	;pop argument
    40                        ;	
    41                        ;	pha	;push bank
    42                        ;	phx	;push return addr
    43                        ;	rep	#M
    44                        ;	
    45                        ;	rts
    46                        ;
    47                        ;	ends
    48                        ;	efunc
    49                        ;	endmod
    50                        
    51                        
    52                        ;----------------------------------------------------------------------------------
  Mon Sep 14 2026 18:41                                                                                                    Page 2


    53                        ;       void vPortEndScheduler( void )
    54                        ;----------------------------------------------------------------------------------
    55                        	module	vPortEndScheduler
    56                        	code
    57                        	xdef	_~vPortEndScheduler
    58                        	
    59                        	func
    60                        
    61                        _~vPortEndScheduler:
    62                        
    63 00:0000: 60           	rts
    64                        	
    65                        	ends
    66                        	efunc
    67                        	endmod
    68                        	
    69                        	
    70                        ;----------------------------------------------------------------------------------
    71                        ;       portBASE_TYPE xPortStartScheduler( void )
    72                        ;----------------------------------------------------------------------------------
    73                        	module	xPortStartScheduler
    74                        	code
    75                        	xdef	_~xPortStartScheduler
    76                        	xref	_~pxCurrentTCB
    77                        	xref	_~prvSetupTimerInterrupt
    78                        	func
    79                        
    80                        _~xPortStartScheduler:
    81                        
    82                        	;jsl	_~prvSetupTimerInterrupt
    83                        
    84 00:0000: AD xx xx     	lda	_~pxCurrentTCB+2
    85 00:0003: 48           	pha
    86 00:0004: AD xx xx     	lda	_~pxCurrentTCB
    87 00:0007: 48           	pha
    88 00:0008: 3B           	tsc
    89 00:0009: 5B           	tcd
    90 00:000A: A7 01        	lda	[$1]
    91                        
    92 00:000C: 1B           	tcs
    93                        	
    94 00:000D: AB           	plb
    95 00:000E: 2B           	pld
    96 00:000F: 7A           	ply
    97 00:0010: FA           	plx
    98 00:0011: 68           	pla
    99 00:0012: 40           	rti
   100                        	
   101                        	ends
   102                        	efunc
   103                        	endmod
   104                        
   105                        ;----------------------------------------------------------------------------------
   106                        ;       static void prvSetupTimerInterrupt( void )
   107                        ;----------------------------------------------------------------------------------
   108                        ;	module	prvSetupTimerInterrupt
   109                        ;	code
   110                        ;	xdef	_~prvSetupTimerInterrupt
  Mon Sep 14 2026 18:41                                                                                                    Page 3


   111                        ;	xref	_~vPortYieldFromTick
   112                        ;	func
   113                        ;
   114                        ;	include "homebrewWDC.inc"
   115                        ;	
   116                        ;_~prvSetupTimerInterrupt:
   117                        ;
   118                        ;	lda	#JMLOP			; point IRQ-vec to JML instruction
   119                        ;	sta	>IRQVEC
   120                        ;	
   121                        ;	lda	#_~vPortYieldFromTick	
   122                        ;	sta	>JMLADR			; populate lo/hi of JML instruction
   123                        ;	
   124                        ;
   125                        ;	IF PLATFORM=0
   126                        ;	lda	>CONST5MS		;8.333333Mhz / 200Hz
   127                        ;	sta	>TIMERLO
   128                        ;	
   129                        ;	sep	#M
   130                        ;	longa	off
   131                        ;
   132                        ;	lda	#$5C			;JML opcode
   133                        ;	sta	>JMLOP
   134                        ;	lda	#^_~vPortYieldFromTick	; populate bank of JML instruction
   135                        ;	sta	>JMLADR+2
   136                        ;	
   137                        ;	lda	#3
   138                        ;	sta	>TIMERST
   139                        ;	
   140                        ;;	lda	#$ff
   141                        ;;	sta	>ColBorder
   142                        ;	
   143                        ;	rep	#M
   144                        ;	longa	on
   145                        ;	ENDIF
   146                        ;	
   147                        ;	IF PLATFORM=1
   148                        ;	sep	#M
   149                        ;	longa	off
   150                        ;	
   151                        ;	lda	#<9216	;3686400 / 2 = 1843200; 1843200Hz / 200Hz (5ms) = 9216; 36864
   152                        ;	sta	SB+CNTLSB
   153                        ;	lda	#>9216
   154                        ;	sta	SB+CNTMSB
   155                        ;		
   156                        ;	lda	#8
   157                        ;	sta	SB+IMR
   158                        ;		
   159                        ;	rep	#M
   160                        ;	longa	on
   161                        ;	ENDIF
   162                        ;	
   163                        ;	rts
   164                        ;		
   165                        ;	ends
   166                        ;	efunc
   167                        ;	endmod
   168                        
  Mon Sep 14 2026 18:41                                                                                                    Page 4


   169                        
   170                        ;----------------------------------------------------------------------------------
   171                        ;       pxNewTCB->pxTopOfStack = pxPortInitialiseStack( pxTopOfStack, pxTaskCode, pvParameters );
   172                        ;----------------------------------------------------------------------------------
   173                        	module	pxPortInitialiseStack
   174                        	code
   175                        	xdef	_~pxPortInitialiseStack
   176                        	func
   177                        
   178                        	;include	"homebrewWDC.inc"
   179                        
   180                        _~pxPortInitialiseStack:
   181             00000001   return_adr_lo	set 1
   182             00000002   return_adr_hi	set 2
   183                        ;return_adr_bank	set 3	
   184             00000003   s_pxTopOfStack	set 3		;+4+5+6
   185             00000007   s_pxTaskCode	set 7		;+8+9+10
   186             0000000B   s_pvParameters	set 11		;+12+13+14
   187                        
   188             00000020   M		 equ $20		; Accu 8/16-bit
   189             00000010   IX		 equ $10		; Index 8/16-bit
   190                        
   191 00:0000: 3B           	tsc
   192 00:0001: 0B           	phd
   193 00:0002: 5B           	tcd
   194                        	
   195 00:0003: 38           	sec
   196 00:0004: A5 03        	lda	<s_pxTopOfStack
   197 00:0006: E9 14 00     	sbc	#20
   198 00:0009: 85 03        	sta	<s_pxTopOfStack
   199                        
   200 00:000B: A0 0B 00     	ldy	#11
   201 00:000E: A5 07        	lda	<s_pxTaskCode
   202 00:0010: 97 03        	sta	[s_pxTopOfStack],y
   203                        	
   204 00:0012: 88           	dey
   205 00:0013: A9 00 00     	lda	#0
   206 00:0016: AA           	tax
   207                        	
   208 00:0017: E2 20        	sep	#M
   209                        	longa	off
   210                        	
   211                        istack0:
   212 00:0019: 97 03        	sta	[s_pxTopOfStack],y
   213 00:001B: 88           	dey	
   214 00:001C: D0 FB        	bne	istack0
   215                        
   216                        	
   217 00:001E: A0 0D 00     	ldy	#13
   218 00:0021: A5 09        	lda	<s_pxTaskCode+2
   219 00:0023: 97 03        	sta	[s_pxTopOfStack],y
   220                        
   221                        		
   222 00:0025: A0 01 00     	ldy	#1			; data bank = program bank
   223 00:0028: 97 03        	sta	[s_pxTopOfStack],y
   224                        	
   225                        	
   226 00:002A: C2 20        	rep	#M
  Mon Sep 14 2026 18:41                                                                                                    Page 5


   227                        	longa	on
   228                        
   229 00:002C: A0 11 00     	ldy	#17
   230 00:002F: A5 0B        	lda	<s_pvParameters
   231 00:0031: 97 03        	sta	[s_pxTopOfStack],y
   232 00:0033: A0 13 00     	ldy	#19
   233 00:0036: A5 0D        	lda	<s_pvParameters+2
   234 00:0038: 97 03        	sta	[s_pxTopOfStack],y
   235                        	
   236 00:003A: A5 01        	lda	<1
   237 00:003C: 85 0C        	sta	<12
   238                        ;	lda	<2
   239                        ;	sta	<13
   240                        
   241 00:003E: A4 03        	ldy	<s_pxTopOfStack
   242                        	
   243 00:0040: 2B           	pld
   244                        	
   245 00:0041: 18           	clc
   246 00:0042: 3B           	tsc
   247 00:0043: 69 0B 00     	adc	#11
   248 00:0046: 1B           	tcs
   249                        	
   250 00:0047: 98           	tya
   251                        
   252 00:0048: 60           	rts
   253                        
   254                        ;	plb		offset 	1
   255                        ;	pld			2
   256                        ;	ply			4
   257                        ;	plx			6
   258                        ;	pla			8
   259                        ;	status			10
   260                        ;	return addr lo/hi	11
   261                        ;	return addr bank	13
   262                        ;	pvParameters_lo		14
   263                        
   264                        ;	return addr dummy	15+16+17
   265                        
   266                        ;	pvParameters_hi		18
   267                        ;	pvParameters_bank	19
   268                        ;	pvParameters_dummy	20
   269                        	
   270                        ;txt:	.byte "IStack: %04X %04X %04X", 10, 0
   271                        
   272                        	ends
   273                        	efunc
   274                        	endmod
   275                        	
   276                        	
   277                        ;----------------------------------------------------------------------------------
   278                        ;	void vPortYield( void )
   279                        ;----------------------------------------------------------------------------------
   280                        	module	vPortYield
   281                        	code
   282                        	xdef	_~vPortYield
   283                        	xref	_~vTaskSwitchContext
   284                        	xref	_~pxCurrentTCB
  Mon Sep 14 2026 18:41                                                                                                    Page 6


   285                        	func
   286                        	
   287                        	;include	"homebrewWDC.inc"
   288             00000020   M		 equ $20		; Accu 8/16-bit
   289             00000010   IX		 equ $10		; Index 8/16-bit	
   290                        
   291                        _~vPortYield:
   292                        
   293 00:0000: 08           	php
   294 00:0001: 78           	sei
   295                        
   296 00:0002: C2 30        	rep	#M+IX
   297                        	longa	on
   298                        	longi	on
   299                        	
   300 00:0004: 8D xx xx     	sta	saveAccu
   301 00:0007: 8E xx xx     	stx	saveX
   302                        
   303 00:000A: E2 20        	sep	#M
   304                        	longa	off
   305                        	
   306 00:000C: 68           	pla			;pop status
   307 00:000D: FA           	plx			;pop RTS-Addr
   308 00:000E: E8           	inx			;add 1
   309 00:000F: DA           	phx			;push return addr for RTI
   310 00:0010: 48           	pha			;push status
   311                        	
   312 00:0011: C2 20        	rep	#M
   313                        	longa	on
   314                        
   315 00:0013: AD xx xx     	lda	saveAccu
   316 00:0016: 48           	pha
   317 00:0017: AE xx xx     	ldx	saveX
   318 00:001A: DA           	phx
   319 00:001B: 5A           	phy
   320 00:001C: 0B           	phd
   321 00:001D: 8B           	phb	
   322                        
   323 00:001E: AD xx xx     	lda	_~pxCurrentTCB+2
   324 00:0021: 48           	pha
   325 00:0022: AD xx xx     	lda	_~pxCurrentTCB
   326 00:0025: 48           	pha
   327 00:0026: 3B           	tsc
   328 00:0027: 5B           	tcd
   329 00:0028: 18           	clc
   330 00:0029: 69 04 00     	adc	#4	
   331 00:002C: 87 01        	sta	[$1]
   332                        	
   333 00:002E: 22 xx xx xx  	jsl	_~vTaskSwitchContext
   334                        
   335 00:0032: AD xx xx     	lda	_~pxCurrentTCB+2
   336 00:0035: 48           	pha
   337 00:0036: AD xx xx     	lda	_~pxCurrentTCB
   338 00:0039: 48           	pha	
   339 00:003A: 3B           	tsc
   340 00:003B: 5B           	tcd
   341 00:003C: A7 01        	lda	[$1]
   342 00:003E: 1B           	tcs
  Mon Sep 14 2026 18:41                                                                                                    Page 7


   343                        	
   344 00:003F: AB           	plb
   345 00:0040: 2B           	pld
   346 00:0041: 7A           	ply
   347 00:0042: FA           	plx
   348 00:0043: 68           	pla	
   349 00:0044: 40           	rti
   350                        	
   351                        saveAccu:
   352 00:0045: 00 00        	.word 0
   353                        saveX:
   354 00:0047: 00 00        	.word 0
   355                        	
   356                        	ends
   357                        	efunc
   358                        	endmod
   359                        ;----------------------------------------------------------------------------------
   360                        ;	vPortYieldFromTick;
   361                        ;----------------------------------------------------------------------------------
   362                        	module	vPortYieldFromTick
   363                        	code
   364                        	xdef	_~vPortYieldFromTick
   365                        	xref	_~xTaskIncrementTick
   366                        	xref	_~vTaskSwitchContext
   367                        	xref	_~pxCurrentTCB
   368                        	func
   369                        
   370                        	;include "homebrewWDC.inc"
   371             00000020   M		 equ $20		; Accu 8/16-bit
   372             00000010   IX		 equ $10		; Index 8/16-bit
   373                        
   374                        _~vPortYieldFromTick:
   375                        
   376 00:0000: C2 30        	rep	#M+IX
   377                        	longa	on
   378                        	longi	on
   379                        	
   380 00:0002: 48           	pha
   381 00:0003: DA           	phx
   382 00:0004: 5A           	phy
   383 00:0005: 0B           	phd
   384 00:0006: 8B           	phb
   385                        	
   386                        	;cld
   387                        	
   388 00:0007: A9 00 00     	lda	#0		;set direct to 0
   389 00:000A: 5B           	tcd
   390                        
   391 00:000B: E2 30        	sep	#M+IX
   392                        	longa	off
   393                        	longi	off
   394                        	
   395 00:000D: 48           	pha			;set data bank to 0
   396 00:000E: AB           	plb
   397                        	
   398                        ;	lda	>PS2STATUS	;key available?
   399                        ;	bne	irqtimer	;Bit 0 = 0?, no =>
   400                        ;	jsl	jkgbirq		;perform key activities
  Mon Sep 14 2026 18:41                                                                                                    Page 8


   401                        ;	
   402                        ;irqtimer:		
   403                        ;	IF PLATFORM=0
   404                        ;	
   405                        ;	lda >TIMERST		;timer underrun?
   406                        ;	bpl irqend		;no, leave
   407                        ;
   408                        ;	lda #1			;reset status bit
   409                        ;	sta >TIMERST
   410                        ;	
   411                        ;;	lda >colorBorderLo	;colourize!
   412                        ;;	eor #$ff
   413                        ;;	sta >colorBorderLo	
   414                        ;
   415                        ;	ENDIF
   416                        ;	
   417                        ;	IF PLATFORM=1
   418                        ;	lda	SB+ISR		;IRQ caused by timer?
   419                        ;	and	#8
   420                        ;	beq	irqend		;no, leave
   421                        ;	lda	SB+STOPCNT	;reset status flag
   422                        ;	ENDIF
   423                        	
   424 00:000F: 4B           	phk			;data bank = program bank ($01)
   425 00:0010: AB           	plb
   426                        	
   427 00:0011: C2 30        	rep	#M+IX
   428                        	longa	on
   429                        	longi	on
   430                        
   431 00:0013: AD xx xx     	lda	_~pxCurrentTCB+2
   432 00:0016: 48           	pha
   433 00:0017: AD xx xx     	lda	_~pxCurrentTCB
   434 00:001A: 48           	pha
   435 00:001B: 3B           	tsc
   436 00:001C: 5B           	tcd
   437 00:001D: 18           	clc
   438 00:001E: 69 04 00     	adc	#4	
   439 00:0021: 87 01        	sta	[$1]
   440                        
   441 00:0023: 22 xx xx xx  	jsl	_~xTaskIncrementTick
   442 00:0027: 22 xx xx xx  	jsl	_~vTaskSwitchContext
   443                        	
   444 00:002B: AD xx xx     	lda	_~pxCurrentTCB+2
   445 00:002E: 48           	pha
   446 00:002F: AD xx xx     	lda	_~pxCurrentTCB
   447 00:0032: 48           	pha	
   448 00:0033: 3B           	tsc
   449 00:0034: 5B           	tcd
   450 00:0035: A7 01        	lda	[$1]
   451 00:0037: 1B           	tcs
   452                        	
   453                        irqend:
   454 00:0038: C2 30        	rep	#M+IX
   455 00:003A: AB           	plb
   456 00:003B: 2B           	pld
   457 00:003C: 7A           	ply
   458 00:003D: FA           	plx
  Mon Sep 14 2026 18:41                                                                                                    Page 9


   459 00:003E: 68           	pla
   460 00:003F: 40           	rti
   461                        
   462                        	ends
   463                        	efunc
   464                        	endmod


      Lines assembled: 464
      Errors: 0
