  Wed Sep 16 2026 13:19                                                                                                    Page 1


                                               ***************************************
                                               **      WDC 65C816 Macro Assembler   **
                                               **                                   **
                                               **     Version 3.49.1- Feb  6 2006    **
                                               ***************************************

     1                        ;:ts=8
     2             00000001   R0	equ	1
     3             00000005   R1	equ	5
     4             00000009   R2	equ	9
     5             0000000D   R3	equ	13
     6                        ;#include <stdio.h>
     7                        ;#include <stdlib.h>
     8                        ;#include <fcntl.h>
     9                        ;#include "monitor.h"
    10                        ;
    11                        ;#ifdef __WDC__
    12                        ;#include "wdc_misc.h"
    13                        	data
    14                        	xdef	_~far_heap_start
    15                        _~far_heap_start:
    16 00:0000: 00 00 01 00  	dl	$10000
    17 00:0004:              	ends
    18                        	data
    19                        	xdef	_~far_heap_end
    20                        _~far_heap_end:
    21 00:0004: FF FF 02 00  	dl	$2FFFF
    22 00:0008:              	ends
    23                        	data
    24                        	xdef	_~heap_start
    25                        _~heap_start:
    26 00:0008: 00 00 03 00  	dl	$30000
    27 00:000C:              	ends
    28                        	data
    29                        	xdef	_~heap_end
    30                        _~heap_end:
    31 00:000C: FF FF 03 00  	dl	$3FFFF
    32 00:0010:              	ends
    33                        	asmstart
    34 00:0000: 4C xx xx     	jmp startup
    35 00:0003: DC FC DF     	jml ($dffc)
    36                        	
    37                        startup
    38 00:0006: 18           	clc
    39 00:0007: FB           	xce
    40 00:0008: C2 30        	rep #$30
    41 00:000A: A9 FF EF     	lda #$efff
    42 00:000D: 1B           	tcs
    43 00:000E: 4C xx xx     	jmp _~main
    44                        	asmend
    45                        	code
    46                        	xdef	_~debug
    47                        	func
    48                        _~debug:
    49                        	longa	on
    50                        	longi	on
    51 00:0011: 3B           	tsc
    52 00:0012: 38           	sec
  Wed Sep 16 2026 13:19                                                                                                    Page 2


    53 00:0013: E9 08 00     	sbc	#L2
    54 00:0016: 1B           	tcs
    55 00:0017: 0B           	phd
    56 00:0018: 5B           	tcd
    57             00000005   format_0	set	5
    58             00000000   args_1	set	0
    59             00000004   strbuf_1	set	4
    60 00:0019: F4 00 01     	pea	#<$100
    61 00:001C: 20 xx xx     	jsr	_~malloc
    62 00:001F: 85 05        	sta	<L3+strbuf_1
    63 00:0021: 86 07        	stx	<L3+strbuf_1+2
    64 00:0023: 18           	clc
    65 00:0024: 7B           	tdc
    66 00:0025: 69 11 00     	adc	#<L2+format_0+4
    67 00:0028: 85 01        	sta	<L3+args_1
    68 00:002A: A9 00 00     	lda	#$0
    69 00:002D: 85 03        	sta	<L3+args_1+2
    70 00:002F: 48           	pha
    71 00:0030: D4 01        	pei	<L3+args_1
    72 00:0032: D4 0F        	pei	<L2+format_0+2
    73 00:0034: D4 0D        	pei	<L2+format_0
    74 00:0036: D4 07        	pei	<L3+strbuf_1+2
    75 00:0038: D4 05        	pei	<L3+strbuf_1
    76 00:003A: 20 xx xx     	jsr	_~vsprintf
    77 00:003D: D4 07        	pei	<L3+strbuf_1+2
    78 00:003F: D4 05        	pei	<L3+strbuf_1
    79 00:0041: 20 xx xx     	jsr	_~strlen
    80 00:0044: 48           	pha
    81 00:0045: D4 07        	pei	<L3+strbuf_1+2
    82 00:0047: D4 05        	pei	<L3+strbuf_1
    83 00:0049: F4 00 00     	pea	#<$0
    84 00:004C: 20 xx xx     	jsr	_~write
    85 00:004F: D4 07        	pei	<L3+strbuf_1+2
    86 00:0051: D4 05        	pei	<L3+strbuf_1
    87 00:0053: 20 xx xx     	jsr	_~free
    88 00:0056: DA           	phx
    89 00:0057: A6 0B        	ldx	<L2+3
    90 00:0059: A5 09        	lda	<L2+1
    91 00:005B: 95 09        	sta	<L2+1,X
    92 00:005D: 8A           	txa
    93 00:005E: FA           	plx
    94 00:005F: 2B           	pld
    95 00:0060: 48           	pha
    96 00:0061: 3B           	tsc
    97 00:0062: 18           	clc
    98 00:0063: 69 0A 00     	adc	#L2+2
    99 00:0066: 63 01        	adc	<1,s
   100 00:0068: 1B           	tcs
   101 00:0069: 60           	rts
   102             00000008   L2	equ	8
   103             00000001   L3	equ	1
   104                        	ends
   105                        	efunc
   106                        	code
   107                        	xdef	_~unlink
   108                        	func
   109                        _~unlink:
   110                        	longa	on
  Wed Sep 16 2026 13:19                                                                                                    Page 3


   111                        	longi	on
   112 00:006A: 3B           	tsc
   113 00:006B: 38           	sec
   114 00:006C: E9 00 00     	sbc	#L5
   115 00:006F: 1B           	tcs
   116 00:0070: 0B           	phd
   117 00:0071: 5B           	tcd
   118             00000003   pchar_0	set	3
   119 00:0072: D4 05        	pei	<L5+pchar_0+2
   120 00:0074: D4 03        	pei	<L5+pchar_0
   121 00:0076: F4 xx xx     	pea	#^L1
   122 00:0079: F4 xx xx     	pea	#<L1
   123 00:007C: F4 0A 00     	pea	#10
   124 00:007F: 20 xx xx     	jsr	_~debug
   125 00:0082: A9 01 00     	lda	#$1
   126 00:0085: A8           	tay
   127 00:0086: A5 01        	lda	<L5+1
   128 00:0088: 85 05        	sta	<L5+1+4
   129 00:008A: 2B           	pld
   130 00:008B: 3B           	tsc
   131 00:008C: 18           	clc
   132 00:008D: 69 04 00     	adc	#L5+4
   133 00:0090: 1B           	tcs
   134 00:0091: 98           	tya
   135 00:0092: 60           	rts
   136             00000000   L5	equ	0
   137             00000001   L6	equ	1
   138                        	ends
   139                        	efunc
   140                        	data
   141                        L1:
   142 00:0010: 75 6E 6C 69  	db	$75,$6E,$6C,$69,$6E,$6B,$20,$63,$61,$6C,$6C,$65,$64,$20,$6E
       00:0014: 6E 6B 20 63 
       00:0018: 61 6C 6C 65 
       00:001C: 64 20 6E 
   143 00:001F: 61 6D 65 3A  	db	$61,$6D,$65,$3A,$20,$25,$73,$0A,$00
       00:0023: 20 25 73 0A 
       00:0027: 00 
   144 00:0028:              	ends
   145                        	code
   146                        	xdef	_~print_str
   147                        	func
   148                        _~print_str:
   149                        	longa	on
   150                        	longi	on
   151 00:0093: 3B           	tsc
   152 00:0094: 38           	sec
   153 00:0095: E9 04 00     	sbc	#L9
   154 00:0098: 1B           	tcs
   155 00:0099: 0B           	phd
   156 00:009A: 5B           	tcd
   157             00000003   str_0	set	3
   158 00:009B: 80 18        	bra	L10001
   159                        L20001:
   160 00:009D: AD xx xx     	lda	|_~debug_char
   161 00:00A0: 85 01        	sta	<R0
   162 00:00A2: AD xx xx     	lda	|_~debug_char+2
   163 00:00A5: 85 03        	sta	<R0+2
  Wed Sep 16 2026 13:19                                                                                                    Page 4


   164 00:00A7: E2 20        	sep	#$20
   165                        	longa	off
   166 00:00A9: A7 07        	lda	[<L9+str_0]
   167 00:00AB: 87 01        	sta	[<R0]
   168 00:00AD: C2 20        	rep	#$20
   169                        	longa	on
   170 00:00AF: E6 07        	inc	<L9+str_0
   171 00:00B1: D0 02        	bne	L10001
   172 00:00B3: E6 09        	inc	<L9+str_0+2
   173                        L10001:
   174 00:00B5: A7 07        	lda	[<L9+str_0]
   175 00:00B7: 29 FF 00     	and	#$ff
   176 00:00BA: D0 E1        	bne	L20001
   177 00:00BC: A5 05        	lda	<L9+1
   178 00:00BE: 85 09        	sta	<L9+1+4
   179 00:00C0: 2B           	pld
   180 00:00C1: 3B           	tsc
   181 00:00C2: 18           	clc
   182 00:00C3: 69 08 00     	adc	#L9+4
   183 00:00C6: 1B           	tcs
   184 00:00C7: 60           	rts
   185             00000004   L9	equ	4
   186             00000005   L10	equ	5
   187                        	ends
   188                        	efunc
   189                        	code
   190                        	xdef	_~write
   191                        	func
   192                        _~write:
   193                        	longa	on
   194                        	longi	on
   195 00:00C8: 3B           	tsc
   196 00:00C9: 38           	sec
   197 00:00CA: E9 0C 00     	sbc	#L14
   198 00:00CD: 1B           	tcs
   199 00:00CE: 0B           	phd
   200 00:00CF: 5B           	tcd
   201             00000003   fd_0	set	3
   202             00000005   buf_0	set	5
   203             00000009   size_0	set	9
   204             00000000   p_1	set	0
   205             00000004   ansi_1	set	4
   206 00:00D0: A5 11        	lda	<L14+buf_0
   207 00:00D2: 85 05        	sta	<L15+p_1
   208 00:00D4: A5 13        	lda	<L14+buf_0+2
   209 00:00D6: 85 07        	sta	<L15+p_1+2
   210 00:00D8: A5 0F        	lda	<L14+fd_0
   211                        	xref	_~~swt
   212 00:00DA: 20 xx xx     	jsr	_~~swt
   213 00:00DD: 02 00        	dw	2
   214 00:00DF: 00 00        	dw	0
   215 00:00E1: xx xx        	dw	L10005-1
   216 00:00E3: 02 00        	dw	2
   217 00:00E5: xx xx        	dw	L10006-1
   218 00:00E7: xx xx        	dw	L10007-1
   219                        L10005:
   220 00:00E9: AD xx xx     	lda	|_~ansi_yellow
   221 00:00EC: 85 09        	sta	<L15+ansi_1
  Wed Sep 16 2026 13:19                                                                                                    Page 5


   222 00:00EE: AD xx xx     	lda	|_~ansi_yellow+2
   223                        L20002:
   224 00:00F1: 85 0B        	sta	<L15+ansi_1+2
   225                        L10004:
   226 00:00F3: D4 0B        	pei	<L15+ansi_1+2
   227 00:00F5: D4 09        	pei	<L15+ansi_1
   228 00:00F7: 20 xx xx     	jsr	_~print_str
   229 00:00FA: 80 4F        	bra	L10011
   230                        L10006:
   231 00:00FC: AD xx xx     	lda	|_~ansi_red
   232 00:00FF: 85 09        	sta	<L15+ansi_1
   233 00:0101: AD xx xx     	lda	|_~ansi_red+2
   234 00:0104: 80 EB        	bra	L20002
   235                        L10007:
   236 00:0106: 64 09        	stz	<L15+ansi_1
   237 00:0108: 64 0B        	stz	<L15+ansi_1+2
   238 00:010A: 80 E7        	bra	L10004
   239                        L10010:
   240 00:010C: A5 0F        	lda	<L14+fd_0
   241 00:010E: 30 05        	bmi	L16
   242 00:0110: 3A           	dea
   243 00:0111: 3A           	dea
   244 00:0112: 3A           	dea
   245 00:0113: 10 1C        	bpl	L10012
   246                        L16:
   247 00:0115: E2 20        	sep	#$20
   248                        	longa	off
   249 00:0117: A7 05        	lda	[<L15+p_1]
   250 00:0119: C9 0A        	cmp	#<$a
   251 00:011B: C2 20        	rep	#$20
   252                        	longa	on
   253 00:011D: D0 12        	bne	L10012
   254 00:011F: AD xx xx     	lda	|_~debug_char
   255 00:0122: 85 01        	sta	<R0
   256 00:0124: AD xx xx     	lda	|_~debug_char+2
   257 00:0127: 85 03        	sta	<R0+2
   258 00:0129: E2 20        	sep	#$20
   259                        	longa	off
   260 00:012B: A9 0D        	lda	#$d
   261 00:012D: 87 01        	sta	[<R0]
   262 00:012F: C2 20        	rep	#$20
   263                        	longa	on
   264                        L10012:
   265 00:0131: AD xx xx     	lda	|_~debug_char
   266 00:0134: 85 01        	sta	<R0
   267 00:0136: AD xx xx     	lda	|_~debug_char+2
   268 00:0139: 85 03        	sta	<R0+2
   269 00:013B: E2 20        	sep	#$20
   270                        	longa	off
   271 00:013D: A7 05        	lda	[<L15+p_1]
   272 00:013F: 87 01        	sta	[<R0]
   273 00:0141: C2 20        	rep	#$20
   274                        	longa	on
   275 00:0143: E6 05        	inc	<L15+p_1
   276 00:0145: D0 02        	bne	L10008
   277 00:0147: E6 07        	inc	<L15+p_1+2
   278                        L10008:
   279 00:0149: C6 15        	dec	<L14+size_0
  Wed Sep 16 2026 13:19                                                                                                    Page 6


   280                        L10011:
   281 00:014B: A9 00 00     	lda	#$0
   282 00:014E: C5 15        	cmp	<L14+size_0
   283 00:0150: 90 BA        	bcc	L10010
   284 00:0152: A5 09        	lda	<L15+ansi_1
   285 00:0154: 05 0B        	ora	<L15+ansi_1+2
   286 00:0156: F0 0B        	beq	L10013
   287 00:0158: AD xx xx     	lda	|_~ansi_white+2
   288 00:015B: 48           	pha
   289 00:015C: AD xx xx     	lda	|_~ansi_white
   290 00:015F: 48           	pha
   291 00:0160: 20 xx xx     	jsr	_~print_str
   292                        L10013:
   293 00:0163: A5 15        	lda	<L14+size_0
   294 00:0165: A8           	tay
   295 00:0166: A5 0D        	lda	<L14+1
   296 00:0168: 85 15        	sta	<L14+1+8
   297 00:016A: 2B           	pld
   298 00:016B: 3B           	tsc
   299 00:016C: 18           	clc
   300 00:016D: 69 14 00     	adc	#L14+8
   301 00:0170: 1B           	tcs
   302 00:0171: 98           	tya
   303 00:0172: 60           	rts
   304             0000000C   L14	equ	12
   305             00000005   L15	equ	5
   306                        	ends
   307                        	efunc
   308                        	code
   309                        	xdef	_~read
   310                        	func
   311                        _~read:
   312                        	longa	on
   313                        	longi	on
   314 00:0173: 3B           	tsc
   315 00:0174: 38           	sec
   316 00:0175: E9 04 00     	sbc	#L22
   317 00:0178: 1B           	tcs
   318 00:0179: 0B           	phd
   319 00:017A: 5B           	tcd
   320             00000003   fd_0	set	3
   321             00000005   buf_0	set	5
   322             00000009   size_0	set	9
   323 00:017B: AD xx xx     	lda	|_~debug_char
   324 00:017E: 85 01        	sta	<R0
   325 00:0180: AD xx xx     	lda	|_~debug_char+2
   326 00:0183: 85 03        	sta	<R0+2
   327 00:0185: E2 20        	sep	#$20
   328                        	longa	off
   329 00:0187: A7 01        	lda	[<R0]
   330 00:0189: C2 20        	rep	#$20
   331                        	longa	on
   332 00:018B: 29 FF 00     	and	#$ff
   333 00:018E: A8           	tay
   334 00:018F: A5 05        	lda	<L22+1
   335 00:0191: 85 0D        	sta	<L22+1+8
   336 00:0193: 2B           	pld
   337 00:0194: 3B           	tsc
  Wed Sep 16 2026 13:19                                                                                                    Page 7


   338 00:0195: 18           	clc
   339 00:0196: 69 0C 00     	adc	#L22+8
   340 00:0199: 1B           	tcs
   341 00:019A: 98           	tya
   342 00:019B: 60           	rts
   343             00000004   L22	equ	4
   344             00000005   L23	equ	5
   345                        	ends
   346                        	efunc
   347                        	code
   348                        	xdef	_~close
   349                        	func
   350                        _~close:
   351                        	longa	on
   352                        	longi	on
   353 00:019C: 3B           	tsc
   354 00:019D: 38           	sec
   355 00:019E: E9 00 00     	sbc	#L25
   356 00:01A1: 1B           	tcs
   357 00:01A2: 0B           	phd
   358 00:01A3: 5B           	tcd
   359             00000003   fd_0	set	3
   360 00:01A4: A9 01 00     	lda	#$1
   361 00:01A7: A8           	tay
   362 00:01A8: A5 01        	lda	<L25+1
   363 00:01AA: 85 03        	sta	<L25+1+2
   364 00:01AC: 2B           	pld
   365 00:01AD: 3B           	tsc
   366 00:01AE: 18           	clc
   367 00:01AF: 69 02 00     	adc	#L25+2
   368 00:01B2: 1B           	tcs
   369 00:01B3: 98           	tya
   370 00:01B4: 60           	rts
   371             00000000   L25	equ	0
   372             00000001   L26	equ	1
   373                        	ends
   374                        	efunc
   375                        	code
   376                        	xdef	_~open
   377                        	func
   378                        _~open:
   379                        	longa	on
   380                        	longi	on
   381 00:01B5: 3B           	tsc
   382 00:01B6: 38           	sec
   383 00:01B7: E9 00 00     	sbc	#L28
   384 00:01BA: 1B           	tcs
   385 00:01BB: 0B           	phd
   386 00:01BC: 5B           	tcd
   387             00000003   _name_0	set	3
   388             00000007   _mode_0	set	7
   389 00:01BD: D4 07        	pei	<L28+_mode_0
   390 00:01BF: D4 05        	pei	<L28+_name_0+2
   391 00:01C1: D4 03        	pei	<L28+_name_0
   392 00:01C3: F4 xx xx     	pea	#^L8
   393 00:01C6: F4 xx xx     	pea	#<L8
   394 00:01C9: F4 0C 00     	pea	#12
   395 00:01CC: 20 xx xx     	jsr	_~debug
  Wed Sep 16 2026 13:19                                                                                                    Page 8


   396 00:01CF: A9 01 00     	lda	#$1
   397 00:01D2: A8           	tay
   398 00:01D3: A5 01        	lda	<L28+1
   399 00:01D5: 85 07        	sta	<L28+1+6
   400 00:01D7: 2B           	pld
   401 00:01D8: 3B           	tsc
   402 00:01D9: 18           	clc
   403 00:01DA: 69 06 00     	adc	#L28+6
   404 00:01DD: 1B           	tcs
   405 00:01DE: 98           	tya
   406 00:01DF: 60           	rts
   407             00000000   L28	equ	0
   408             00000001   L29	equ	1
   409                        	ends
   410                        	efunc
   411                        	data
   412                        L8:
   413 00:0028: 6F 70 65 6E  	db	$6F,$70,$65,$6E,$20,$63,$61,$6C,$6C,$65,$64,$20,$6E,$61,$6D
       00:002C: 20 63 61 6C 
       00:0030: 6C 65 64 20 
       00:0034: 6E 61 6D 
   414 00:0037: 65 3A 25 73  	db	$65,$3A,$25,$73,$2C,$20,$6D,$6F,$64,$65,$3A,$25,$64,$0A,$00
       00:003B: 2C 20 6D 6F 
       00:003F: 64 65 3A 25 
       00:0043: 64 0A 00 
   415 00:0046:              	ends
   416                        	code
   417                        	xdef	_~isatty
   418                        	func
   419                        _~isatty:
   420                        	longa	on
   421                        	longi	on
   422 00:01E0: 3B           	tsc
   423 00:01E1: 38           	sec
   424 00:01E2: E9 00 00     	sbc	#L32
   425 00:01E5: 1B           	tcs
   426 00:01E6: 0B           	phd
   427 00:01E7: 5B           	tcd
   428             00000003   fd_0	set	3
   429 00:01E8: D4 03        	pei	<L32+fd_0
   430 00:01EA: F4 xx xx     	pea	#^L31
   431 00:01ED: F4 xx xx     	pea	#<L31
   432 00:01F0: F4 08 00     	pea	#8
   433 00:01F3: 20 xx xx     	jsr	_~debug
   434 00:01F6: A9 01 00     	lda	#$1
   435 00:01F9: A8           	tay
   436 00:01FA: A5 01        	lda	<L32+1
   437 00:01FC: 85 03        	sta	<L32+1+2
   438 00:01FE: 2B           	pld
   439 00:01FF: 3B           	tsc
   440 00:0200: 18           	clc
   441 00:0201: 69 02 00     	adc	#L32+2
   442 00:0204: 1B           	tcs
   443 00:0205: 98           	tya
   444 00:0206: 60           	rts
   445             00000000   L32	equ	0
   446             00000001   L33	equ	1
   447                        	ends
  Wed Sep 16 2026 13:19                                                                                                    Page 9


   448                        	efunc
   449                        	data
   450                        L31:
   451 00:0046: 69 73 61 74  	db	$69,$73,$61,$74,$74,$79,$20,$63,$61,$6C,$6C,$65,$64,$20,$66
       00:004A: 74 79 20 63 
       00:004E: 61 6C 6C 65 
       00:0052: 64 20 66 
   452 00:0055: 64 3A 25 64  	db	$64,$3A,$25,$64,$0A,$00
       00:0059: 0A 00 
   453 00:005B:              	ends
   454                        	code
   455                        	xdef	_~lseek
   456                        	func
   457                        _~lseek:
   458                        	longa	on
   459                        	longi	on
   460 00:0207: 3B           	tsc
   461 00:0208: 38           	sec
   462 00:0209: E9 00 00     	sbc	#L36
   463 00:020C: 1B           	tcs
   464 00:020D: 0B           	phd
   465 00:020E: 5B           	tcd
   466             00000003   fd_0	set	3
   467             00000005   offset_0	set	5
   468             00000009   whence_0	set	9
   469 00:020F: D4 09        	pei	<L36+whence_0
   470 00:0211: D4 07        	pei	<L36+offset_0+2
   471 00:0213: D4 05        	pei	<L36+offset_0
   472 00:0215: D4 03        	pei	<L36+fd_0
   473 00:0217: F4 xx xx     	pea	#^L35
   474 00:021A: F4 xx xx     	pea	#<L35
   475 00:021D: F4 0E 00     	pea	#14
   476 00:0220: 20 xx xx     	jsr	_~debug
   477 00:0223: A9 00 00     	lda	#$0
   478 00:0226: AA           	tax
   479 00:0227: 1A           	ina
   480 00:0228: A8           	tay
   481 00:0229: A5 01        	lda	<L36+1
   482 00:022B: 85 09        	sta	<L36+1+8
   483 00:022D: 2B           	pld
   484 00:022E: 3B           	tsc
   485 00:022F: 18           	clc
   486 00:0230: 69 08 00     	adc	#L36+8
   487 00:0233: 1B           	tcs
   488 00:0234: 98           	tya
   489 00:0235: 60           	rts
   490             00000000   L36	equ	0
   491             00000001   L37	equ	1
   492                        	ends
   493                        	efunc
   494                        	data
   495                        L35:
   496 00:005B: 6C 73 65 65  	db	$6C,$73,$65,$65,$6B,$20,$63,$61,$6C,$6C,$65,$64,$20,$66,$64
       00:005F: 6B 20 63 61 
       00:0063: 6C 6C 65 64 
       00:0067: 20 66 64 
   497 00:006A: 3A 25 64 2C  	db	$3A,$25,$64,$2C,$20,$6F,$66,$66,$73,$65,$74,$3A,$25,$64,$2C
       00:006E: 20 6F 66 66 
  Wed Sep 16 2026 13:19                                                                                                    Page 10


       00:0072: 73 65 74 3A 
       00:0076: 25 64 2C 
   498 00:0079: 20 77 68 65  	db	$20,$77,$68,$65,$6E,$63,$65,$3A,$25,$64,$0A,$00
       00:007D: 6E 63 65 3A 
       00:0081: 25 64 0A 00 
   499 00:0085:              	ends
   500                        ;#endif
   501                        ;
   502                        ;#ifdef __CALYPSI__
   503                        ;#include "calypsi_misc.h"
   504                        ;#endif
   505                        ;
   506                        ;int main (int argc, char** argv) {
   507                        	code
   508                        	xdef	_~main
   509                        	func
   510                        _~main:
   511                        	longa	on
   512                        	longi	on
   513 00:0236: 3B           	tsc
   514 00:0237: 38           	sec
   515 00:0238: E9 04 00     	sbc	#L40
   516 00:023B: 1B           	tcs
   517 00:023C: 0B           	phd
   518 00:023D: 5B           	tcd
   519             00000003   argc_0	set	3
   520             00000005   argv_0	set	5
   521                        ;
   522                        ;	void *p = (void *)0xff;
   523                        ;	/*
   524                        ;	setvbuf(stdout, NULL, _IONBF, 0);
   525                        ;	setvbuf(stderr, NULL, _IONBF, 0);
   526                        ;	setvbuf(stdin, NULL, _IONBF, 0);
   527                        ;	*/
   528                        ;	/*
   529                        ;	fprintf(stderr, "Hallo Welt mit WDC nach stderr!\n");
   530                        ;    fprintf(stdout, "Hallo Welt mit WDC nach stdout!\n");
   531                        ;
   532                        ;	printf("heap_start: %p\n", heap_start);
   533                        ;    printf("size char: %d \n", sizeof(char));
   534                        ;    printf("size int: %d \n", sizeof(int));
   535                        ;    printf("size short: %d \n", sizeof(short));
   536                        ;    printf("size size_t: %d \n", sizeof(size_t));
   537                        ;    printf("size long: %d \n", sizeof(long));
   538                        ;    printf("size char*: %d \n", sizeof(char*));
   539                        ;*/
   540                        ;	monitor();
   541             00000000   p_1	set	0
   542 00:023E: A9 FF 00     	lda	#$ff
   543 00:0241: 85 01        	sta	<L41+p_1
   544 00:0243: A9 00 00     	lda	#$0
   545 00:0246: 85 03        	sta	<L41+p_1+2
   546 00:0248: 20 xx xx     	jsr	_~monitor
   547                        ;	
   548                        ;    return 0;
   549 00:024B: A9 00 00     	lda	#$0
   550 00:024E: A8           	tay
   551 00:024F: A5 05        	lda	<L40+1
  Wed Sep 16 2026 13:19                                                                                                    Page 11


   552 00:0251: 85 0B        	sta	<L40+1+6
   553 00:0253: 2B           	pld
   554 00:0254: 3B           	tsc
   555 00:0255: 18           	clc
   556 00:0256: 69 0A 00     	adc	#L40+6
   557 00:0259: 1B           	tcs
   558 00:025A: 98           	tya
   559 00:025B: 60           	rts
   560                        ;}
   561             00000004   L40	equ	4
   562             00000001   L41	equ	1
   563                        	ends
   564                        	efunc
   565                        ;
   566                        	xref	_~strlen
   567                        	xref	_~monitor
   568                        	xref	_~malloc
   569                        	xref	_~free
   570                        	xref	_~vsprintf
   571                        	xref	_~ansi_yellow
   572                        	xref	_~ansi_red
   573                        	xref	_~ansi_white
   574                        	xref	_~debug_char


      Lines assembled: 574
      Errors: 0
