  Thu Sep 17 2026 18:02                                                                                                    Page 1


                                               ***************************************
                                               **      WDC 65C816 Macro Assembler   **
                                               **                                   **
                                               **     Version 3.49.1- Feb  6 2006    **
                                               ***************************************

     1                        ;:ts=8
     2             00000001   R0	equ	1
     3             00000005   R1	equ	5
     4             00000009   R2	equ	9
     5             0000000D   R3	equ	13
     6                        ;#include <stdio.h>
     7                        ;#include <stdlib.h>
     8                        ;#include <fcntl.h>
     9                        ;#include "monitor.h"
    10                        ;
    11                        ;#ifdef __WDC__
    12                        ;#include "wdc_misc.h"
    13                        	data
    14                        	xdef	_~far_heap_start
    15                        _~far_heap_start:
    16 00:0000: 00 00 01 00  	dl	$10000
    17 00:0004:              	ends
    18                        	data
    19                        	xdef	_~far_heap_end
    20                        _~far_heap_end:
    21 00:0004: FF FF 02 00  	dl	$2FFFF
    22 00:0008:              	ends
    23                        	data
    24                        	xdef	_~heap_start
    25                        _~heap_start:
    26 00:0008: 00 00 03 00  	dl	$30000
    27 00:000C:              	ends
    28                        	data
    29                        	xdef	_~heap_end
    30                        _~heap_end:
    31 00:000C: FF FF 03 00  	dl	$3FFFF
    32 00:0010:              	ends
    33                        	asmstart
    34 00:0000: 18           	clc
    35 00:0001: FB           	xce
    36 00:0002: C2 30        	rep #$30
    37 00:0004: A9 DF FD     	lda #$fddf
    38 00:0007: 1B           	tcs
    39 00:0008: 4C xx xx     	jmp _~main
    40                        	asmend
    41                        	code
    42                        	xdef	_~debug
    43                        	func
    44                        _~debug:
    45                        	longa	on
    46                        	longi	on
    47 00:000B: 3B           	tsc
    48 00:000C: 38           	sec
    49 00:000D: E9 08 00     	sbc	#L2
    50 00:0010: 1B           	tcs
    51 00:0011: 0B           	phd
    52 00:0012: 5B           	tcd
  Thu Sep 17 2026 18:02                                                                                                    Page 2


    53             00000005   format_0	set	5
    54             00000000   args_1	set	0
    55             00000004   strbuf_1	set	4
    56 00:0013: F4 00 01     	pea	#<$100
    57 00:0016: 20 xx xx     	jsr	_~malloc
    58 00:0019: 85 05        	sta	<L3+strbuf_1
    59 00:001B: 86 07        	stx	<L3+strbuf_1+2
    60 00:001D: 18           	clc
    61 00:001E: 7B           	tdc
    62 00:001F: 69 11 00     	adc	#<L2+format_0+4
    63 00:0022: 85 01        	sta	<L3+args_1
    64 00:0024: A9 00 00     	lda	#$0
    65 00:0027: 85 03        	sta	<L3+args_1+2
    66 00:0029: 48           	pha
    67 00:002A: D4 01        	pei	<L3+args_1
    68 00:002C: D4 0F        	pei	<L2+format_0+2
    69 00:002E: D4 0D        	pei	<L2+format_0
    70 00:0030: D4 07        	pei	<L3+strbuf_1+2
    71 00:0032: D4 05        	pei	<L3+strbuf_1
    72 00:0034: 20 xx xx     	jsr	_~vsprintf
    73 00:0037: D4 07        	pei	<L3+strbuf_1+2
    74 00:0039: D4 05        	pei	<L3+strbuf_1
    75 00:003B: 20 xx xx     	jsr	_~strlen
    76 00:003E: 48           	pha
    77 00:003F: D4 07        	pei	<L3+strbuf_1+2
    78 00:0041: D4 05        	pei	<L3+strbuf_1
    79 00:0043: F4 00 00     	pea	#<$0
    80 00:0046: 20 xx xx     	jsr	_~write
    81 00:0049: D4 07        	pei	<L3+strbuf_1+2
    82 00:004B: D4 05        	pei	<L3+strbuf_1
    83 00:004D: 20 xx xx     	jsr	_~free
    84 00:0050: DA           	phx
    85 00:0051: A6 0B        	ldx	<L2+3
    86 00:0053: A5 09        	lda	<L2+1
    87 00:0055: 95 09        	sta	<L2+1,X
    88 00:0057: 8A           	txa
    89 00:0058: FA           	plx
    90 00:0059: 2B           	pld
    91 00:005A: 48           	pha
    92 00:005B: 3B           	tsc
    93 00:005C: 18           	clc
    94 00:005D: 69 0A 00     	adc	#L2+2
    95 00:0060: 63 01        	adc	<1,s
    96 00:0062: 1B           	tcs
    97 00:0063: 60           	rts
    98             00000008   L2	equ	8
    99             00000001   L3	equ	1
   100                        	ends
   101                        	efunc
   102                        	code
   103                        	xdef	_~unlink
   104                        	func
   105                        _~unlink:
   106                        	longa	on
   107                        	longi	on
   108 00:0064: 3B           	tsc
   109 00:0065: 38           	sec
   110 00:0066: E9 00 00     	sbc	#L5
  Thu Sep 17 2026 18:02                                                                                                    Page 3


   111 00:0069: 1B           	tcs
   112 00:006A: 0B           	phd
   113 00:006B: 5B           	tcd
   114             00000003   pchar_0	set	3
   115 00:006C: D4 05        	pei	<L5+pchar_0+2
   116 00:006E: D4 03        	pei	<L5+pchar_0
   117 00:0070: F4 xx xx     	pea	#^L1
   118 00:0073: F4 xx xx     	pea	#<L1
   119 00:0076: F4 0A 00     	pea	#10
   120 00:0079: 20 xx xx     	jsr	_~debug
   121 00:007C: A9 01 00     	lda	#$1
   122 00:007F: A8           	tay
   123 00:0080: A5 01        	lda	<L5+1
   124 00:0082: 85 05        	sta	<L5+1+4
   125 00:0084: 2B           	pld
   126 00:0085: 3B           	tsc
   127 00:0086: 18           	clc
   128 00:0087: 69 04 00     	adc	#L5+4
   129 00:008A: 1B           	tcs
   130 00:008B: 98           	tya
   131 00:008C: 60           	rts
   132             00000000   L5	equ	0
   133             00000001   L6	equ	1
   134                        	ends
   135                        	efunc
   136                        	data
   137                        L1:
   138 00:0010: 75 6E 6C 69  	db	$75,$6E,$6C,$69,$6E,$6B,$20,$63,$61,$6C,$6C,$65,$64,$20,$6E
       00:0014: 6E 6B 20 63 
       00:0018: 61 6C 6C 65 
       00:001C: 64 20 6E 
   139 00:001F: 61 6D 65 3A  	db	$61,$6D,$65,$3A,$20,$25,$73,$0A,$00
       00:0023: 20 25 73 0A 
       00:0027: 00 
   140 00:0028:              	ends
   141                        	code
   142                        	xdef	_~print_str
   143                        	func
   144                        _~print_str:
   145                        	longa	on
   146                        	longi	on
   147 00:008D: 3B           	tsc
   148 00:008E: 38           	sec
   149 00:008F: E9 04 00     	sbc	#L9
   150 00:0092: 1B           	tcs
   151 00:0093: 0B           	phd
   152 00:0094: 5B           	tcd
   153             00000003   str_0	set	3
   154 00:0095: 80 18        	bra	L10001
   155                        L20001:
   156 00:0097: AD xx xx     	lda	|_~debug_char
   157 00:009A: 85 01        	sta	<R0
   158 00:009C: AD xx xx     	lda	|_~debug_char+2
   159 00:009F: 85 03        	sta	<R0+2
   160 00:00A1: E2 20        	sep	#$20
   161                        	longa	off
   162 00:00A3: A7 07        	lda	[<L9+str_0]
   163 00:00A5: 87 01        	sta	[<R0]
  Thu Sep 17 2026 18:02                                                                                                    Page 4


   164 00:00A7: C2 20        	rep	#$20
   165                        	longa	on
   166 00:00A9: E6 07        	inc	<L9+str_0
   167 00:00AB: D0 02        	bne	L10001
   168 00:00AD: E6 09        	inc	<L9+str_0+2
   169                        L10001:
   170 00:00AF: A7 07        	lda	[<L9+str_0]
   171 00:00B1: 29 FF 00     	and	#$ff
   172 00:00B4: D0 E1        	bne	L20001
   173 00:00B6: A5 05        	lda	<L9+1
   174 00:00B8: 85 09        	sta	<L9+1+4
   175 00:00BA: 2B           	pld
   176 00:00BB: 3B           	tsc
   177 00:00BC: 18           	clc
   178 00:00BD: 69 08 00     	adc	#L9+4
   179 00:00C0: 1B           	tcs
   180 00:00C1: 60           	rts
   181             00000004   L9	equ	4
   182             00000005   L10	equ	5
   183                        	ends
   184                        	efunc
   185                        	code
   186                        	xdef	_~write
   187                        	func
   188                        _~write:
   189                        	longa	on
   190                        	longi	on
   191 00:00C2: 3B           	tsc
   192 00:00C3: 38           	sec
   193 00:00C4: E9 0C 00     	sbc	#L14
   194 00:00C7: 1B           	tcs
   195 00:00C8: 0B           	phd
   196 00:00C9: 5B           	tcd
   197             00000003   fd_0	set	3
   198             00000005   buf_0	set	5
   199             00000009   size_0	set	9
   200             00000000   p_1	set	0
   201             00000004   ansi_1	set	4
   202 00:00CA: A5 11        	lda	<L14+buf_0
   203 00:00CC: 85 05        	sta	<L15+p_1
   204 00:00CE: A5 13        	lda	<L14+buf_0+2
   205 00:00D0: 85 07        	sta	<L15+p_1+2
   206 00:00D2: A5 0F        	lda	<L14+fd_0
   207                        	xref	_~~swt
   208 00:00D4: 20 xx xx     	jsr	_~~swt
   209 00:00D7: 02 00        	dw	2
   210 00:00D9: 00 00        	dw	0
   211 00:00DB: xx xx        	dw	L10005-1
   212 00:00DD: 02 00        	dw	2
   213 00:00DF: xx xx        	dw	L10006-1
   214 00:00E1: xx xx        	dw	L10007-1
   215                        L10005:
   216 00:00E3: AD xx xx     	lda	|_~ansi_yellow
   217 00:00E6: 85 09        	sta	<L15+ansi_1
   218 00:00E8: AD xx xx     	lda	|_~ansi_yellow+2
   219                        L20002:
   220 00:00EB: 85 0B        	sta	<L15+ansi_1+2
   221                        L10004:
  Thu Sep 17 2026 18:02                                                                                                    Page 5


   222 00:00ED: D4 0B        	pei	<L15+ansi_1+2
   223 00:00EF: D4 09        	pei	<L15+ansi_1
   224 00:00F1: 20 xx xx     	jsr	_~print_str
   225 00:00F4: 80 4F        	bra	L10011
   226                        L10006:
   227 00:00F6: AD xx xx     	lda	|_~ansi_red
   228 00:00F9: 85 09        	sta	<L15+ansi_1
   229 00:00FB: AD xx xx     	lda	|_~ansi_red+2
   230 00:00FE: 80 EB        	bra	L20002
   231                        L10007:
   232 00:0100: 64 09        	stz	<L15+ansi_1
   233 00:0102: 64 0B        	stz	<L15+ansi_1+2
   234 00:0104: 80 E7        	bra	L10004
   235                        L10010:
   236 00:0106: A5 0F        	lda	<L14+fd_0
   237 00:0108: 30 05        	bmi	L16
   238 00:010A: 3A           	dea
   239 00:010B: 3A           	dea
   240 00:010C: 3A           	dea
   241 00:010D: 10 1C        	bpl	L10012
   242                        L16:
   243 00:010F: E2 20        	sep	#$20
   244                        	longa	off
   245 00:0111: A7 05        	lda	[<L15+p_1]
   246 00:0113: C9 0A        	cmp	#<$a
   247 00:0115: C2 20        	rep	#$20
   248                        	longa	on
   249 00:0117: D0 12        	bne	L10012
   250 00:0119: AD xx xx     	lda	|_~debug_char
   251 00:011C: 85 01        	sta	<R0
   252 00:011E: AD xx xx     	lda	|_~debug_char+2
   253 00:0121: 85 03        	sta	<R0+2
   254 00:0123: E2 20        	sep	#$20
   255                        	longa	off
   256 00:0125: A9 0D        	lda	#$d
   257 00:0127: 87 01        	sta	[<R0]
   258 00:0129: C2 20        	rep	#$20
   259                        	longa	on
   260                        L10012:
   261 00:012B: AD xx xx     	lda	|_~debug_char
   262 00:012E: 85 01        	sta	<R0
   263 00:0130: AD xx xx     	lda	|_~debug_char+2
   264 00:0133: 85 03        	sta	<R0+2
   265 00:0135: E2 20        	sep	#$20
   266                        	longa	off
   267 00:0137: A7 05        	lda	[<L15+p_1]
   268 00:0139: 87 01        	sta	[<R0]
   269 00:013B: C2 20        	rep	#$20
   270                        	longa	on
   271 00:013D: E6 05        	inc	<L15+p_1
   272 00:013F: D0 02        	bne	L10008
   273 00:0141: E6 07        	inc	<L15+p_1+2
   274                        L10008:
   275 00:0143: C6 15        	dec	<L14+size_0
   276                        L10011:
   277 00:0145: A9 00 00     	lda	#$0
   278 00:0148: C5 15        	cmp	<L14+size_0
   279 00:014A: 90 BA        	bcc	L10010
  Thu Sep 17 2026 18:02                                                                                                    Page 6


   280 00:014C: A5 09        	lda	<L15+ansi_1
   281 00:014E: 05 0B        	ora	<L15+ansi_1+2
   282 00:0150: F0 0B        	beq	L10013
   283 00:0152: AD xx xx     	lda	|_~ansi_white+2
   284 00:0155: 48           	pha
   285 00:0156: AD xx xx     	lda	|_~ansi_white
   286 00:0159: 48           	pha
   287 00:015A: 20 xx xx     	jsr	_~print_str
   288                        L10013:
   289 00:015D: A5 15        	lda	<L14+size_0
   290 00:015F: A8           	tay
   291 00:0160: A5 0D        	lda	<L14+1
   292 00:0162: 85 15        	sta	<L14+1+8
   293 00:0164: 2B           	pld
   294 00:0165: 3B           	tsc
   295 00:0166: 18           	clc
   296 00:0167: 69 14 00     	adc	#L14+8
   297 00:016A: 1B           	tcs
   298 00:016B: 98           	tya
   299 00:016C: 60           	rts
   300             0000000C   L14	equ	12
   301             00000005   L15	equ	5
   302                        	ends
   303                        	efunc
   304                        	code
   305                        	xdef	_~read
   306                        	func
   307                        _~read:
   308                        	longa	on
   309                        	longi	on
   310 00:016D: 3B           	tsc
   311 00:016E: 38           	sec
   312 00:016F: E9 04 00     	sbc	#L22
   313 00:0172: 1B           	tcs
   314 00:0173: 0B           	phd
   315 00:0174: 5B           	tcd
   316             00000003   fd_0	set	3
   317             00000005   buf_0	set	5
   318             00000009   size_0	set	9
   319 00:0175: AD xx xx     	lda	|_~debug_char
   320 00:0178: 85 01        	sta	<R0
   321 00:017A: AD xx xx     	lda	|_~debug_char+2
   322 00:017D: 85 03        	sta	<R0+2
   323 00:017F: E2 20        	sep	#$20
   324                        	longa	off
   325 00:0181: A7 01        	lda	[<R0]
   326 00:0183: C2 20        	rep	#$20
   327                        	longa	on
   328 00:0185: 29 FF 00     	and	#$ff
   329 00:0188: A8           	tay
   330 00:0189: A5 05        	lda	<L22+1
   331 00:018B: 85 0D        	sta	<L22+1+8
   332 00:018D: 2B           	pld
   333 00:018E: 3B           	tsc
   334 00:018F: 18           	clc
   335 00:0190: 69 0C 00     	adc	#L22+8
   336 00:0193: 1B           	tcs
   337 00:0194: 98           	tya
  Thu Sep 17 2026 18:02                                                                                                    Page 7


   338 00:0195: 60           	rts
   339             00000004   L22	equ	4
   340             00000005   L23	equ	5
   341                        	ends
   342                        	efunc
   343                        	code
   344                        	xdef	_~close
   345                        	func
   346                        _~close:
   347                        	longa	on
   348                        	longi	on
   349 00:0196: 3B           	tsc
   350 00:0197: 38           	sec
   351 00:0198: E9 00 00     	sbc	#L25
   352 00:019B: 1B           	tcs
   353 00:019C: 0B           	phd
   354 00:019D: 5B           	tcd
   355             00000003   fd_0	set	3
   356 00:019E: A9 01 00     	lda	#$1
   357 00:01A1: A8           	tay
   358 00:01A2: A5 01        	lda	<L25+1
   359 00:01A4: 85 03        	sta	<L25+1+2
   360 00:01A6: 2B           	pld
   361 00:01A7: 3B           	tsc
   362 00:01A8: 18           	clc
   363 00:01A9: 69 02 00     	adc	#L25+2
   364 00:01AC: 1B           	tcs
   365 00:01AD: 98           	tya
   366 00:01AE: 60           	rts
   367             00000000   L25	equ	0
   368             00000001   L26	equ	1
   369                        	ends
   370                        	efunc
   371                        	code
   372                        	xdef	_~open
   373                        	func
   374                        _~open:
   375                        	longa	on
   376                        	longi	on
   377 00:01AF: 3B           	tsc
   378 00:01B0: 38           	sec
   379 00:01B1: E9 00 00     	sbc	#L28
   380 00:01B4: 1B           	tcs
   381 00:01B5: 0B           	phd
   382 00:01B6: 5B           	tcd
   383             00000003   _name_0	set	3
   384             00000007   _mode_0	set	7
   385 00:01B7: D4 07        	pei	<L28+_mode_0
   386 00:01B9: D4 05        	pei	<L28+_name_0+2
   387 00:01BB: D4 03        	pei	<L28+_name_0
   388 00:01BD: F4 xx xx     	pea	#^L8
   389 00:01C0: F4 xx xx     	pea	#<L8
   390 00:01C3: F4 0C 00     	pea	#12
   391 00:01C6: 20 xx xx     	jsr	_~debug
   392 00:01C9: A9 01 00     	lda	#$1
   393 00:01CC: A8           	tay
   394 00:01CD: A5 01        	lda	<L28+1
   395 00:01CF: 85 07        	sta	<L28+1+6
  Thu Sep 17 2026 18:02                                                                                                    Page 8


   396 00:01D1: 2B           	pld
   397 00:01D2: 3B           	tsc
   398 00:01D3: 18           	clc
   399 00:01D4: 69 06 00     	adc	#L28+6
   400 00:01D7: 1B           	tcs
   401 00:01D8: 98           	tya
   402 00:01D9: 60           	rts
   403             00000000   L28	equ	0
   404             00000001   L29	equ	1
   405                        	ends
   406                        	efunc
   407                        	data
   408                        L8:
   409 00:0028: 6F 70 65 6E  	db	$6F,$70,$65,$6E,$20,$63,$61,$6C,$6C,$65,$64,$20,$6E,$61,$6D
       00:002C: 20 63 61 6C 
       00:0030: 6C 65 64 20 
       00:0034: 6E 61 6D 
   410 00:0037: 65 3A 25 73  	db	$65,$3A,$25,$73,$2C,$20,$6D,$6F,$64,$65,$3A,$25,$64,$0A,$00
       00:003B: 2C 20 6D 6F 
       00:003F: 64 65 3A 25 
       00:0043: 64 0A 00 
   411 00:0046:              	ends
   412                        	code
   413                        	xdef	_~isatty
   414                        	func
   415                        _~isatty:
   416                        	longa	on
   417                        	longi	on
   418 00:01DA: 3B           	tsc
   419 00:01DB: 38           	sec
   420 00:01DC: E9 00 00     	sbc	#L32
   421 00:01DF: 1B           	tcs
   422 00:01E0: 0B           	phd
   423 00:01E1: 5B           	tcd
   424             00000003   fd_0	set	3
   425 00:01E2: D4 03        	pei	<L32+fd_0
   426 00:01E4: F4 xx xx     	pea	#^L31
   427 00:01E7: F4 xx xx     	pea	#<L31
   428 00:01EA: F4 08 00     	pea	#8
   429 00:01ED: 20 xx xx     	jsr	_~debug
   430 00:01F0: A9 01 00     	lda	#$1
   431 00:01F3: A8           	tay
   432 00:01F4: A5 01        	lda	<L32+1
   433 00:01F6: 85 03        	sta	<L32+1+2
   434 00:01F8: 2B           	pld
   435 00:01F9: 3B           	tsc
   436 00:01FA: 18           	clc
   437 00:01FB: 69 02 00     	adc	#L32+2
   438 00:01FE: 1B           	tcs
   439 00:01FF: 98           	tya
   440 00:0200: 60           	rts
   441             00000000   L32	equ	0
   442             00000001   L33	equ	1
   443                        	ends
   444                        	efunc
   445                        	data
   446                        L31:
   447 00:0046: 69 73 61 74  	db	$69,$73,$61,$74,$74,$79,$20,$63,$61,$6C,$6C,$65,$64,$20,$66
  Thu Sep 17 2026 18:02                                                                                                    Page 9


       00:004A: 74 79 20 63 
       00:004E: 61 6C 6C 65 
       00:0052: 64 20 66 
   448 00:0055: 64 3A 25 64  	db	$64,$3A,$25,$64,$0A,$00
       00:0059: 0A 00 
   449 00:005B:              	ends
   450                        	code
   451                        	xdef	_~lseek
   452                        	func
   453                        _~lseek:
   454                        	longa	on
   455                        	longi	on
   456 00:0201: 3B           	tsc
   457 00:0202: 38           	sec
   458 00:0203: E9 00 00     	sbc	#L36
   459 00:0206: 1B           	tcs
   460 00:0207: 0B           	phd
   461 00:0208: 5B           	tcd
   462             00000003   fd_0	set	3
   463             00000005   offset_0	set	5
   464             00000009   whence_0	set	9
   465 00:0209: D4 09        	pei	<L36+whence_0
   466 00:020B: D4 07        	pei	<L36+offset_0+2
   467 00:020D: D4 05        	pei	<L36+offset_0
   468 00:020F: D4 03        	pei	<L36+fd_0
   469 00:0211: F4 xx xx     	pea	#^L35
   470 00:0214: F4 xx xx     	pea	#<L35
   471 00:0217: F4 0E 00     	pea	#14
   472 00:021A: 20 xx xx     	jsr	_~debug
   473 00:021D: A9 00 00     	lda	#$0
   474 00:0220: AA           	tax
   475 00:0221: 1A           	ina
   476 00:0222: A8           	tay
   477 00:0223: A5 01        	lda	<L36+1
   478 00:0225: 85 09        	sta	<L36+1+8
   479 00:0227: 2B           	pld
   480 00:0228: 3B           	tsc
   481 00:0229: 18           	clc
   482 00:022A: 69 08 00     	adc	#L36+8
   483 00:022D: 1B           	tcs
   484 00:022E: 98           	tya
   485 00:022F: 60           	rts
   486             00000000   L36	equ	0
   487             00000001   L37	equ	1
   488                        	ends
   489                        	efunc
   490                        	data
   491                        L35:
   492 00:005B: 6C 73 65 65  	db	$6C,$73,$65,$65,$6B,$20,$63,$61,$6C,$6C,$65,$64,$20,$66,$64
       00:005F: 6B 20 63 61 
       00:0063: 6C 6C 65 64 
       00:0067: 20 66 64 
   493 00:006A: 3A 25 64 2C  	db	$3A,$25,$64,$2C,$20,$6F,$66,$66,$73,$65,$74,$3A,$25,$64,$2C
       00:006E: 20 6F 66 66 
       00:0072: 73 65 74 3A 
       00:0076: 25 64 2C 
   494 00:0079: 20 77 68 65  	db	$20,$77,$68,$65,$6E,$63,$65,$3A,$25,$64,$0A,$00
       00:007D: 6E 63 65 3A 
  Thu Sep 17 2026 18:02                                                                                                    Page 10


       00:0081: 25 64 0A 00 
   495 00:0085:              	ends
   496                        ;#endif
   497                        ;
   498                        ;#ifdef __CALYPSI__
   499                        ;#include "calypsi_misc.h"
   500                        ;#endif
   501                        ;
   502                        ;int main (int argc, char** argv) {
   503                        	code
   504                        	xdef	_~main
   505                        	func
   506                        _~main:
   507                        	longa	on
   508                        	longi	on
   509 00:0230: 3B           	tsc
   510 00:0231: 38           	sec
   511 00:0232: E9 04 00     	sbc	#L40
   512 00:0235: 1B           	tcs
   513 00:0236: 0B           	phd
   514 00:0237: 5B           	tcd
   515             00000003   argc_0	set	3
   516             00000005   argv_0	set	5
   517                        ;
   518                        ;	void *p = (void *)0xff;
   519                        ;	/*
   520                        ;	setvbuf(stdout, NULL, _IONBF, 0);
   521                        ;	setvbuf(stderr, NULL, _IONBF, 0);
   522                        ;	setvbuf(stdin, NULL, _IONBF, 0);
   523                        ;	*/
   524                        ;	/*
   525                        ;	fprintf(stderr, "Hallo Welt mit WDC nach stderr!\n");
   526                        ;    fprintf(stdout, "Hallo Welt mit WDC nach stdout!\n");
   527                        ;
   528                        ;	printf("heap_start: %p\n", heap_start);
   529                        ;    printf("size char: %d \n", sizeof(char));
   530                        ;    printf("size int: %d \n", sizeof(int));
   531                        ;    printf("size short: %d \n", sizeof(short));
   532                        ;    printf("size size_t: %d \n", sizeof(size_t));
   533                        ;    printf("size long: %d \n", sizeof(long));
   534                        ;    printf("size char*: %d \n", sizeof(char*));
   535                        ;*/
   536                        ;	monitor();
   537             00000000   p_1	set	0
   538 00:0238: A9 FF 00     	lda	#$ff
   539 00:023B: 85 01        	sta	<L41+p_1
   540 00:023D: A9 00 00     	lda	#$0
   541 00:0240: 85 03        	sta	<L41+p_1+2
   542 00:0242: 20 xx xx     	jsr	_~monitor
   543                        ;	
   544                        ;    return 0;
   545 00:0245: A9 00 00     	lda	#$0
   546 00:0248: A8           	tay
   547 00:0249: A5 05        	lda	<L40+1
   548 00:024B: 85 0B        	sta	<L40+1+6
   549 00:024D: 2B           	pld
   550 00:024E: 3B           	tsc
   551 00:024F: 18           	clc
  Thu Sep 17 2026 18:02                                                                                                    Page 11


   552 00:0250: 69 0A 00     	adc	#L40+6
   553 00:0253: 1B           	tcs
   554 00:0254: 98           	tya
   555 00:0255: 60           	rts
   556                        ;}
   557             00000004   L40	equ	4
   558             00000001   L41	equ	1
   559                        	ends
   560                        	efunc
   561                        ;
   562                        	xref	_~strlen
   563                        	xref	_~monitor
   564                        	xref	_~malloc
   565                        	xref	_~free
   566                        	xref	_~vsprintf
   567                        	xref	_~ansi_yellow
   568                        	xref	_~ansi_red
   569                        	xref	_~ansi_white
   570                        	xref	_~debug_char


      Lines assembled: 570
      Errors: 0
