  Sun Sep 20 2026 11:13                                                                                                    Page 1


                                               ***************************************
                                               **      WDC 65C816 Macro Assembler   **
                                               **                                   **
                                               **     Version 3.49.1- Feb  6 2006    **
                                               ***************************************

     1                        ;:ts=8
     2             00000001   R0	equ	1
     3             00000005   R1	equ	5
     4             00000009   R2	equ	9
     5             0000000D   R3	equ	13
     6                        ;#include <stdio.h>
     7                        ;#include <ctype.h>
     8                        ;#include "monitor.h"
     9                        ;
    10                        ;volatile char* debug_char = (volatile char *) 0xfffff0;
    11                        	data
    12                        	xdef	_~debug_char
    13                        _~debug_char:
    14 00:0000: F0 FF FF 00  	dl	$FFFFF0
    15 00:0004:              	ends
    16                        ;volatile char* debug_hex  = (volatile char *) 0xfffff1;
    17                        	data
    18                        	xdef	_~debug_hex
    19                        _~debug_hex:
    20 00:0004: F1 FF FF 00  	dl	$FFFFF1
    21 00:0008:              	ends
    22                        ;volatile char* debug_reset  = (volatile char *) 0xfffff2;
    23                        	data
    24                        	xdef	_~debug_reset
    25                        _~debug_reset:
    26 00:0008: F2 FF FF 00  	dl	$FFFFF2
    27 00:000C:              	ends
    28                        ;
    29                        ;const char *ansi_white = "\033[0m";
    30                        	data
    31                        	xdef	_~ansi_white
    32                        _~ansi_white:
    33 00:000C: xx xx xx xx  	dl	L1+0
    34 00:0010:              	ends
    35                        	data
    36                        L1:
    37 00:0010: 1B 5B 30 6D  	db	$1B,$5B,$30,$6D,$00
       00:0014: 00 
    38 00:0015:              	ends
    39                        ;const char *ansi_red = "\033[31m";
    40                        	data
    41                        	xdef	_~ansi_red
    42                        _~ansi_red:
    43 00:0015: xx xx xx xx  	dl	L2+0
    44 00:0019:              	ends
    45                        	data
    46                        L2:
    47 00:0019: 1B 5B 33 31  	db	$1B,$5B,$33,$31,$6D,$00
       00:001D: 6D 00 
    48 00:001F:              	ends
    49                        ;const char *ansi_yellow = "\033[33;1m";
    50                        	data
  Sun Sep 20 2026 11:13                                                                                                    Page 2


    51                        	xdef	_~ansi_yellow
    52                        _~ansi_yellow:
    53 00:001F: xx xx xx xx  	dl	L3+0
    54 00:0023:              	ends
    55                        	data
    56                        L3:
    57 00:0023: 1B 5B 33 33  	db	$1B,$5B,$33,$33,$3B,$31,$6D,$00
       00:0027: 3B 31 6D 00 
    58 00:002B:              	ends
    59                        ;const char *ansi_clrhome = "\033[2J\033[H";
    60                        	data
    61                        	xdef	_~ansi_clrhome
    62                        _~ansi_clrhome:
    63 00:002B: xx xx xx xx  	dl	L4+0
    64 00:002F:              	ends
    65                        	data
    66                        L4:
    67 00:002F: 1B 5B 32 4A  	db	$1B,$5B,$32,$4A,$1B,$5B,$48,$00
       00:0033: 1B 5B 48 00 
    68 00:0037:              	ends
    69                        ;
    70                        ;const char * stars = "**************************************";
    71                        	data
    72                        	xdef	_~stars
    73                        _~stars:
    74 00:0037: xx xx xx xx  	dl	L5+0
    75 00:003B:              	ends
    76                        	data
    77                        L5:
    78 00:003B: 2A 2A 2A 2A  	db	$2A,$2A,$2A,$2A,$2A,$2A,$2A,$2A,$2A,$2A,$2A,$2A,$2A,$2A,$2A
       00:003F: 2A 2A 2A 2A 
       00:0043: 2A 2A 2A 2A 
       00:0047: 2A 2A 2A 
    79 00:004A: 2A 2A 2A 2A  	db	$2A,$2A,$2A,$2A,$2A,$2A,$2A,$2A,$2A,$2A,$2A,$2A,$2A,$2A,$2A
       00:004E: 2A 2A 2A 2A 
       00:0052: 2A 2A 2A 2A 
       00:0056: 2A 2A 2A 
    80 00:0059: 2A 2A 2A 2A  	db	$2A,$2A,$2A,$2A,$2A,$2A,$2A,$2A,$00
       00:005D: 2A 2A 2A 2A 
       00:0061: 00 
    81 00:0062:              	ends
    82                        ;
    83                        ;static char *ptr = NULL;
    84                        	data
    85                        _~ptr:
    86 00:0062: 00 00 00 00  	dl	$0
    87 00:0066:              	ends
    88                        ;
    89                        ;#ifdef __WDC__
    90                        ;#include "wdc_misc.h"
    91                        	data
    92                        	xdef	_~far_heap_start
    93                        _~far_heap_start:
    94 00:0066: 00 00 01 00  	dl	$10000
    95 00:006A:              	ends
    96                        	data
    97                        	xdef	_~far_heap_end
    98                        _~far_heap_end:
  Sun Sep 20 2026 11:13                                                                                                    Page 3


    99 00:006A: FF FF 02 00  	dl	$2FFFF
   100 00:006E:              	ends
   101                        	data
   102                        	xdef	_~heap_start
   103                        _~heap_start:
   104 00:006E: 00 00 03 00  	dl	$30000
   105 00:0072:              	ends
   106                        	data
   107                        	xdef	_~heap_end
   108                        _~heap_end:
   109 00:0072: FF FF 03 00  	dl	$3FFFF
   110 00:0076:              	ends
   111                        	asmstart
   112 00:0000: 18           	clc
   113 00:0001: FB           	xce
   114 00:0002: C2 30        	rep #$30
   115 00:0004: A9 DF FD     	lda #$fddf
   116 00:0007: 1B           	tcs
   117 00:0008: A9 00 80     	lda #$8000
   118 00:000B: 5B           	tcd
   119 00:000C: 4C xx xx     	jmp _~main
   120                        	asmend
   121                        ;#endif
   122                        ;
   123                        ;void print_welcome() {
   124                        	code
   125                        	xdef	_~print_welcome
   126                        	func
   127                        _~print_welcome:
   128                        	longa	on
   129                        	longi	on
   130                        ;	printf("\n");
   131 00:000F: F4 xx xx     	pea	#^L6
   132 00:0012: F4 xx xx     	pea	#<L6
   133 00:0015: F4 06 00     	pea	#6
   134 00:0018: 20 xx xx     	jsr	_~printf
   135                        ;    printf("%s\n", stars);
   136 00:001B: AD xx xx     	lda	|_~stars+2
   137 00:001E: 48           	pha
   138 00:001F: AD xx xx     	lda	|_~stars
   139 00:0022: 48           	pha
   140 00:0023: F4 xx xx     	pea	#^L6+2
   141 00:0026: F4 xx xx     	pea	#<L6+2
   142 00:0029: F4 0A 00     	pea	#10
   143 00:002C: 20 xx xx     	jsr	_~printf
   144                        ;	printf("* 65816 Monitor (c) by R. Scholz     *\n");
   145 00:002F: F4 xx xx     	pea	#^L6+6
   146 00:0032: F4 xx xx     	pea	#<L6+6
   147 00:0035: F4 06 00     	pea	#6
   148 00:0038: 20 xx xx     	jsr	_~printf
   149                        ;    printf("%s\n\n", stars);
   150 00:003B: AD xx xx     	lda	|_~stars+2
   151 00:003E: 48           	pha
   152 00:003F: AD xx xx     	lda	|_~stars
   153 00:0042: 48           	pha
   154 00:0043: F4 xx xx     	pea	#^L6+46
   155 00:0046: F4 xx xx     	pea	#<L6+46
   156 00:0049: F4 0A 00     	pea	#10
  Sun Sep 20 2026 11:13                                                                                                    Page 4


   157 00:004C: 20 xx xx     	jsr	_~printf
   158                        ;	
   159                        ;	printf("a - set address\n");
   160 00:004F: F4 xx xx     	pea	#^L6+51
   161 00:0052: F4 xx xx     	pea	#<L6+51
   162 00:0055: F4 06 00     	pea	#6
   163 00:0058: 20 xx xx     	jsr	_~printf
   164                        ;	printf("b - set bank\n");
   165 00:005B: F4 xx xx     	pea	#^L6+68
   166 00:005E: F4 xx xx     	pea	#<L6+68
   167 00:0061: F4 06 00     	pea	#6
   168 00:0064: 20 xx xx     	jsr	_~printf
   169                        ;	printf("c - change memory\n");
   170 00:0067: F4 xx xx     	pea	#^L6+82
   171 00:006A: F4 xx xx     	pea	#<L6+82
   172 00:006D: F4 06 00     	pea	#6
   173 00:0070: 20 xx xx     	jsr	_~printf
   174                        ;	printf("d - dump  memory\n");
   175 00:0073: F4 xx xx     	pea	#^L6+101
   176 00:0076: F4 xx xx     	pea	#<L6+101
   177 00:0079: F4 06 00     	pea	#6
   178 00:007C: 20 xx xx     	jsr	_~printf
   179                        ;	printf("l - disassemble memory a8\n");
   180 00:007F: F4 xx xx     	pea	#^L6+119
   181 00:0082: F4 xx xx     	pea	#<L6+119
   182 00:0085: F4 06 00     	pea	#6
   183 00:0088: 20 xx xx     	jsr	_~printf
   184                        ;	printf("m - disassemble memory a16\n");
   185 00:008B: F4 xx xx     	pea	#^L6+146
   186 00:008E: F4 xx xx     	pea	#<L6+146
   187 00:0091: F4 06 00     	pea	#6
   188 00:0094: 20 xx xx     	jsr	_~printf
   189                        ;	printf("r - RTOS 0x01:0000\n");
   190 00:0097: F4 xx xx     	pea	#^L6+174
   191 00:009A: F4 xx xx     	pea	#<L6+174
   192 00:009D: F4 06 00     	pea	#6
   193 00:00A0: 20 xx xx     	jsr	_~printf
   194                        ;	printf("x - exit emulator\n");
   195 00:00A3: F4 xx xx     	pea	#^L6+194
   196 00:00A6: F4 xx xx     	pea	#<L6+194
   197 00:00A9: F4 06 00     	pea	#6
   198 00:00AC: 20 xx xx     	jsr	_~printf
   199                        ;	printf("z - reset\n");	
   200 00:00AF: F4 xx xx     	pea	#^L6+213
   201 00:00B2: F4 xx xx     	pea	#<L6+213
   202 00:00B5: F4 06 00     	pea	#6
   203 00:00B8: 20 xx xx     	jsr	_~printf
   204                        ;	printf("? - this message\n");
   205 00:00BB: F4 xx xx     	pea	#^L6+224
   206 00:00BE: F4 xx xx     	pea	#<L6+224
   207 00:00C1: F4 06 00     	pea	#6
   208 00:00C4: 20 xx xx     	jsr	_~printf
   209                        ;}
   210 00:00C7: 60           	rts
   211             00000000   L7	equ	0
   212             00000001   L8	equ	1
   213                        	ends
   214                        	efunc
  Sun Sep 20 2026 11:13                                                                                                    Page 5


   215                        	data
   216                        L6:
   217 00:0076: 0A 00 25 73  	db	$0A,$00,$25,$73,$0A,$00,$2A,$20,$36,$35,$38,$31,$36,$20,$4D
       00:007A: 0A 00 2A 20 
       00:007E: 36 35 38 31 
       00:0082: 36 20 4D 
   218 00:0085: 6F 6E 69 74  	db	$6F,$6E,$69,$74,$6F,$72,$20,$28,$63,$29,$20,$62,$79,$20,$52
       00:0089: 6F 72 20 28 
       00:008D: 63 29 20 62 
       00:0091: 79 20 52 
   219 00:0094: 2E 20 53 63  	db	$2E,$20,$53,$63,$68,$6F,$6C,$7A,$20,$20,$20,$20,$20,$2A,$0A
       00:0098: 68 6F 6C 7A 
       00:009C: 20 20 20 20 
       00:00A0: 20 2A 0A 
   220 00:00A3: 00 25 73 0A  	db	$00,$25,$73,$0A,$0A,$00,$61,$20,$2D,$20,$73,$65,$74,$20,$61
       00:00A7: 0A 00 61 20 
       00:00AB: 2D 20 73 65 
       00:00AF: 74 20 61 
   221 00:00B2: 64 64 72 65  	db	$64,$64,$72,$65,$73,$73,$0A,$00,$62,$20,$2D,$20,$73,$65,$74
       00:00B6: 73 73 0A 00 
       00:00BA: 62 20 2D 20 
       00:00BE: 73 65 74 
   222 00:00C1: 20 62 61 6E  	db	$20,$62,$61,$6E,$6B,$0A,$00,$63,$20,$2D,$20,$63,$68,$61,$6E
       00:00C5: 6B 0A 00 63 
       00:00C9: 20 2D 20 63 
       00:00CD: 68 61 6E 
   223 00:00D0: 67 65 20 6D  	db	$67,$65,$20,$6D,$65,$6D,$6F,$72,$79,$0A,$00,$64,$20,$2D,$20
       00:00D4: 65 6D 6F 72 
       00:00D8: 79 0A 00 64 
       00:00DC: 20 2D 20 
   224 00:00DF: 64 75 6D 70  	db	$64,$75,$6D,$70,$20,$20,$6D,$65,$6D,$6F,$72,$79,$0A,$00,$6C
       00:00E3: 20 20 6D 65 
       00:00E7: 6D 6F 72 79 
       00:00EB: 0A 00 6C 
   225 00:00EE: 20 2D 20 64  	db	$20,$2D,$20,$64,$69,$73,$61,$73,$73,$65,$6D,$62,$6C,$65,$20
       00:00F2: 69 73 61 73 
       00:00F6: 73 65 6D 62 
       00:00FA: 6C 65 20 
   226 00:00FD: 6D 65 6D 6F  	db	$6D,$65,$6D,$6F,$72,$79,$20,$61,$38,$0A,$00,$6D,$20,$2D,$20
       00:0101: 72 79 20 61 
       00:0105: 38 0A 00 6D 
       00:0109: 20 2D 20 
   227 00:010C: 64 69 73 61  	db	$64,$69,$73,$61,$73,$73,$65,$6D,$62,$6C,$65,$20,$6D,$65,$6D
       00:0110: 73 73 65 6D 
       00:0114: 62 6C 65 20 
       00:0118: 6D 65 6D 
   228 00:011B: 6F 72 79 20  	db	$6F,$72,$79,$20,$61,$31,$36,$0A,$00,$72,$20,$2D,$20,$52,$54
       00:011F: 61 31 36 0A 
       00:0123: 00 72 20 2D 
       00:0127: 20 52 54 
   229 00:012A: 4F 53 20 30  	db	$4F,$53,$20,$30,$78,$30,$31,$3A,$30,$30,$30,$30,$0A,$00,$78
       00:012E: 78 30 31 3A 
       00:0132: 30 30 30 30 
       00:0136: 0A 00 78 
   230 00:0139: 20 2D 20 65  	db	$20,$2D,$20,$65,$78,$69,$74,$20,$65,$6D,$75,$6C,$61,$74,$6F
       00:013D: 78 69 74 20 
       00:0141: 65 6D 75 6C 
       00:0145: 61 74 6F 
  Sun Sep 20 2026 11:13                                                                                                    Page 6


   231 00:0148: 72 0A 00 7A  	db	$72,$0A,$00,$7A,$20,$2D,$20,$72,$65,$73,$65,$74,$0A,$00,$3F
       00:014C: 20 2D 20 72 
       00:0150: 65 73 65 74 
       00:0154: 0A 00 3F 
   232 00:0157: 20 2D 20 74  	db	$20,$2D,$20,$74,$68,$69,$73,$20,$6D,$65,$73,$73,$61,$67,$65
       00:015B: 68 69 73 20 
       00:015F: 6D 65 73 73 
       00:0163: 61 67 65 
   233 00:0166: 0A 00        	db	$0A,$00
   234 00:0168:              	ends
   235                        ;
   236                        ;char charin() {
   237                        	code
   238                        	xdef	_~charin
   239                        	func
   240                        _~charin:
   241                        	longa	on
   242                        	longi	on
   243 00:00C8: 3B           	tsc
   244 00:00C9: 38           	sec
   245 00:00CA: E9 04 00     	sbc	#L11
   246 00:00CD: 1B           	tcs
   247 00:00CE: 0B           	phd
   248 00:00CF: 5B           	tcd
   249                        ;	return *debug_char;
   250 00:00D0: AD xx xx     	lda	|_~debug_char
   251 00:00D3: 85 01        	sta	<R0
   252 00:00D5: AD xx xx     	lda	|_~debug_char+2
   253 00:00D8: 85 03        	sta	<R0+2
   254 00:00DA: E2 20        	sep	#$20
   255                        	longa	off
   256 00:00DC: A7 01        	lda	[<R0]
   257 00:00DE: C2 20        	rep	#$20
   258                        	longa	on
   259 00:00E0: 29 FF 00     	and	#$ff
   260 00:00E3: A8           	tay
   261 00:00E4: 2B           	pld
   262 00:00E5: 3B           	tsc
   263 00:00E6: 18           	clc
   264 00:00E7: 69 04 00     	adc	#L11
   265 00:00EA: 1B           	tcs
   266 00:00EB: 98           	tya
   267 00:00EC: 60           	rts
   268                        ;}
   269             00000004   L11	equ	4
   270             00000005   L12	equ	5
   271                        	ends
   272                        	efunc
   273                        ;
   274                        ;char getnibble() {
   275                        	code
   276                        	xdef	_~getnibble
   277                        	func
   278                        _~getnibble:
   279                        	longa	on
   280                        	longi	on
   281 00:00ED: 3B           	tsc
   282 00:00EE: 38           	sec
  Sun Sep 20 2026 11:13                                                                                                    Page 7


   283 00:00EF: E9 0A 00     	sbc	#L14
   284 00:00F2: 1B           	tcs
   285 00:00F3: 0B           	phd
   286 00:00F4: 5B           	tcd
   287                        ;	char c, b;
   288                        ;	
   289                        ;	for(;;) {
   290             00000000   c_1	set	0
   291             00000001   b_1	set	1
   292                        L10003:
   293                        ;		c = charin();
   294 00:00F5: 20 xx xx     	jsr	_~charin
   295 00:00F8: E2 20        	sep	#$20
   296                        	longa	off
   297 00:00FA: 85 09        	sta	<L15+c_1
   298                        ;		if (c >= '0' && c <= '9') {
   299 00:00FC: C9 30        	cmp	#<$30
   300 00:00FE: C2 20        	rep	#$20
   301                        	longa	on
   302 00:0100: 90 3A        	bcc	L10004
   303 00:0102: E2 20        	sep	#$20
   304                        	longa	off
   305 00:0104: A9 39        	lda	#$39
   306 00:0106: C5 09        	cmp	<L15+c_1
   307 00:0108: C2 20        	rep	#$20
   308                        	longa	on
   309 00:010A: 90 30        	bcc	L10004
   310                        ;			b = c - '0';
   311 00:010C: A5 09        	lda	<L15+c_1
   312 00:010E: 29 FF 00     	and	#$ff
   313 00:0111: 18           	clc
   314 00:0112: 69 D0 FF     	adc	#$ffd0
   315 00:0115: E2 20        	sep	#$20
   316                        	longa	off
   317 00:0117: 85 0A        	sta	<L15+b_1
   318 00:0119: C2 20        	rep	#$20
   319                        	longa	on
   320                        ;			break;
   321                        L10002:
   322                        ;	
   323                        ;	printf("%c", c);
   324 00:011B: A5 09        	lda	<L15+c_1
   325 00:011D: 29 FF 00     	and	#$ff
   326 00:0120: 48           	pha
   327 00:0121: F4 xx xx     	pea	#^L10
   328 00:0124: F4 xx xx     	pea	#<L10
   329 00:0127: F4 08 00     	pea	#8
   330 00:012A: 20 xx xx     	jsr	_~printf
   331                        ;	//fflush(stdout);
   332                        ;	
   333                        ;	return b;
   334 00:012D: A5 0A        	lda	<L15+b_1
   335 00:012F: 29 FF 00     	and	#$ff
   336 00:0132: A8           	tay
   337 00:0133: 2B           	pld
   338 00:0134: 3B           	tsc
   339 00:0135: 18           	clc
   340 00:0136: 69 0A 00     	adc	#L14
  Sun Sep 20 2026 11:13                                                                                                    Page 8


   341 00:0139: 1B           	tcs
   342 00:013A: 98           	tya
   343 00:013B: 60           	rts
   344                        ;		}
   345                        ;		if (c >= 'a' && c <= 'f') {
   346                        L10004:
   347 00:013C: E2 20        	sep	#$20
   348                        	longa	off
   349 00:013E: A5 09        	lda	<L15+c_1
   350 00:0140: C9 61        	cmp	#<$61
   351 00:0142: C2 20        	rep	#$20
   352                        	longa	on
   353 00:0144: 90 AF        	bcc	L10003
   354 00:0146: E2 20        	sep	#$20
   355                        	longa	off
   356 00:0148: A9 66        	lda	#$66
   357 00:014A: C5 09        	cmp	<L15+c_1
   358 00:014C: C2 20        	rep	#$20
   359                        	longa	on
   360 00:014E: 90 A5        	bcc	L10003
   361                        ;			b = c - 'a' + 10;
   362 00:0150: A5 09        	lda	<L15+c_1
   363 00:0152: 29 FF 00     	and	#$ff
   364 00:0155: 18           	clc
   365 00:0156: 69 A9 FF     	adc	#$ffa9
   366 00:0159: E2 20        	sep	#$20
   367                        	longa	off
   368 00:015B: 85 0A        	sta	<L15+b_1
   369 00:015D: C2 20        	rep	#$20
   370                        	longa	on
   371                        ;			break;
   372 00:015F: 80 BA        	bra	L10002
   373                        ;		}
   374                        ;	}
   375                        ;
   376                        ;}
   377             0000000A   L14	equ	10
   378             00000009   L15	equ	9
   379                        	ends
   380                        	efunc
   381                        	data
   382                        L10:
   383 00:0168: 25 63 00     	db	$25,$63,$00
   384 00:016B:              	ends
   385                        ;
   386                        ;char getbyte() {
   387                        	code
   388                        	xdef	_~getbyte
   389                        	func
   390                        _~getbyte:
   391                        	longa	on
   392                        	longi	on
   393 00:0161: 3B           	tsc
   394 00:0162: 38           	sec
   395 00:0163: E9 05 00     	sbc	#L22
   396 00:0166: 1B           	tcs
   397 00:0167: 0B           	phd
   398 00:0168: 5B           	tcd
  Sun Sep 20 2026 11:13                                                                                                    Page 9


   399                        ;	char c;
   400                        ;
   401                        ;	c = getnibble() << 4;
   402             00000000   c_1	set	0
   403 00:0169: 20 xx xx     	jsr	_~getnibble
   404 00:016C: E2 20        	sep	#$20
   405                        	longa	off
   406 00:016E: 0A           	asl	A
   407 00:016F: 0A           	asl	A
   408 00:0170: 0A           	asl	A
   409 00:0171: 0A           	asl	A
   410 00:0172: 85 05        	sta	<L23+c_1
   411 00:0174: C2 20        	rep	#$20
   412                        	longa	on
   413                        ;	c += getnibble();
   414 00:0176: 20 xx xx     	jsr	_~getnibble
   415 00:0179: E2 20        	sep	#$20
   416                        	longa	off
   417 00:017B: 18           	clc
   418 00:017C: 65 05        	adc	<L23+c_1
   419 00:017E: 85 05        	sta	<L23+c_1
   420 00:0180: C2 20        	rep	#$20
   421                        	longa	on
   422                        ;	
   423                        ;	return c;
   424 00:0182: A5 05        	lda	<L23+c_1
   425 00:0184: 29 FF 00     	and	#$ff
   426 00:0187: A8           	tay
   427 00:0188: 2B           	pld
   428 00:0189: 3B           	tsc
   429 00:018A: 18           	clc
   430 00:018B: 69 05 00     	adc	#L22
   431 00:018E: 1B           	tcs
   432 00:018F: 98           	tya
   433 00:0190: 60           	rts
   434                        ;}
   435             00000005   L22	equ	5
   436             00000005   L23	equ	5
   437                        	ends
   438                        	efunc
   439                        ;
   440                        ;void print_adr(char *p) {
   441                        	code
   442                        	xdef	_~print_adr
   443                        	func
   444                        _~print_adr:
   445                        	longa	on
   446                        	longi	on
   447 00:0191: 3B           	tsc
   448 00:0192: 38           	sec
   449 00:0193: E9 0C 00     	sbc	#L25
   450 00:0196: 1B           	tcs
   451 00:0197: 0B           	phd
   452 00:0198: 5B           	tcd
   453             00000003   p_0	set	3
   454                        ;	unsigned long l = (unsigned long)p;
   455                        ;	
   456                        ;    printf("%02x:%04x", (char)(l >> 16), (unsigned int)(l & 0xffff));
  Sun Sep 20 2026 11:13                                                                                                    Page 10


   457             00000000   l_1	set	0
   458 00:0199: A5 0F        	lda	<L25+p_0
   459 00:019B: 85 09        	sta	<L26+l_1
   460 00:019D: A5 11        	lda	<L25+p_0+2
   461 00:019F: 85 0B        	sta	<L26+l_1+2
   462 00:01A1: A5 09        	lda	<L26+l_1
   463 00:01A3: 85 01        	sta	<R0
   464 00:01A5: 64 03        	stz	<R0+2
   465 00:01A7: D4 01        	pei	<R0
   466 00:01A9: D4 0B        	pei	<L26+l_1+2
   467 00:01AB: D4 09        	pei	<L26+l_1
   468 00:01AD: A9 10 00     	lda	#$10
   469                        	xref	_~~llsr
   470 00:01B0: 20 xx xx     	jsr	_~~llsr
   471 00:01B3: 86 07        	stx	<R1+2
   472 00:01B5: 29 FF 00     	and	#$ff
   473 00:01B8: 48           	pha
   474 00:01B9: F4 xx xx     	pea	#^L21
   475 00:01BC: F4 xx xx     	pea	#<L21
   476 00:01BF: F4 0A 00     	pea	#10
   477 00:01C2: 20 xx xx     	jsr	_~printf
   478                        ;}
   479 00:01C5: A5 0D        	lda	<L25+1
   480 00:01C7: 85 11        	sta	<L25+1+4
   481 00:01C9: 2B           	pld
   482 00:01CA: 3B           	tsc
   483 00:01CB: 18           	clc
   484 00:01CC: 69 10 00     	adc	#L25+4
   485 00:01CF: 1B           	tcs
   486 00:01D0: 60           	rts
   487             0000000C   L25	equ	12
   488             00000009   L26	equ	9
   489                        	ends
   490                        	efunc
   491                        	data
   492                        L21:
   493 00:016B: 25 30 32 78  	db	$25,$30,$32,$78,$3A,$25,$30,$34,$78,$00
       00:016F: 3A 25 30 34 
       00:0173: 78 00 
   494 00:0175:              	ends
   495                        ;
   496                        ;void print_prompt() {
   497                        	code
   498                        	xdef	_~print_prompt
   499                        	func
   500                        _~print_prompt:
   501                        	longa	on
   502                        	longi	on
   503 00:01D1: 3B           	tsc
   504 00:01D2: 38           	sec
   505 00:01D3: E9 07 00     	sbc	#L29
   506 00:01D6: 1B           	tcs
   507 00:01D7: 0B           	phd
   508 00:01D8: 5B           	tcd
   509                        ;	unsigned int stackptr;
   510                        ;	unsigned int direct;
   511                        ;	char db;
   512                        ;	char flags;
  Sun Sep 20 2026 11:13                                                                                                    Page 11


   513                        ;	char program_bank;
   514                        ;
   515                        ;#ifdef __WDC__
   516                        ;	#asm
   517             00000000   stackptr_1	set	0
   518             00000002   direct_1	set	2
   519             00000004   db_1	set	4
   520             00000005   flags_1	set	5
   521             00000006   program_bank_1	set	6
   522                        ;	php
   523                        ;	sep #$20
   524                        ;	pla
   525                        ;	sta %%flags
   526                        ;	phb
   527                        ;	pla
   528                        ;	sta %%db
   529                        ;	rep #$20
   530                        ;	tsc
   531                        ;	sta %%stackptr;
   532                        ;	tdc
   533                        ;	sta %%direct;
   534                        ;	#endasm
   535                        	asmstart
   536 00:01D9: 08           	php
   537 00:01DA: E2 20        	sep #$20
   538 00:01DC: 68           	pla
   539 00:01DD: 85 06        	sta <L30+flags_1
   540 00:01DF: 8B           	phb
   541 00:01E0: 68           	pla
   542 00:01E1: 85 05        	sta <L30+db_1
   543 00:01E3: C2 20        	rep #$20
   544 00:01E5: 3B           	tsc
   545 00:01E6: 85 01        	sta <L30+stackptr_1;
   546 00:01E8: 7B           	tdc
   547 00:01E9: 85 03        	sta <L30+direct_1;
   548                        	asmend
   549                        ;#endif
   550                        ;#ifdef __CALYPSI__
   551                        ;__asm (
   552                        ; " php \n"
   553                        ; " sep #32 \n"
   554                        ; " pla \n"
   555                        ; " sta 2,s \n"
   556                        ; " phb \n"
   557                        ; " pla \n"
   558                        ; " sta 1,s \n"
   559                        ; " rep #32 \n"
   560                        ; " tsx \n"
   561                        ; " phd \n"
   562                        ; " ply \n"
   563                        ;);
   564                        ;
   565                        ;#endif
   566                        ;
   567                        ;	printf("S:%04x D:%04x DB:%02X F:%02X ", stackptr, direct, db, flags);
   568 00:01EB: A5 06        	lda	<L30+flags_1
   569 00:01ED: 29 FF 00     	and	#$ff
   570 00:01F0: 48           	pha
  Sun Sep 20 2026 11:13                                                                                                    Page 12


   571 00:01F1: A5 05        	lda	<L30+db_1
   572 00:01F3: 29 FF 00     	and	#$ff
   573 00:01F6: 48           	pha
   574 00:01F7: D4 03        	pei	<L30+direct_1
   575 00:01F9: D4 01        	pei	<L30+stackptr_1
   576 00:01FB: F4 xx xx     	pea	#^L28
   577 00:01FE: F4 xx xx     	pea	#<L28
   578 00:0201: F4 0E 00     	pea	#14
   579 00:0204: 20 xx xx     	jsr	_~printf
   580                        ;	print_adr(ptr);	
   581 00:0207: AD xx xx     	lda	|_~ptr+2
   582 00:020A: 48           	pha
   583 00:020B: AD xx xx     	lda	|_~ptr
   584 00:020E: 48           	pha
   585 00:020F: 20 xx xx     	jsr	_~print_adr
   586                        ;	printf(">");
   587 00:0212: F4 xx xx     	pea	#^L28+30
   588 00:0215: F4 xx xx     	pea	#<L28+30
   589 00:0218: F4 06 00     	pea	#6
   590 00:021B: 20 xx xx     	jsr	_~printf
   591                        ;	//fflush(stdout);
   592                        ;}
   593 00:021E: 2B           	pld
   594 00:021F: 3B           	tsc
   595 00:0220: 18           	clc
   596 00:0221: 69 07 00     	adc	#L29
   597 00:0224: 1B           	tcs
   598 00:0225: 60           	rts
   599             00000007   L29	equ	7
   600             00000001   L30	equ	1
   601                        	ends
   602                        	efunc
   603                        	data
   604                        L28:
   605 00:0175: 53 3A 25 30  	db	$53,$3A,$25,$30,$34,$78,$20,$44,$3A,$25,$30,$34,$78,$20,$44
       00:0179: 34 78 20 44 
       00:017D: 3A 25 30 34 
       00:0181: 78 20 44 
   606 00:0184: 42 3A 25 30  	db	$42,$3A,$25,$30,$32,$58,$20,$46,$3A,$25,$30,$32,$58,$20,$00
       00:0188: 32 58 20 46 
       00:018C: 3A 25 30 32 
       00:0190: 58 20 00 
   607 00:0193: 3E 00        	db	$3E,$00
   608 00:0195:              	ends
   609                        ;
   610                        ;void dump_memory() {
   611                        	code
   612                        	xdef	_~dump_memory
   613                        	func
   614                        _~dump_memory:
   615                        	longa	on
   616                        	longi	on
   617 00:0226: 3B           	tsc
   618 00:0227: 38           	sec
   619 00:0228: E9 09 00     	sbc	#L33
   620 00:022B: 1B           	tcs
   621 00:022C: 0B           	phd
   622 00:022D: 5B           	tcd
  Sun Sep 20 2026 11:13                                                                                                    Page 13


   623                        ;	int i, j;
   624                        ;	char c;
   625                        ;	
   626                        ;	printf("\n");
   627             00000000   i_1	set	0
   628             00000002   j_1	set	2
   629             00000004   c_1	set	4
   630 00:022E: F4 xx xx     	pea	#^L32
   631 00:0231: F4 xx xx     	pea	#<L32
   632 00:0234: F4 06 00     	pea	#6
   633 00:0237: 20 xx xx     	jsr	_~printf
   634                        ;	printf("	00 01 02 03 04 05 06 07  08 09 0a 0b 0c 0d 0e 0f\n");
   635 00:023A: F4 xx xx     	pea	#^L32+2
   636 00:023D: F4 xx xx     	pea	#<L32+2
   637 00:0240: F4 06 00     	pea	#6
   638 00:0243: 20 xx xx     	jsr	_~printf
   639                        ;	//printf("	------------------------------------------------\n");
   640                        ;	
   641                        ;	for(i = 0; i < 16; i++) {
   642 00:0246: 64 05        	stz	<L34+i_1
   643                        L10008:
   644                        ;		print_adr(ptr);
   645 00:0248: AD xx xx     	lda	|_~ptr+2
   646 00:024B: 48           	pha
   647 00:024C: AD xx xx     	lda	|_~ptr
   648 00:024F: 48           	pha
   649 00:0250: 20 xx xx     	jsr	_~print_adr
   650                        ;		for(j = 0; j < 16; j++) {
   651 00:0253: 64 07        	stz	<L34+j_1
   652                        L10011:
   653                        ;			if (j == 8)
   654                        ;				printf(" ");
   655 00:0255: A5 07        	lda	<L34+j_1
   656 00:0257: C9 08 00     	cmp	#<$8
   657 00:025A: D0 0C        	bne	L10012
   658 00:025C: F4 xx xx     	pea	#^L32+53
   659 00:025F: F4 xx xx     	pea	#<L32+53
   660 00:0262: F4 06 00     	pea	#6
   661 00:0265: 20 xx xx     	jsr	_~printf
   662                        ;			printf(" %02X", ptr[j]);
   663                        L10012:
   664 00:0268: AD xx xx     	lda	|_~ptr
   665 00:026B: 85 01        	sta	<R0
   666 00:026D: AD xx xx     	lda	|_~ptr+2
   667 00:0270: 85 03        	sta	<R0+2
   668 00:0272: A4 07        	ldy	<L34+j_1
   669 00:0274: B7 01        	lda	[<R0],Y
   670 00:0276: 29 FF 00     	and	#$ff
   671 00:0279: 48           	pha
   672 00:027A: F4 xx xx     	pea	#^L32+55
   673 00:027D: F4 xx xx     	pea	#<L32+55
   674 00:0280: F4 08 00     	pea	#8
   675 00:0283: 20 xx xx     	jsr	_~printf
   676                        ;		}
   677 00:0286: E6 07        	inc	<L34+j_1
   678 00:0288: 38           	sec
   679 00:0289: A5 07        	lda	<L34+j_1
   680 00:028B: E9 10 00     	sbc	#<$10
  Sun Sep 20 2026 11:13                                                                                                    Page 14


   681 00:028E: 70 03        	bvs	L36
   682 00:0290: 49 00 80     	eor	#$8000
   683                        L36:
   684 00:0293: 10 C0        	bpl	L10011
   685                        ;		
   686                        ;		printf("  |");
   687 00:0295: F4 xx xx     	pea	#^L32+61
   688 00:0298: F4 xx xx     	pea	#<L32+61
   689 00:029B: F4 06 00     	pea	#6
   690 00:029E: 20 xx xx     	jsr	_~printf
   691                        ;		for(j = 0; j < 16; j++) {
   692 00:02A1: 64 07        	stz	<L34+j_1
   693                        L10015:
   694                        ;			c = ptr[j];
   695 00:02A3: AD xx xx     	lda	|_~ptr
   696 00:02A6: 85 01        	sta	<R0
   697 00:02A8: AD xx xx     	lda	|_~ptr+2
   698 00:02AB: 85 03        	sta	<R0+2
   699 00:02AD: E2 20        	sep	#$20
   700                        	longa	off
   701 00:02AF: A4 07        	ldy	<L34+j_1
   702 00:02B1: B7 01        	lda	[<R0],Y
   703 00:02B3: 85 09        	sta	<L34+c_1
   704                        ;			if (c < 32 || c >126)
   705                        ;				c = '.';
   706 00:02B5: C9 20        	cmp	#<$20
   707 00:02B7: C2 20        	rep	#$20
   708                        	longa	on
   709 00:02B9: 90 0A        	bcc	L38
   710 00:02BB: E2 20        	sep	#$20
   711                        	longa	off
   712 00:02BD: A9 7E        	lda	#$7e
   713 00:02BF: C5 09        	cmp	<L34+c_1
   714 00:02C1: C2 20        	rep	#$20
   715                        	longa	on
   716 00:02C3: B0 08        	bcs	L10016
   717                        L38:
   718 00:02C5: E2 20        	sep	#$20
   719                        	longa	off
   720 00:02C7: A9 2E        	lda	#$2e
   721 00:02C9: 85 09        	sta	<L34+c_1
   722 00:02CB: C2 20        	rep	#$20
   723                        	longa	on
   724                        ;			printf("%c", c);
   725                        L10016:
   726 00:02CD: A5 09        	lda	<L34+c_1
   727 00:02CF: 29 FF 00     	and	#$ff
   728 00:02D2: 48           	pha
   729 00:02D3: F4 xx xx     	pea	#^L32+65
   730 00:02D6: F4 xx xx     	pea	#<L32+65
   731 00:02D9: F4 08 00     	pea	#8
   732 00:02DC: 20 xx xx     	jsr	_~printf
   733                        ;		}
   734 00:02DF: E6 07        	inc	<L34+j_1
   735 00:02E1: 38           	sec
   736 00:02E2: A5 07        	lda	<L34+j_1
   737 00:02E4: E9 10 00     	sbc	#<$10
   738 00:02E7: 70 03        	bvs	L41
  Sun Sep 20 2026 11:13                                                                                                    Page 15


   739 00:02E9: 49 00 80     	eor	#$8000
   740                        L41:
   741 00:02EC: 10 B5        	bpl	L10015
   742                        ;		printf("|\n");
   743 00:02EE: F4 xx xx     	pea	#^L32+68
   744 00:02F1: F4 xx xx     	pea	#<L32+68
   745 00:02F4: F4 06 00     	pea	#6
   746 00:02F7: 20 xx xx     	jsr	_~printf
   747                        ;		ptr += 16;
   748 00:02FA: A9 10 00     	lda	#$10
   749 00:02FD: 18           	clc
   750 00:02FE: 6D xx xx     	adc	|_~ptr
   751 00:0301: 8D xx xx     	sta	|_~ptr
   752 00:0304: 90 03        	bcc	L10006
   753 00:0306: EE xx xx     	inc	|_~ptr+2
   754                        ;	}
   755                        L10006:
   756 00:0309: E6 05        	inc	<L34+i_1
   757 00:030B: 38           	sec
   758 00:030C: A5 05        	lda	<L34+i_1
   759 00:030E: E9 10 00     	sbc	#<$10
   760 00:0311: 70 03        	bvs	L44
   761 00:0313: 49 00 80     	eor	#$8000
   762                        L44:
   763 00:0316: 30 03        	bmi	*+5
   764 00:0318: 82 2D FF     	brl	L10008
   765                        ;}
   766 00:031B: 2B           	pld
   767 00:031C: 3B           	tsc
   768 00:031D: 18           	clc
   769 00:031E: 69 09 00     	adc	#L33
   770 00:0321: 1B           	tcs
   771 00:0322: 60           	rts
   772             00000009   L33	equ	9
   773             00000005   L34	equ	5
   774                        	ends
   775                        	efunc
   776                        	data
   777                        L32:
   778 00:0195: 0A 00 09 30  	db	$0A,$00,$09,$30,$30,$20,$30,$31,$20,$30,$32,$20,$30,$33,$20
       00:0199: 30 20 30 31 
       00:019D: 20 30 32 20 
       00:01A1: 30 33 20 
   779 00:01A4: 30 34 20 30  	db	$30,$34,$20,$30,$35,$20,$30,$36,$20,$30,$37,$20,$20,$30,$38
       00:01A8: 35 20 30 36 
       00:01AC: 20 30 37 20 
       00:01B0: 20 30 38 
   780 00:01B3: 20 30 39 20  	db	$20,$30,$39,$20,$30,$61,$20,$30,$62,$20,$30,$63,$20,$30,$64
       00:01B7: 30 61 20 30 
       00:01BB: 62 20 30 63 
       00:01BF: 20 30 64 
   781 00:01C2: 20 30 65 20  	db	$20,$30,$65,$20,$30,$66,$0A,$00,$20,$00,$20,$25,$30,$32,$58
       00:01C6: 30 66 0A 00 
       00:01CA: 20 00 20 25 
       00:01CE: 30 32 58 
   782 00:01D1: 00 20 20 7C  	db	$00,$20,$20,$7C,$00,$25,$63,$00,$7C,$0A,$00
       00:01D5: 00 25 63 00 
       00:01D9: 7C 0A 00 
  Sun Sep 20 2026 11:13                                                                                                    Page 16


   783 00:01DC:              	ends
   784                        ;
   785                        ;void set_bank() {
   786                        	code
   787                        	xdef	_~set_bank
   788                        	func
   789                        _~set_bank:
   790                        	longa	on
   791                        	longi	on
   792 00:0323: 3B           	tsc
   793 00:0324: 38           	sec
   794 00:0325: E9 04 00     	sbc	#L48
   795 00:0328: 1B           	tcs
   796 00:0329: 0B           	phd
   797 00:032A: 5B           	tcd
   798                        ;	char *p;
   799                        ;	
   800                        ;	printf("bank:");
   801             00000000   p_1	set	0
   802 00:032B: F4 xx xx     	pea	#^L47
   803 00:032E: F4 xx xx     	pea	#<L47
   804 00:0331: F4 06 00     	pea	#6
   805 00:0334: 20 xx xx     	jsr	_~printf
   806                        ;	//fflush(stdout);
   807                        ;	
   808                        ;	p = (char *)&ptr;
   809 00:0337: A9 xx xx     	lda	#<_~ptr
   810 00:033A: 85 01        	sta	<L49+p_1
   811                        	xref	_BEG_DATA
   812 00:033C: A9 xx xx     	lda	#_BEG_DATA>>16
   813 00:033F: 85 03        	sta	<L49+p_1+2
   814                        ;	
   815                        ;	p[2] = getbyte();
   816 00:0341: 20 xx xx     	jsr	_~getbyte
   817 00:0344: E2 20        	sep	#$20
   818                        	longa	off
   819 00:0346: A0 02 00     	ldy	#$2
   820 00:0349: 97 01        	sta	[<L49+p_1],Y
   821 00:034B: C2 20        	rep	#$20
   822                        	longa	on
   823                        ;}
   824 00:034D: 2B           	pld
   825 00:034E: 3B           	tsc
   826 00:034F: 18           	clc
   827 00:0350: 69 04 00     	adc	#L48
   828 00:0353: 1B           	tcs
   829 00:0354: 60           	rts
   830             00000004   L48	equ	4
   831             00000001   L49	equ	1
   832                        	ends
   833                        	efunc
   834                        	data
   835                        L47:
   836 00:01DC: 62 61 6E 6B  	db	$62,$61,$6E,$6B,$3A,$00
       00:01E0: 3A 00 
   837 00:01E2:              	ends
   838                        ;
   839                        ;void set_addr() {
  Sun Sep 20 2026 11:13                                                                                                    Page 17


   840                        	code
   841                        	xdef	_~set_addr
   842                        	func
   843                        _~set_addr:
   844                        	longa	on
   845                        	longi	on
   846 00:0355: 3B           	tsc
   847 00:0356: 38           	sec
   848 00:0357: E9 04 00     	sbc	#L52
   849 00:035A: 1B           	tcs
   850 00:035B: 0B           	phd
   851 00:035C: 5B           	tcd
   852                        ;	char *p;
   853                        ;	
   854                        ;	printf("addr:");
   855             00000000   p_1	set	0
   856 00:035D: F4 xx xx     	pea	#^L51
   857 00:0360: F4 xx xx     	pea	#<L51
   858 00:0363: F4 06 00     	pea	#6
   859 00:0366: 20 xx xx     	jsr	_~printf
   860                        ;	//fflush(stdout);
   861                        ;	
   862                        ;	p = (char *)&ptr;
   863 00:0369: A9 xx xx     	lda	#<_~ptr
   864 00:036C: 85 01        	sta	<L53+p_1
   865                        	xref	_BEG_DATA
   866 00:036E: A9 xx xx     	lda	#_BEG_DATA>>16
   867 00:0371: 85 03        	sta	<L53+p_1+2
   868                        ;	p[1] = getbyte();
   869 00:0373: 20 xx xx     	jsr	_~getbyte
   870 00:0376: E2 20        	sep	#$20
   871                        	longa	off
   872 00:0378: A0 01 00     	ldy	#$1
   873 00:037B: 97 01        	sta	[<L53+p_1],Y
   874 00:037D: C2 20        	rep	#$20
   875                        	longa	on
   876                        ;	p[0] = getbyte();
   877 00:037F: 20 xx xx     	jsr	_~getbyte
   878 00:0382: E2 20        	sep	#$20
   879                        	longa	off
   880 00:0384: 87 01        	sta	[<L53+p_1]
   881 00:0386: C2 20        	rep	#$20
   882                        	longa	on
   883                        ;}
   884 00:0388: 2B           	pld
   885 00:0389: 3B           	tsc
   886 00:038A: 18           	clc
   887 00:038B: 69 04 00     	adc	#L52
   888 00:038E: 1B           	tcs
   889 00:038F: 60           	rts
   890             00000004   L52	equ	4
   891             00000001   L53	equ	1
   892                        	ends
   893                        	efunc
   894                        	data
   895                        L51:
   896 00:01E2: 61 64 64 72  	db	$61,$64,$64,$72,$3A,$00
       00:01E6: 3A 00 
  Sun Sep 20 2026 11:13                                                                                                    Page 18


   897 00:01E8:              	ends
   898                        ;
   899                        ;void do_function(char c) {
   900                        	code
   901                        	xdef	_~do_function
   902                        	func
   903                        _~do_function:
   904                        	longa	on
   905                        	longi	on
   906 00:0390: 3B           	tsc
   907 00:0391: 38           	sec
   908 00:0392: E9 09 00     	sbc	#L56
   909 00:0395: 1B           	tcs
   910 00:0396: 0B           	phd
   911 00:0397: 5B           	tcd
   912             00000003   c_0	set	3
   913                        ;	char b;
   914                        ;	unsigned long ulptr;
   915                        ;	
   916                        ;	if (isalpha(c))
   917             00000000   b_1	set	0
   918             00000001   ulptr_1	set	1
   919                        ;		printf("%c ", c);
   920 00:0398: A5 0C        	lda	<L56+c_0
   921 00:039A: 29 FF 00     	and	#$ff
   922 00:039D: AA           	tax
   923 00:039E: E2 20        	sep	#$20
   924                        	longa	off
   925 00:03A0: BD xx xx     	lda	|_~_ctype+1,X
   926 00:03A3: 29 03        	and	#<$3
   927 00:03A5: C2 20        	rep	#$20
   928                        	longa	on
   929 00:03A7: F0 12        	beq	L10017
   930 00:03A9: A5 0C        	lda	<L56+c_0
   931 00:03AB: 29 FF 00     	and	#$ff
   932 00:03AE: 48           	pha
   933 00:03AF: F4 xx xx     	pea	#^L55
   934 00:03B2: F4 xx xx     	pea	#<L55
   935 00:03B5: F4 08 00     	pea	#8
   936 00:03B8: 20 xx xx     	jsr	_~printf
   937                        ;	
   938                        ;	switch (c) {
   939                        L10017:
   940 00:03BB: A5 0C        	lda	<L56+c_0
   941 00:03BD: 29 FF 00     	and	#$ff
   942                        	xref	_~~swt
   943 00:03C0: 20 xx xx     	jsr	_~~swt
   944 00:03C3: 0A 00        	dw	10
   945 00:03C5: 3F 00        	dw	63
   946 00:03C7: xx xx        	dw	L10028-1
   947 00:03C9: 61 00        	dw	97
   948 00:03CB: xx xx        	dw	L10020-1
   949 00:03CD: 62 00        	dw	98
   950 00:03CF: xx xx        	dw	L10021-1
   951 00:03D1: 63 00        	dw	99
   952 00:03D3: xx xx        	dw	L10019-1
   953 00:03D5: 64 00        	dw	100
   954 00:03D7: xx xx        	dw	L10023-1
  Sun Sep 20 2026 11:13                                                                                                    Page 19


   955 00:03D9: 6C 00        	dw	108
   956 00:03DB: xx xx        	dw	L10019-1
   957 00:03DD: 6D 00        	dw	109
   958 00:03DF: xx xx        	dw	L10025-1
   959 00:03E1: 72 00        	dw	114
   960 00:03E3: xx xx        	dw	L10026-1
   961 00:03E5: 78 00        	dw	120
   962 00:03E7: xx xx        	dw	L10029-1
   963 00:03E9: 7A 00        	dw	122
   964 00:03EB: xx xx        	dw	L10027-1
   965 00:03ED: xx xx        	dw	L10019-1
   966                        ;	case 'a':
   967                        L10020:
   968                        ;		set_addr();
   969 00:03EF: 20 xx xx     	jsr	_~set_addr
   970                        ;		break;
   971                        L10019:
   972                        ;	
   973                        ;	printf("\n");
   974 00:03F2: F4 xx xx     	pea	#^L55+4
   975 00:03F5: F4 xx xx     	pea	#<L55+4
   976 00:03F8: F4 06 00     	pea	#6
   977 00:03FB: 20 xx xx     	jsr	_~printf
   978                        ;}
   979 00:03FE: A5 0A        	lda	<L56+1
   980 00:0400: 85 0C        	sta	<L56+1+2
   981 00:0402: 2B           	pld
   982 00:0403: 3B           	tsc
   983 00:0404: 18           	clc
   984 00:0405: 69 0B 00     	adc	#L56+2
   985 00:0408: 1B           	tcs
   986 00:0409: 60           	rts
   987                        ;	case 'b':
   988                        L10021:
   989                        ;		set_bank();
   990 00:040A: 20 xx xx     	jsr	_~set_bank
   991                        ;		break;
   992 00:040D: 80 E3        	bra	L10019
   993                        ;	case 'c':
   994                        ;		break;
   995                        ;	case 'd':
   996                        L10023:
   997                        ;		dump_memory();
   998 00:040F: 20 xx xx     	jsr	_~dump_memory
   999                        ;		break;
  1000 00:0412: 80 DE        	bra	L10019
  1001                        ;	case 'l':
  1002                        ;		;break;
  1003                        ;	case 'm':
  1004                        L10025:
  1005                        ;		ulptr = (unsigned long) ptr;
  1006 00:0414: AD xx xx     	lda	|_~ptr
  1007 00:0417: 85 06        	sta	<L57+ulptr_1
  1008 00:0419: AD xx xx     	lda	|_~ptr+2
  1009 00:041C: 85 08        	sta	<L57+ulptr_1+2
  1010                        ;		//disass((unsigned int) ulptr);	
  1011                        ;		break;
  1012 00:041E: 80 D2        	bra	L10019
  Sun Sep 20 2026 11:13                                                                                                    Page 20


  1013                        ;	case 'r':
  1014                        L10026:
  1015                        ;#asm
  1016                        ;		JML $010000
  1017                        ;#endasm
  1018                        	asmstart
  1019 00:0420: 5C 00 00 01  		JML $010000
  1020                        L20000:
  1021                        	asmend
  1022                        ;		break;
  1023 00:0424: 80 CC        	bra	L10019
  1024                        ;	case 'z':
  1025                        L10027:
  1026                        ;		b = *debug_reset;
  1027 00:0426: AD xx xx     	lda	|_~debug_reset
  1028 00:0429: 85 01        	sta	<R0
  1029 00:042B: AD xx xx     	lda	|_~debug_reset+2
  1030 00:042E: 85 03        	sta	<R0+2
  1031 00:0430: E2 20        	sep	#$20
  1032                        	longa	off
  1033 00:0432: A7 01        	lda	[<R0]
  1034 00:0434: 85 05        	sta	<L57+b_1
  1035 00:0436: C2 20        	rep	#$20
  1036                        	longa	on
  1037                        ;		break;
  1038 00:0438: 80 B8        	bra	L10019
  1039                        ;	case '?':
  1040                        L10028:
  1041                        ;		print_welcome();
  1042 00:043A: 20 xx xx     	jsr	_~print_welcome
  1043                        ;		break;
  1044 00:043D: 80 B3        	bra	L10019
  1045                        ;	case 'x':
  1046                        L10029:
  1047                        ;#asm
  1048                        ;		wdm 0
  1049                        ;#endasm
  1050                        	asmstart
  1051 00:043F: 42 00        		wdm 0
  1052                        ;		break;
  1053 00:0441: 80 E1        	bra	L20000
  1054                        ;	default:	
  1055                        ;		break;
  1056                        ;	}
  1057             00000009   L56	equ	9
  1058             00000005   L57	equ	5
  1059                        	ends
  1060                        	efunc
  1061                        	data
  1062                        L55:
  1063 00:01E8: 25 63 20 00  	db	$25,$63,$20,$00,$0A,$00
       00:01EC: 0A 00 
  1064 00:01EE:              	ends
  1065                        ;
  1066                        ;void main() {
  1067                        	code
  1068                        	xdef	_~main
  1069                        	func
  Sun Sep 20 2026 11:13                                                                                                    Page 21


  1070                        _~main:
  1071                        	longa	on
  1072                        	longi	on
  1073 00:0443: 3B           	tsc
  1074 00:0444: 38           	sec
  1075 00:0445: E9 00 00     	sbc	#L61
  1076 00:0448: 1B           	tcs
  1077 00:0449: 0B           	phd
  1078 00:044A: 5B           	tcd
  1079                        ;    print_welcome();
  1080 00:044B: 20 xx xx     	jsr	_~print_welcome
  1081                        ;
  1082                        ;	printf("p:%p \n", (void *)0xcafe);
  1083 00:044E: F4 00 00     	pea	#^$cafe
  1084 00:0451: F4 FE CA     	pea	#<$cafe
  1085 00:0454: F4 xx xx     	pea	#^L60
  1086 00:0457: F4 xx xx     	pea	#<L60
  1087 00:045A: F4 0A 00     	pea	#10
  1088 00:045D: 20 xx xx     	jsr	_~printf
  1089                        ;	
  1090                        ;    for(;;) {
  1091                        L10033:
  1092                        ;        print_prompt();
  1093 00:0460: 20 xx xx     	jsr	_~print_prompt
  1094                        ;        do_function(charin());
  1095 00:0463: 20 xx xx     	jsr	_~charin
  1096 00:0466: 48           	pha
  1097 00:0467: 20 xx xx     	jsr	_~do_function
  1098                        ;    }
  1099 00:046A: 80 F4        	bra	L10033
  1100                        ;}
  1101             00000000   L61	equ	0
  1102             00000001   L62	equ	1
  1103                        	ends
  1104                        	efunc
  1105                        	data
  1106                        L60:
  1107 00:01EE: 70 3A 25 70  	db	$70,$3A,$25,$70,$20,$0A,$00
       00:01F2: 20 0A 00 
  1108 00:01F5:              	ends
  1109                        ;
  1110                        	xref	_~printf
  1111                        	xref	_~_ctype


      Lines assembled: 1111
      Errors: 0
