  Thu Sep 17 2026 18:02                                                                                                    Page 1


                                               ***************************************
                                               **      WDC 65C816 Macro Assembler   **
                                               **                                   **
                                               **     Version 3.49.1- Feb  6 2006    **
                                               ***************************************

     1                        ;----------------------------------------------------------------------------------
     2                        ;	void vPortYield( void )
     3                        ;----------------------------------------------------------------------------------
     4                        		module	disass
     5                        		code
     6                        		xdef	_~disass
     7                        		func
     8                        ;
     9                        ;
    10                        ;
    11 00:0000: 3B           		tsc
    12 00:0001: 0B           		phd
    13 00:0002: 5B           		tcd
    14                        
    15             00000003   memptr		equ 3
    16             00000001   returnadr	equ 1
    17             00FFFFF0   debug_char	equ $fffff0
    18             00FFFFF1   debug_hex	equ $fffff1
    19                        ;
    20                        ;
    21                        ;
    22                        
    23                        _~disass:	
    24 00:0003: 3B           		tsc
    25 00:0004: 0B           		phd
    26 00:0005: 5B           		tcd
    27                        
    28 00:0006: E2 30        		sep #$30
    29                        		longa off
    30                        		longi off
    31                        		
    32 00:0008: A9 2A        		lda #'*'
    33 00:000A: 8F F0 FF FF  		sta >debug_char
    34                        
    35 00:000E: 20 xx xx     		jsr	jnewline
    36 00:0011: A9 14        		lda	#20
    37 00:0013: 8D xx xx     		sta	disline
    38 00:0016: 20 xx xx     disass1:	jsr	DISSone
    39 00:0019: CE xx xx     		dec	disline
    40 00:001C: D0 F8        		bne	disass1
    41                        		
    42 00:001E: 20 xx xx     		jsr	jgetupper
    43 00:0021: C9 58        		cmp	#'X'
    44 00:0023: D0 DE        		bne	_~disass
    45                        	
    46 00:0025: C2 30        		rep #$30
    47                        		
    48 00:0027: A5 01        		lda <returnadr
    49 00:0029: 85 03        		sta <memptr
    50 00:002B: 2B           		pld
    51 00:002C: 68           		pla
    52 00:002D: 60           		rts		
  Thu Sep 17 2026 18:02                                                                                                    Page 2


    53                        ;
    54                        ;		
    55                        ;
    56 00:002E: 20 xx xx     DISSone:	JSR	printadr
    57                        
    58 00:0031: 20 xx xx     		JSR 	fetchbyte
    59 00:0034: 8D xx xx     		STA	opcode
    60 00:0037: 20 xx xx     		JSR	PUTHEXC
    61                        
    62 00:003A: 20 xx xx     		JSR	getOpMode
    63                        		
    64 00:003D: A0 00        		ldy	#0		;print 1-3 hex-bytes depending
    65 00:003F: AE xx xx     		ldx	oplen		;on number of bytes needed per opcode
    66 00:0042: CA           		dex
    67 00:0043: E0 00        DISSone1:	cpx	#0
    68 00:0045: F0 09        		beq	DISSone2
    69 00:0047: CA           		dex
    70 00:0048: B1 03        		lda	(memptr),y
    71 00:004A: 20 xx xx     		jsr	PUTHEXC	
    72 00:004D: 4C xx xx     		jmp	DISSone3	
    73 00:0050: 20 xx xx     DISSone2:	jsr	printSpace3	;print 3 spaces instead of hex-value + space
    74 00:0053: C8           DISSone3:	iny
    75 00:0054: C0 02        		cpy	#2
    76 00:0056: D0 EB        		bne	DISSone1
    77                        
    78 00:0058: 20 xx xx     		jsr	printSpace3
    79                        		
    80 00:005B: 20 xx xx     		JSR	printmem	;print mnemonic	
    81                        
    82 00:005E: A9 xx        		LDA	#>(DISSend-1)	;push common return addressing
    83 00:0060: 48           		PHA			;so each subroutine can return via RTS
    84 00:0061: A9 xx        		LDA	#<(DISSend-1)
    85 00:0063: 48           		PHA
    86                        	
    87 00:0064: AD xx xx     		LDA	opmode
    88 00:0067: 0A           		ASL
    89 00:0068: AA           		TAX
    90 00:0069: BD xx xx     		LDA	modetab+1,x
    91 00:006C: 48           		PHA
    92 00:006D: BD xx xx     		LDA	modetab,x
    93 00:0070: 48           		PHA
    94 00:0071: 60           		RTS
    95                        
    96 00:0072: 4C xx xx     DISSend:	JMP	jnewline
    97                        
    98 00:0075: AD xx xx     getOpMode:	LDA	opcode
    99 00:0078: 4A           		LSR
   100 00:0079: 4A           		LSR
   101 00:007A: 4A           		LSR
   102 00:007B: 4A           		LSR
   103 00:007C: 8D xx xx     		STA	opnum
   104 00:007F: AA           		TAX
   105                        		
   106 00:0080: AD xx xx     		LDA	opcode
   107 00:0083: 29 0F        		AND	#$0F
   108 00:0085: D0 0B        		BNE	getOpMode1
   109                        	
   110 00:0087: BD xx xx     		LDA	OPMODE00,x
  Thu Sep 17 2026 18:02                                                                                                    Page 3


   111 00:008A: 8D xx xx     		STA	opmode
   112 00:008D: AA           		TAX
   113 00:008E: A0 00        		LDY	#0
   114 00:0090: F0 58        		BEQ	getOpModeImpl1
   115                        
   116 00:0092: A0 30        getOpMode1:	LDY	#16*3
   117 00:0094: C9 08        		CMP	#8
   118 00:0096: F0 50        		BEQ	getOpModeImpl
   119 00:0098: A0 60        		LDY	#32*3
   120 00:009A: C9 0A        		CMP	#10
   121 00:009C: F0 4A        		BEQ	getOpModeImpl
   122                        
   123 00:009E: AD xx xx     		LDA	opcode
   124                        
   125 00:00A1: A0 A2        		LDY	#OPTEXTJMP-OPTEXT00
   126 00:00A3: A2 0A        		LDX	#10
   127 00:00A5: C9 6C        		CMP	#$6C		; JMP()
   128 00:00A7: F0 32        		BEQ	getOpLen1
   129                        
   130 00:00A9: A0 C0        		LDY	#OPTEXTLDX-OPTEXT00
   131 00:00AB: A2 02        		LDX	#2
   132 00:00AD: C9 A2        		CMP	#$A2		; LDX #
   133 00:00AF: F0 2A        		BEQ	getOpLen1
   134                        
   135 00:00B1: A0 90        		LDY	#48*3
   136 00:00B3: 4A           		LSR
   137 00:00B4: 6E xx xx     		ROR	opnum
   138 00:00B7: 4A           		LSR
   139 00:00B8: 6E xx xx     		ROR	opnum
   140 00:00BB: 29 07        		AND	#7
   141 00:00BD: AA           		TAX
   142                        
   143 00:00BE: 8C xx xx     		STY	opoffset
   144 00:00C1: AD xx xx     		LDA	opcode
   145 00:00C4: 0A           		ASL
   146 00:00C5: 2A           		ROL
   147 00:00C6: 2A           		ROL
   148 00:00C7: 2A           		ROL
   149 00:00C8: 0E xx xx     		ASL	opnum
   150 00:00CB: 2A           		ROL
   151 00:00CC: 0E xx xx     		ASL	opnum
   152 00:00CF: 2A           		ROL
   153 00:00D0: 29 1F        		AND	#$1F	
   154 00:00D2: A8           		TAY
   155                        		;JSR	PUTHEX
   156 00:00D3: 18           		CLC
   157 00:00D4: B9 xx xx     		LDA	OPCODE1,y
   158 00:00D7: 6D xx xx     		ADC	opoffset
   159 00:00DA: A8           		TAY
   160                        		
   161 00:00DB: 8C xx xx     getOpLen1:	STY	opoffset
   162                        
   163 00:00DE: 8E xx xx     getOpLen2:	STX	opmode
   164 00:00E1: BD xx xx     		LDA	oplentab,x
   165 00:00E4: 8D xx xx     		STA	oplen
   166 00:00E7: 60           		RTS
   167                        
   168                        	
  Thu Sep 17 2026 18:02                                                                                                    Page 4


   169 00:00E8: A2 08        getOpModeImpl:	LDX	#8
   170 00:00EA: 8C xx xx     getOpModeImpl1:	STY	opoffset
   171 00:00ED: AD xx xx     		LDA	opnum
   172 00:00F0: 0A           		ASL
   173 00:00F1: 6D xx xx     		ADC	opnum
   174 00:00F4: 6D xx xx     		ADC	opoffset
   175 00:00F7: 8D xx xx     		STA	opoffset
   176 00:00FA: 4C xx xx     		JMP	getOpLen2		
   177                        		
   178 00:00FD: xx xx        modetab:	.WORD	printZpix-1
   179 00:00FF: xx xx        		.WORD	printDollHex-1
   180 00:0101: xx xx        		.WORD	printImm-1
   181 00:0103: xx xx        		.WORD	printAbs-1
   182 00:0105: xx xx        		.WORD	printZpiy-1
   183 00:0107: xx xx        		.WORD	printZpX-1
   184 00:0109: xx xx        		.WORD	printAbsY-1
   185 00:010B: xx xx        		.WORD	printAbsX-1
   186 00:010D: xx xx        		.WORD	printImpl-1
   187 00:010F: xx xx        		.WORD	printRel-1
   188 00:0111: xx xx        		.WORD	printInd-1
   189                        ;
   190                        
   191 00:0113: 20 xx xx     printZpix:	JSR	printCDollHex
   192 00:0116: 20 xx xx     		JSR	printCX
   193 00:0119: 4C xx xx     		JMP	printCC
   194                        
   195                        printDoll:
   196 00:011C: A9 24        		LDA	#'$'
   197 00:011E: 20 xx xx     		JSR	jchrout
   198 00:0121: 4C xx xx     		JMP	fetchbyte
   199                        
   200                        printCDollHex:
   201 00:0124: 20 xx xx     		JSR	printC
   202                        printDollHex:
   203 00:0127: 20 xx xx     		JSR	printDoll
   204 00:012A: 4C xx xx     		JMP	jprinthex
   205                        
   206                        printImm:
   207 00:012D: A9 23        		LDA	#'#'
   208 00:012F: 20 xx xx     		JSR	jchrout
   209 00:0132: 4C xx xx     		JMP	printDollHex
   210                        
   211                        printAbs:
   212 00:0135: 20 xx xx     		JSR	printDoll
   213 00:0138: 48           		PHA
   214 00:0139: 20 xx xx     		JSR	fetchbyte
   215 00:013C: 20 xx xx     		JSR	jprinthex
   216 00:013F: 68           		PLA
   217 00:0140: 4C xx xx     		JMP	jprinthex
   218                        	
   219                        printZpiy:
   220 00:0143: 20 xx xx     		JSR	printCDollHex
   221 00:0146: 20 xx xx     		JSR	printCC
   222 00:0149: 4C xx xx     		JMP	printCY
   223                        
   224                        printZpX:
   225 00:014C: 20 xx xx     		JSR	printDollHex
   226 00:014F: A9 2C        		LDA	#','
  Thu Sep 17 2026 18:02                                                                                                    Page 5


   227 00:0151: 20 xx xx     		JSR	jchrout
   228 00:0154: AD xx xx     		LDA	opcode
   229 00:0157: C9 B6        		CMP	#$B6			; LDX,y
   230 00:0159: F0 0E        		BEQ	printY
   231 00:015B: C9 96        		CMP	#$96			; STX,y
   232 00:015D: F0 0A        		BEQ	printY
   233 00:015F: D0 15        		BNE	printX
   234                        
   235                        printAbsY:
   236 00:0161: 20 xx xx     		JSR	printAbs
   237                        printCY:
   238 00:0164: A9 2C        		LDA	#','
   239 00:0166: 20 xx xx     		JSR	jchrout
   240                        printY:
   241 00:0169: A9 59        		LDA	#'Y'
   242 00:016B: 4C xx xx     		JMP	jchrout
   243                        
   244                        	
   245                        printAbsX:
   246 00:016E: 20 xx xx     		JSR	printAbs
   247                        printCX:
   248 00:0171: A9 2C        		LDA	#','
   249 00:0173: 20 xx xx     		JSR	jchrout
   250                        printX:
   251 00:0176: A9 58        		LDA	#'X'
   252 00:0178: 4C xx xx     		JMP	jchrout
   253                        
   254                        
   255                        printImpl:
   256 00:017B: 60           		RTS
   257                        
   258                        
   259 00:017C: A9 28        printC:		LDA	#'('
   260 00:017E: 4C xx xx     		JMP	jchrout
   261                        
   262 00:0181: A9 29        printCC:	LDA	#')'
   263 00:0183: 4C xx xx     		JMP	jchrout
   264                        
   265                        
   266                        printRel:
   267 00:0186: 20 xx xx     		JSR	printDoll
   268 00:0189: A8           		tay
   269 00:018A: 30 11        		BMI	printRelNeg
   270                        	
   271 00:018C: 18           		CLC
   272 00:018D: 6D 03 00     		ADC	memptr
   273 00:0190: 48           		PHA
   274 00:0191: AD 04 00     		LDA	memptr+1
   275 00:0194: 69 00        		ADC	#0
   276                        printRel1:
   277 00:0196: 20 xx xx     		JSR	jprinthex	
   278 00:0199: 68           		PLA
   279 00:019A: 4C xx xx     		JMP	jprinthex
   280                        
   281                        printRelNeg:
   282 00:019D: 18           		CLC
   283 00:019E: 6D 03 00     		ADC	memptr
   284 00:01A1: 48           		PHA
  Thu Sep 17 2026 18:02                                                                                                    Page 6


   285                        	
   286 00:01A2: AD 04 00     		LDA	memptr+1
   287 00:01A5: E9 00        		SBC	#0
   288 00:01A7: 4C xx xx     		JMP	printRel1
   289                        
   290                        printInd:
   291 00:01AA: 20 xx xx     		JSR	printC
   292 00:01AD: 20 xx xx     		JSR	printAbs
   293 00:01B0: 4C xx xx     		JMP	printCC
   294                        
   295                        ;
   296                        ;
   297                        ;	
   298 00:01B3: AD 04 00     printadr:	LDA	memptr+1
   299 00:01B6: 20 xx xx     		JSR	jprinthex
   300 00:01B9: AD 03 00     		LDA	memptr
   301 00:01BC: 20 xx xx     		JSR	jprinthex
   302 00:01BF: A9 3A        		LDA	#':'
   303 00:01C1: 20 xx xx     		JSR	jchrout
   304 00:01C4: 4C xx xx     		JMP	jspace
   305                        ;
   306                        ;
   307                        ;
   308                        printmem:	
   309 00:01C7: A0 03        		LDY	#3
   310 00:01C9: AE xx xx     		LDX	opoffset
   311                        printmem1:
   312 00:01CC: BD xx xx     		LDA	OPTEXT00,x
   313 00:01CF: 20 xx xx     		JSR	jchrout
   314 00:01D2: E8           		INX
   315 00:01D3: 88           		DEY
   316 00:01D4: D0 F6        		BNE	printmem1
   317                        
   318                        printSpace3:
   319 00:01D6: A2 03        		ldx	#3
   320 00:01D8: 20 xx xx     printSpace3a:	jsr	jspace
   321 00:01DB: CA           		dex
   322 00:01DC: D0 FA        		bne	printSpace3a
   323 00:01DE: 60           		rts
   324                        
   325 00:01DF: 20 xx xx     PUTHEXC:	JSR 	jprinthex
   326 00:01E2: 4C xx xx     		JMP 	jspace
   327                        		
   328 00:01E5: A0 00        fetchbyte:	LDY	#0
   329 00:01E7: B1 03        		LDA	(memptr),y
   330                        ;		PHA
   331                        incptr:
   332 00:01E9: EE 03 00     		INC	memptr
   333 00:01EC: D0 03        		BNE	incptr1
   334 00:01EE: EE 04 00     		INC	memptr+1
   335                        incptr1:;	PLA
   336 00:01F1: 60           		RTS
   337                        				
   338                        ;bbb addressing mode 
   339                        ;000 (zero page,X) 
   340                        ;001 zero page 
   341                        ;010 #immediate 
   342                        ;011 absolute 
  Thu Sep 17 2026 18:02                                                                                                    Page 7


   343                        ;100 (zero page),Y 
   344                        ;101 zero page,X 
   345                        ;110 absolute,Y 
   346                        ;111 absolute,X 
   347                        
   348 00:01F2: 00 03 06 00  OPCODE1:	.BYTE	0,1*3,2*3,0		; ORA, ASL
   349 00:01F6: 09 0C 0F 00  		.BYTE	3*3,4*3,5*3,0		; BIT, AND, ROL
   350 00:01FA: 12 15 18 00  		.BYTE	6*3,7*3,8*3,0		; JMP, EOR, LSR
   351 00:01FE: 12 1B 1E 00  		.BYTE	6*3,9*3,10*3,0		; JMP(), ADC, ROR
   352 00:0202: 21 24 27 00  		.BYTE	11*3,12*3,13*3,0	; STY, STA, STX
   353 00:0206: 2A 2D 30 00  		.BYTE	14*3,15*3,16*3,0	; LDY, LDA, LDX
   354 00:020A: 33 36 39 00  		.BYTE	17*3,18*3,19*3,0	; CPY, CMP, DEC
   355 00:020E: 3C 3F 42 00  		.BYTE	20*3,21*3,22*3,0	; CPX, SBC, INC
   356                        
   357                        
   358                        
   359 00:0212: 08           OPMODE00:	.BYTE	8
   360 00:0213: 09           		.BYTE	9
   361 00:0214: 03           		.BYTE	3
   362 00:0215: 09           		.BYTE	9
   363 00:0216: 08           		.BYTE	8
   364 00:0217: 09           		.BYTE	9
   365 00:0218: 08           		.BYTE	8
   366 00:0219: 09           		.BYTE	9
   367 00:021A: 08           		.BYTE	8
   368 00:021B: 09           		.BYTE	9
   369 00:021C: 02           		.BYTE	2
   370 00:021D: 09           		.BYTE	9
   371 00:021E: 02           		.BYTE	2
   372 00:021F: 09           		.BYTE	9
   373 00:0220: 02           		.BYTE	2
   374 00:0221: 09           		.BYTE	9
   375                        
   376                        oplentab:		
   377 00:0222: 02 02 02 03  		.BYTE	2,2,2,3,2,2,3,3,1,2,3
       00:0226: 02 02 03 03 
       00:022A: 01 02 03 
   378                        ;	0	(zp,x)
   379                        ;	1	zp
   380                        ;	2	#
   381                        ;	3	abs
   382                        ;	4	(zp),y
   383                        ;	5	zp,x
   384                        ;	6	abs,y
   385                        ;	7	abs,x
   386                        ;	8	impl
   387                        ;	9	rel
   388                        ;	10	(.)
   389                        
   390 00:022D: 42 52 4B     OPTEXT00:	.BYTE	"BRK"
   391 00:0230: 42 50 4C     		.BYTE	"BPL"
   392 00:0233: 4A 53 52     		.BYTE	"JSR"
   393 00:0236: 42 4D 49     		.BYTE	"BMI"
   394 00:0239: 52 54 49     		.BYTE	"RTI"
   395 00:023C: 42 56 43     		.BYTE	"BVC"
   396 00:023F: 52 54 53     		.BYTE	"RTS"
   397 00:0242: 42 56 53     		.BYTE	"BVS"
   398 00:0245: 3F 3F 3F     		.BYTE	"???"
  Thu Sep 17 2026 18:02                                                                                                    Page 8


   399 00:0248: 42 43 43     		.BYTE	"BCC"
   400 00:024B: 4C 44 59     		.BYTE	"LDY"
   401 00:024E: 42 43 53     		.BYTE	"BCS"
   402 00:0251: 43 50 59     		.BYTE	"CPY"
   403 00:0254: 42 4E 45     		.BYTE	"BNE"
   404 00:0257: 43 50 58     		.BYTE	"CPX"
   405 00:025A: 42 45 51     		.BYTE	"BEQ"
   406                        
   407                        OPTEXT08:
   408 00:025D: 50 48 50     		.BYTE	"PHP"
   409 00:0260: 43 4C 43     		.BYTE	"CLC"
   410 00:0263: 50 4C 50     		.BYTE	"PLP"
   411 00:0266: 53 45 43     		.BYTE	"SEC"
   412 00:0269: 50 48 41     		.BYTE	"PHA"
   413 00:026C: 43 4C 49     		.BYTE	"CLI"
   414 00:026F: 50 4C 41     		.BYTE	"PLA"
   415 00:0272: 53 45 49     		.BYTE	"SEI"
   416 00:0275: 44 45 59     		.BYTE	"DEY"
   417 00:0278: 54 59 41     		.BYTE	"TYA"
   418 00:027B: 54 41 59     		.BYTE	"TAY"
   419 00:027E: 43 4C 56     		.BYTE	"CLV"
   420 00:0281: 49 4E 59     		.BYTE	"INY"
   421 00:0284: 43 4C 44     		.BYTE	"CLD"
   422 00:0287: 49 4E 58     		.BYTE	"INX"
   423 00:028A: 53 45 44     		.BYTE	"SED"
   424                        
   425                        OPTEXT0A:
   426 00:028D: 41 53 4C     		.BYTE	"ASL"
   427 00:0290: 3F 3F 3F     		.BYTE	"???"
   428 00:0293: 52 4F 4C     		.BYTE	"ROL"
   429 00:0296: 3F 3F 3F     		.BYTE	"???"
   430 00:0299: 4C 53 52     		.BYTE	"LSR"
   431 00:029C: 3F 3F 3F     		.BYTE	"???"
   432 00:029F: 52 4F 52     		.BYTE	"ROR"
   433 00:02A2: 3F 3F 3F     		.BYTE	"???"
   434 00:02A5: 54 58 41     		.BYTE	"TXA"
   435 00:02A8: 54 58 53     		.BYTE	"TXS"
   436 00:02AB: 54 41 58     		.BYTE	"TAX"
   437 00:02AE: 54 53 58     		.BYTE	"TSX"
   438 00:02B1: 44 45 58     		.BYTE	"DEX"
   439 00:02B4: 3F 3F 3F     		.BYTE	"???"
   440 00:02B7: 4E 4F 50     		.BYTE	"NOP"
   441 00:02BA: 3F 3F 3F     		.BYTE	"???"
   442                        	
   443                        OPTEXT1:
   444 00:02BD: 3F 3F 3F     		.BYTE	"???"
   445 00:02C0: 4F 52 41     		.BYTE	"ORA"
   446 00:02C3: 41 53 4C     		.BYTE	"ASL"
   447 00:02C6: 42 49 54     		.BYTE	"BIT"
   448 00:02C9: 41 4E 44     		.BYTE	"AND"
   449 00:02CC: 52 4F 4C     		.BYTE	"ROL"
   450                        OPTEXTJMP:
   451 00:02CF: 4A 4D 50     		.BYTE	"JMP"
   452 00:02D2: 45 4F 52     		.BYTE	"EOR"
   453 00:02D5: 4C 53 52     		.BYTE	"LSR"
   454 00:02D8: 41 44 43     		.BYTE	"ADC"
   455 00:02DB: 52 4F 52     		.BYTE	"ROR"
   456 00:02DE: 53 54 59     		.BYTE	"STY"
  Thu Sep 17 2026 18:02                                                                                                    Page 9


   457 00:02E1: 53 54 41     		.BYTE	"STA"
   458 00:02E4: 53 54 58     		.BYTE	"STX"
   459 00:02E7: 4C 44 59     		.BYTE	"LDY"
   460 00:02EA: 4C 44 41     		.BYTE	"LDA"
   461                        OPTEXTLDX:
   462 00:02ED: 4C 44 58     		.BYTE	"LDX"
   463 00:02F0: 43 50 59     		.BYTE	"CPY"
   464 00:02F3: 43 4D 50     		.BYTE	"CMP"
   465 00:02F6: 44 45 43     		.BYTE	"DEC"
   466 00:02F9: 43 50 58     		.BYTE	"CPX"
   467 00:02FC: 53 42 43     		.BYTE	"SBC"
   468 00:02FF: 49 4E 43     		.BYTE	"INC"
   469                        	
   470 00:0302: 00           opcode	.byte 0
   471 00:0303: 00           opoffset	.byte 0
   472 00:0304: 00           oplen	.byte 0
   473 00:0305: 00           opmode	.byte 0
   474 00:0306: 00           opnum	.byte 0
   475 00:0307: 00           disline	.byte 0
   476                        
   477                        jnewline:
   478 00:0308: 48           		pha
   479 00:0309: A9 0D        		lda #13
   480 00:030B: 8F F0 FF FF  		sta >debug_char
   481 00:030F: A9 0A        		lda #10
   482                        jnewline1
   483 00:0311: 8F F0 FF FF  		sta >debug_char
   484 00:0315: 68           		pla
   485 00:0316: 60           		rts
   486                        
   487 00:0317: 48           jspace	pha
   488 00:0318: A9 20        		lda #32
   489 00:031A: D0 F5        		bne jnewline1
   490                        		
   491 00:031C: 8F F0 FF FF  jchrout	sta >debug_char
   492 00:0320: 60           		rts
   493                        
   494                        jprinthex
   495 00:0321: 8F F1 FF FF  		sta >debug_hex
   496 00:0325: 60           		rts
   497                        
   498                        jgetupper
   499 00:0326: AF F0 FF FF  		lda >debug_char
   500 00:032A: C9 61        		cmp #'a'
   501 00:032C: 90 06        		bcc jupperex
   502 00:032E: C9 7B        		cmp #'z'+1
   503 00:0330: B0 02        		bcs jupperex
   504 00:0332: E9 1F        		sbc #31
   505                        jupperex
   506 00:0334: 60           		rts
   507                        		
   508                        	ends
   509                        	efunc
   510                        	endmod


      Lines assembled: 510
      Errors: 0
  Thu Sep 17 2026 18:02                                                                                                    Page 10


