Release 14.7 - xst P.20131013 (nt64)
Copyright (c) 1995-2013 Xilinx, Inc.  All rights reserved.
--> Parameter TMPDIR set to xst/projnav.tmp


Total REAL time to Xst completion: 0.00 secs
Total CPU time to Xst completion: 0.11 secs
 
--> Parameter xsthdpdir set to xst


Total REAL time to Xst completion: 0.00 secs
Total CPU time to Xst completion: 0.11 secs
 
--> Reading design: cpumodule.prj

TABLE OF CONTENTS
  1) Synthesis Options Summary
  2) HDL Compilation
  3) Design Hierarchy Analysis
  4) HDL Analysis
  5) HDL Synthesis
     5.1) HDL Synthesis Report
  6) Advanced HDL Synthesis
     6.1) Advanced HDL Synthesis Report
  7) Low Level Synthesis
  8) Partition Report
  9) Final Report

=========================================================================
*                      Synthesis Options Summary                        *
=========================================================================
---- Source Parameters
Input File Name                    : "cpumodule.prj"
Input Format                       : mixed
Ignore Synthesis Constraint File   : NO

---- Target Parameters
Output File Name                   : "cpumodule"
Output Format                      : NGC
Target Device                      : XC9500 CPLDs

---- Source Options
Top Module Name                    : cpumodule
Automatic FSM Extraction           : YES
FSM Encoding Algorithm             : Auto
Safe Implementation                : No
Mux Extraction                     : Yes
Resource Sharing                   : YES

---- Target Options
Add IO Buffers                     : YES
MACRO Preserve                     : YES
XOR Preserve                       : YES
Equivalent register Removal        : YES

---- General Options
Optimization Goal                  : Speed
Optimization Effort                : 1
Keep Hierarchy                     : Yes
Netlist Hierarchy                  : As_Optimized
RTL Output                         : Yes
Hierarchy Separator                : /
Bus Delimiter                      : <>
Case Specifier                     : Maintain
Verilog 2001                       : YES

---- Other Options
wysiwyg                            : NO

=========================================================================


=========================================================================
*                          HDL Compilation                              *
=========================================================================
Compiling vhdl file "C:/github/RS65816/cpld/cpumodule.vhd" in Library work.
Architecture behavioral of Entity cpumodule is up to date.

=========================================================================
*                     Design Hierarchy Analysis                         *
=========================================================================
Analyzing hierarchy for entity <cpumodule> in library <work> (architecture <behavioral>).


=========================================================================
*                            HDL Analysis                               *
=========================================================================
Analyzing Entity <cpumodule> in library <work> (Architecture <behavioral>).
Entity <cpumodule> analyzed. Unit <cpumodule> generated.


=========================================================================
*                           HDL Synthesis                               *
=========================================================================

Performing bidirectional port resolution...

Synthesizing Unit <cpumodule>.
    Related source file is "C:/github/RS65816/cpld/cpumodule.vhd".
WARNING:Xst:647 - Input <vda> is never used. This port will be preserved and left unconnected if it belongs to a top-level block or it belongs to a sub-block and the hierarchy of this sub-block is preserved.
WARNING:Xst:647 - Input <vpa> is never used. This port will be preserved and left unconnected if it belongs to a top-level block or it belongs to a sub-block and the hierarchy of this sub-block is preserved.
    Found 1-bit register for signal <ras>.
    Found 1-bit register for signal <cas0>.
    Found 1-bit register for signal <cas1>.
    Found 1-bit register for signal <cas2>.
    Found 1-bit register for signal <cas3>.
    Found 1-bit register for signal <io0>.
    Found 1-bit register for signal <io1>.
    Found 1-bit register for signal <io2>.
    Found 1-bit register for signal <io3>.
    Found 1-bit register for signal <io4>.
    Found 1-bit register for signal <io5>.
    Found 1-bit register for signal <io6>.
    Found 1-bit register for signal <io7>.
    Found 1-bit register for signal <rom>.
    Found 1-bit register for signal <phi0>.
    Found 1-bit register for signal <phi1>.
    Found 3-bit up counter for signal <counter>.
    Found 3-bit register for signal <iocnt>.
    Found 3-bit adder for signal <iocnt$addsub0000> created at line 180.
    Found 8-bit down counter for signal <refcnt>.
    Summary:
	inferred   2 Counter(s).
	inferred  16 D-type flip-flop(s).
	inferred   1 Adder/Subtractor(s).
Unit <cpumodule> synthesized.


=========================================================================
HDL Synthesis Report

Macro Statistics
# Adders/Subtractors                                   : 1
 3-bit adder                                           : 1
# Counters                                             : 2
 3-bit up counter                                      : 1
 8-bit down counter                                    : 1
# Registers                                            : 17
 1-bit register                                        : 16
 3-bit register                                        : 1

=========================================================================

=========================================================================
*                       Advanced HDL Synthesis                          *
=========================================================================


=========================================================================
Advanced HDL Synthesis Report

Macro Statistics
# Adders/Subtractors                                   : 1
 3-bit adder                                           : 1
# Counters                                             : 2
 3-bit up counter                                      : 1
 8-bit down counter                                    : 1
# Registers                                            : 16
 Flip-Flops                                            : 16

=========================================================================

=========================================================================
*                         Low Level Synthesis                           *
=========================================================================

Optimizing unit <cpumodule> ...
  implementation constraint: INIT=r	 : refcnt_4
  implementation constraint: INIT=s	 : refcnt_7
  implementation constraint: INIT=r	 : refcnt_0
  implementation constraint: INIT=r	 : refcnt_3
  implementation constraint: INIT=s	 : io5
  implementation constraint: INIT=s	 : phi0
  implementation constraint: INIT=s	 : io6
  implementation constraint: INIT=s	 : refcnt_2
  implementation constraint: INIT=r	 : refcnt_6
  implementation constraint: INIT=r	 : iocnt_2
  implementation constraint: INIT=r	 : refcnt_5
  implementation constraint: INIT=r	 : refcnt_1
  implementation constraint: INIT=r	 : counter_2
  implementation constraint: INIT=r	 : iocnt_1
  implementation constraint: INIT=r	 : counter_0
  implementation constraint: INIT=r	 : phi1
  implementation constraint: INIT=r	 : counter_1
  implementation constraint: INIT=s	 : io7
  implementation constraint: INIT=r	 : iocnt_0
  implementation constraint: INIT=s	 : rom
  implementation constraint: INIT=s	 : io0
  implementation constraint: INIT=s	 : ras
  implementation constraint: INIT=s	 : io1
  implementation constraint: INIT=s	 : cas0
  implementation constraint: INIT=s	 : io2
  implementation constraint: INIT=s	 : cas1
  implementation constraint: INIT=s	 : io3
  implementation constraint: INIT=s	 : cas2
  implementation constraint: INIT=s	 : io4
  implementation constraint: INIT=s	 : cas3

=========================================================================
*                           Partition Report                            *
=========================================================================

Partition Implementation Status
-------------------------------

  No Partitions were found in this design.

-------------------------------

=========================================================================
*                            Final Report                               *
=========================================================================
Final Results
RTL Top Level Output File Name     : cpumodule.ngr
Top Level Output File Name         : cpumodule
Output Format                      : NGC
Optimization Goal                  : Speed
Keep Hierarchy                     : Yes
Target Technology                  : XC9500 CPLDs
Macro Preserve                     : YES
XOR Preserve                       : YES
wysiwyg                            : NO

Design Statistics
# IOs                              : 34

Cell Usage :
# BELS                             : 391
#      AND2                        : 108
#      AND3                        : 11
#      AND4                        : 7
#      AND5                        : 1
#      AND8                        : 7
#      INV                         : 175
#      OR2                         : 55
#      OR3                         : 3
#      OR4                         : 12
#      XOR2                        : 12
# FlipFlops/Latches                : 30
#      FD                          : 30
# IO Buffers                       : 32
#      IBUF                        : 16
#      OBUF                        : 16
=========================================================================


Total REAL time to Xst completion: 2.00 secs
Total CPU time to Xst completion: 2.42 secs
 
--> 

Total memory usage is 4482056 kilobytes

Number of errors   :    0 (   0 filtered)
Number of warnings :    2 (   0 filtered)
Number of infos    :    0 (   0 filtered)

